<html>
<body>
<pre>
<h1>µVision Build Log</h1>
<h2>Tool Versions:</h2>
IDE-Version: µVision V5.31.0.0
Copyright (C) 2020 ARM Ltd and ARM Germany GmbH. All rights reserved.
License Information: Asd das, eqw, LIC=14HV2-9YDMK-DY2V3-AALXA-0TQ5S-2A3Y3
 
Tool Versions:
Toolchain:       MDK-ARM Plus  Version: 5.31.0.0
Toolchain Path:  C:\Keil_v5\ARM\ARMCC\Bin
C Compiler:      Armcc.exe V5.06 update 6 (build 750)
Assembler:       Armasm.exe V5.06 update 6 (build 750)
Linker/Locator:  ArmLink.exe V5.06 update 6 (build 750)
Library Manager: ArmAr.exe V5.06 update 6 (build 750)
Hex Converter:   FromElf.exe V5.06 update 6 (build 750)
CPU DLL:         SARMCM3.DLL V5.31.0.0
Dialog DLL:      DCM.DLL V1.17.3.0
Target DLL:      STLink\ST-LINKIII-KEIL_SWO.dll V3.0.7.0
Dialog DLL:      TCM.DLL V1.46.0.0
 
<h2>Project:</h2>
C:\Users\NVDUNG\OneDrive\Desktop\STM32_32b13012\STM32_32b1\STM32_32b1\STM32_1014\GPS.uvprojx
Project File Date:  12/22/2022

<h2>Output:</h2>
*** Using Compiler 'V5.06 update 6 (build 750)', folder: 'C:\Keil_v5\ARM\ARMCC\Bin'
Build target 'GPS'
compiling debug.c...
.\inc\SPIFFS.h(36): warning:  #1295-D: Deprecated declaration Init - give arg types
  File_structure Init();//const char* filename);
.\inc\SPIFFS.h(42): warning:  #1295-D: Deprecated declaration Listfile - give arg types
  void Listfile();
.\inc\SPIFFS.h(53): warning:  #1-D: last line of file ends without a newline
  #endif
src\debug.c(214): warning:  #940-D: missing return statement at end of non-void function "Config_Process" 
  }
src\debug.c(66): warning:  #177-D: variable "D"  was declared but never referenced
  	char Address[10],buf[2048],D[5],NoP[14],Number[1],IP[10],send[50];						//	Nop : Number of Photo (1,2,3)
src\debug.c(66): warning:  #177-D: variable "send"  was declared but never referenced
  	char Address[10],buf[2048],D[5],NoP[14],Number[1],IP[10],send[50];						//	Nop : Number of Photo (1,2,3)
src\debug.c(67): warning:  #177-D: variable "xSec"  was declared but never referenced
  	int xSec,xMin,xHour,xDay,i=0,j=0,Count=0;
src\debug.c(67): warning:  #177-D: variable "xMin"  was declared but never referenced
  	int xSec,xMin,xHour,xDay,i=0,j=0,Count=0;
src\debug.c(67): warning:  #177-D: variable "xHour"  was declared but never referenced
  	int xSec,xMin,xHour,xDay,i=0,j=0,Count=0;
src\debug.c(67): warning:  #177-D: variable "xDay"  was declared but never referenced
  	int xSec,xMin,xHour,xDay,i=0,j=0,Count=0;
src\debug.c(67): warning:  #550-D: variable "Count"  was set but never used
  	int xSec,xMin,xHour,xDay,i=0,j=0,Count=0;
src\debug.c(69): warning:  #177-D: variable "c"  was declared but never referenced
  	uint16_t c,xData[2];
src\debug.c(69): warning:  #177-D: variable "xData"  was declared but never referenced
  	uint16_t c,xData[2];
src\debug.c: 13 warnings, 0 errors
compiling SPIFFS.c...
.\inc\SPIFFS.h(36): warning:  #1295-D: Deprecated declaration Init - give arg types
  File_structure Init();//const char* filename);
.\inc\SPIFFS.h(42): warning:  #1295-D: Deprecated declaration Listfile - give arg types
  void Listfile();
.\inc\SPIFFS.h(53): warning:  #1-D: last line of file ends without a newline
  #endif
src\SPIFFS.c(32): warning:  #1134-D: literal treated as "long long"
  	uint32_t hash= 2166136261;
src\SPIFFS.c(129): warning:  #177-D: variable "index"  was declared but never referenced
  	uint16_t index,i,k,t,Data16[2];
src\SPIFFS.c(129): warning:  #177-D: variable "Data16"  was declared but never referenced
  	uint16_t index,i,k,t,Data16[2];
src\SPIFFS.c(130): warning:  #177-D: variable "stradd"  was declared but never referenced
  	uint32_t stradd,Address;
src\SPIFFS.c(130): warning:  #177-D: variable "Address"  was declared but never referenced
  	uint32_t stradd,Address;
src\SPIFFS.c(237): warning:  #177-D: variable "Count"  was declared but never referenced
  	uint8_t Data8[8],Count=0;
src\SPIFFS.c(301): warning:  #177-D: variable "count"  was declared but never referenced
  	uint8_t		Data8[8],count;
src\SPIFFS.c(355): warning:  #177-D: variable "Data8"  was declared but never referenced
  	uint8_t y,xfilename[MAXFILE+4],Data8[7],Copy,t=0;
src\SPIFFS.c(356): warning:  #177-D: variable "Number"  was declared but never referenced
  	uint16_t i,Number,Data16[2];
src\SPIFFS.c(464): warning:  #1-D: last line of file ends without a newline
  }
src\SPIFFS.c: 13 warnings, 0 errors
linking...
Program Size: Code=46596 RO-data=2488 RW-data=56 ZI-data=42136  
FromELF: creating hex file...
After Build - User command #1: C:\Keil_v5\ARM\ARMCC\bin\fromelf.exe --bin Objects\GRCGPSV6N.axf --output GRCGPSV6N.bin
".\Objects\GRCGPSV6N.axf" - 0 Error(s), 26 Warning(s).

<h2>Software Packages used:</h2>

Package Vendor: ARM
                http://www.keil.com/pack/ARM.CMSIS.4.5.0.pack
                ARM.CMSIS.4.5.0
                CMSIS (Cortex Microcontroller Software Interface Standard)
   * Component: CORE Version: 4.3.0

Package Vendor: Keil
                http://www.keil.com/pack/Keil.STM32F2xx_DFP.1.0.7.pack
                Keil.STM32F2xx_DFP.1.0.7
                STMicroelectronics STM32F2 Series Device Support, Drivers and Examples
   * Component: Startup Version: 1.0.0
   * Component: ADC Version: 1.1.0
   * Component: EXTI Version: 1.1.0
   * Component: Flash Version: 1.1.0
   * Component: Framework Version: 1.1.1
   * Component: GPIO Version: 1.1.0
   * Component: IWDG Version: 1.1.0
   * Component: PWR Version: 1.1.0
   * Component: RCC Version: 1.1.0
   * Component: RTC Version: 1.1.0
   * Component: SPI Version: 1.1.0
   * Component: SYSCFG Version: 1.1.0
   * Component: TIM Version: 1.1.0
   * Component: USART Version: 1.1.0

<h2>Collection of Component include folders:</h2>
  .\RTE\Device\STM32F205VE
  .\RTE\_GPS
  C:\Users\NVDUNG\AppData\Local\Arm\Packs\ARM\CMSIS\4.5.0\CMSIS\Include
  C:\Users\NVDUNG\AppData\Local\Arm\Packs\Keil\STM32F2xx_DFP\1.0.7\Device\Include
  C:\Users\NVDUNG\AppData\Local\Arm\Packs\Keil\STM32F2xx_DFP\1.0.7\Device\StdPeriph_Driver\inc

<h2>Collection of Component Files used:</h2>

   * Component: ARM::CMSIS:CORE:4.3.0

   * Component: Keil::Device:Startup:1.0.0
      Source file:   Device\Source\system_stm32f2xx.c
      Include file:  Device\Include\stm32f2xx.h
      Source file:   Device\Source\ARM\startup_stm32f2xx.s
      Source file:   Device\Source\ARM\STM32F2xx_OTP.s
      Include file:  RTE_Driver\Config\RTE_Device.h
      Source file:   Device\Source\ARM\STM32F2xx_OPT.s

   * Component: Keil::Device:StdPeriph Drivers:ADC:1.1.0
      Include file:  Device\StdPeriph_Driver\inc\stm32f2xx_adc.h
      Source file:   Device\StdPeriph_Driver\src\stm32f2xx_adc.c

   * Component: Keil::Device:StdPeriph Drivers:EXTI:1.1.0
      Include file:  Device\StdPeriph_Driver\inc\stm32f2xx_exti.h
      Source file:   Device\StdPeriph_Driver\src\stm32f2xx_exti.c

   * Component: Keil::Device:StdPeriph Drivers:Flash:1.1.0
      Source file:   Device\StdPeriph_Driver\src\stm32f2xx_flash.c
      Include file:  Device\StdPeriph_Driver\inc\stm32f2xx_flash.h

   * Component: Keil::Device:StdPeriph Drivers:Framework:1.1.1
      Source file:   Device\StdPeriph_Driver\templates\stm32f2xx_conf.h
      Source file:   Device\StdPeriph_Driver\src\misc.c
      Source file:   Device\StdPeriph_Driver\templates\stm32f2xx_it.c

   * Component: Keil::Device:StdPeriph Drivers:GPIO:1.1.0
      Include file:  Device\StdPeriph_Driver\inc\stm32f2xx_gpio.h
      Source file:   Device\StdPeriph_Driver\src\stm32f2xx_gpio.c

   * Component: Keil::Device:StdPeriph Drivers:IWDG:1.1.0
      Include file:  Device\StdPeriph_Driver\inc\stm32f2xx_iwdg.h
      Source file:   Device\StdPeriph_Driver\src\stm32f2xx_iwdg.c

   * Component: Keil::Device:StdPeriph Drivers:PWR:1.1.0
      Source file:   Device\StdPeriph_Driver\src\stm32f2xx_pwr.c
      Include file:  Device\StdPeriph_Driver\inc\stm32f2xx_pwr.h

   * Component: Keil::Device:StdPeriph Drivers:RCC:1.1.0
      Source file:   Device\StdPeriph_Driver\src\stm32f2xx_rcc.c
      Include file:  Device\StdPeriph_Driver\inc\stm32f2xx_rcc.h

   * Component: Keil::Device:StdPeriph Drivers:RTC:1.1.0
      Source file:   Device\StdPeriph_Driver\src\stm32f2xx_rtc.c
      Include file:  Device\StdPeriph_Driver\inc\stm32f2xx_rtc.h

   * Component: Keil::Device:StdPeriph Drivers:SPI:1.1.0
      Source file:   Device\StdPeriph_Driver\src\stm32f2xx_spi.c
      Include file:  Device\StdPeriph_Driver\inc\stm32f2xx_spi.h

   * Component: Keil::Device:StdPeriph Drivers:SYSCFG:1.1.0
      Include file:  Device\StdPeriph_Driver\inc\stm32f2xx_syscfg.h
      Source file:   Device\StdPeriph_Driver\src\stm32f2xx_syscfg.c

   * Component: Keil::Device:StdPeriph Drivers:TIM:1.1.0
      Source file:   Device\StdPeriph_Driver\src\stm32f2xx_tim.c
      Include file:  Device\StdPeriph_Driver\inc\stm32f2xx_tim.h

   * Component: Keil::Device:StdPeriph Drivers:USART:1.1.0
      Source file:   Device\StdPeriph_Driver\src\stm32f2xx_usart.c
      Include file:  Device\StdPeriph_Driver\inc\stm32f2xx_usart.h
Build Time Elapsed:  00:00:01
</pre>
</body>
</html>
