Component: ARM Compiler 5.06 update 6 (build 750) Tool: armlink [4d35ed]

==============================================================================

Section Cross References

    main.o(.text) refers to stm32f2xx_tim.o(.text) for TIM_SetCounter
    main.o(.text) refers to stm32f2xx_iwdg.o(.text) for IWDG_ReloadCounter
    main.o(.text) refers to gps_process.o(.text) for GPS_Process
    main.o(.text) refers to gsm_gprs.o(.text) for MC60_Process_100ms
    main.o(.text) refers to uart.o(.text) for Ring_Buffer_Read
    main.o(.text) refers to initsystem.o(.text) for System_KhoiTaoCacBien
    main.o(.text) refers to flash.o(.text) for FLASH_Writepage
    main.o(.text) refers to system_stm32f2xx.o(.text) for SystemInit
    main.o(.text) refers to misc.o(.text) for NVIC_SetVectorTable
    main.o(.text) refers to mc60_gsm.o(.text) for MC60_GSM_Init
    main.o(.text) refers to camera.o(.text) for UART4_Init
    main.o(.text) refers to rtc.o(.text) for RTC_Init1
    main.o(.text) refers to tim.o(.text) for TIM2_Init
    main.o(.text) refers to led.o(.text) for LED_Init
    main.o(.text) refers to debug.o(.text) for Config_Process
    main.o(.text) refers to rt_memclr.o(.text) for __aeabi_memclr
    main.o(.text) refers to rt_memclr_w.o(.text) for __aeabi_memclr4
    main.o(.text) refers to gsm_process.o(.text) for MC60_ProcessDataGSMReceive
    main.o(.text) refers to structure_data.o(.bss) for xSystem
    main.o(.text) refers to system_stm32f2xx.o(.data) for SystemCoreClock
    initsystem.o(.text) refers to main.o(.text) for Buffer_Init
    initsystem.o(.text) refers to noretval__2sprintf.o(.text) for __2sprintf
    initsystem.o(.text) refers to structure_data.o(.bss) for xSystem
    interrup.o(.text) refers to stm32f2xx_usart.o(.text) for USART_GetITStatus
    interrup.o(.text) refers to uart.o(.text) for Ring_Buffer_Write
    interrup.o(.text) refers to stm32f2xx_tim.o(.text) for TIM_GetITStatus
    interrup.o(.text) refers to stm32f2xx_rtc.o(.text) for RTC_GetITStatus
    interrup.o(.text) refers to structure_data.o(.bss) for UART1_Data
    flash.o(.text) refers to stm32f2xx_spi.o(.text) for SPI_I2S_GetFlagStatus
    flash.o(.text) refers to stm32f2xx_gpio.o(.text) for GPIO_ResetBits
    flash.o(.text) refers to stm32f2xx_rcc.o(.text) for RCC_APB2PeriphClockCmd
    flash.o(.text) refers to main.o(.text) for delay_ms
    flash.o(.text) refers to uart.o(.text) for Sendstring
    flash.o(.text) refers to structure_data.o(.bss) for Camera
    tim.o(.text) refers to stm32f2xx_rcc.o(.text) for RCC_APB1PeriphClockCmd
    tim.o(.text) refers to misc.o(.text) for NVIC_Init
    tim.o(.text) refers to stm32f2xx_tim.o(.text) for TIM_TimeBaseInit
    uart.o(.text) refers to _printf_percent.o(.ARM.Collect$$_printf_percent$$00000000) for _printf_percent
    uart.o(.text) refers to _printf_d.o(.ARM.Collect$$_printf_percent$$00000009) for _printf_d
    uart.o(.text) refers to _printf_dec.o(.text) for _printf_int_dec
    uart.o(.text) refers to stm32f2xx_usart.o(.text) for USART_DeInit
    uart.o(.text) refers to stm32f2xx_rcc.o(.text) for RCC_AHB1PeriphClockCmd
    uart.o(.text) refers to stm32f2xx_gpio.o(.text) for GPIO_PinAFConfig
    uart.o(.text) refers to misc.o(.text) for NVIC_PriorityGroupConfig
    uart.o(.text) refers to noretval__2sprintf.o(.text) for __2sprintf
    uart.o(.text) refers to structure_data.o(.bss) for Config
    rtc.o(.text) refers to _printf_percent.o(.ARM.Collect$$_printf_percent$$00000000) for _printf_percent
    rtc.o(.text) refers to _printf_d.o(.ARM.Collect$$_printf_percent$$00000009) for _printf_d
    rtc.o(.text) refers to _printf_dec.o(.text) for _printf_int_dec
    rtc.o(.text) refers to noretval__2sprintf.o(.text) for __2sprintf
    rtc.o(.text) refers to uart.o(.text) for Sendstring
    rtc.o(.text) refers to mktime.o(.text) for mktime
    rtc.o(.text) refers to misc.o(.text) for NVIC_PriorityGroupConfig
    rtc.o(.text) refers to stm32f2xx_rcc.o(.text) for RCC_APB1PeriphClockCmd
    rtc.o(.text) refers to stm32f2xx_pwr.o(.text) for PWR_BackupAccessCmd
    rtc.o(.text) refers to stm32f2xx_rtc.o(.text) for RTC_Init
    rtc.o(.text) refers to rtc.o(.bss) for RTC_InitStructure
    rtc.o(.text) refers to rtc.o(.data) for RTC_TimeStruct
    rtc.o(.text) refers to structure_data.o(.bss) for xSystem
    debug.o(.text) refers to _printf_percent.o(.ARM.Collect$$_printf_percent$$00000000) for _printf_percent
    debug.o(.text) refers to _printf_d.o(.ARM.Collect$$_printf_percent$$00000009) for _printf_d
    debug.o(.text) refers to _printf_f.o(.ARM.Collect$$_printf_percent$$00000003) for _printf_f
    debug.o(.text) refers to _printf_dec.o(.text) for _printf_int_dec
    debug.o(.text) refers to printf1.o(x$fpl$printf1) for _printf_fp_dec
    debug.o(.text) refers to _printf_pad.o(.text) for _printf_pre_padding
    debug.o(.text) refers to _printf_x.o(.ARM.Collect$$_printf_percent$$0000000C) for _printf_x
    debug.o(.text) refers to _printf_hex_int.o(.text) for _printf_longlong_hex
[...]
    MC60_PWROn                               0x08003f9f   Thumb Code    74  mc60_gsm.o(.text)
    MC60_SoftwareInit                        0x08003fe9   Thumb Code    34  mc60_gsm.o(.text)
    MC60_IOInit                              0x0800400b   Thumb Code    82  mc60_gsm.o(.text)
    MC60_HardwareInit                        0x0800405d   Thumb Code   224  mc60_gsm.o(.text)
    MC60_GSM_Init                            0x0800413d   Thumb Code    20  mc60_gsm.o(.text)
    MC60_SendBytes                           0x08004151   Thumb Code    28  mc60_gsm.o(.text)
    SMS_Delete_15SMS                         0x0800416d   Thumb Code   194  mc60_gsm.o(.text)
    MC60_SMS_Init                            0x0800422f   Thumb Code     8  mc60_gsm.o(.text)
    MC60_GPRS_Init                           0x08004237   Thumb Code    32  mc60_gsm.o(.text)
    MC60_GPRSConfig                          0x08004257   Thumb Code   752  mc60_gsm.o(.text)
    MC60_GetIMEI                             0x08004547   Thumb Code   204  mc60_gsm.o(.text)
    MC60_GSMConfig                           0x08004613   Thumb Code  1002  mc60_gsm.o(.text)
    GSM_Init                                 0x080049fd   Thumb Code    44  mc60_gsm.o(.text)
    MC60_Resetstep                           0x08004a29   Thumb Code   112  mc60_gsm.o(.text)
    NVIC_PriorityGroupConfig                 0x08004b69   Thumb Code    10  misc.o(.text)
    NVIC_Init                                0x08004b73   Thumb Code   106  misc.o(.text)
    NVIC_SetVectorTable                      0x08004bdd   Thumb Code    14  misc.o(.text)
    NVIC_SystemLPConfig                      0x08004beb   Thumb Code    34  misc.o(.text)
    SysTick_CLKSourceConfig                  0x08004c0d   Thumb Code    40  misc.o(.text)
    GPIO_DeInit                              0x08004c49   Thumb Code   220  stm32f2xx_gpio.o(.text)
    GPIO_Init                                0x08004d25   Thumb Code   144  stm32f2xx_gpio.o(.text)
    GPIO_StructInit                          0x08004db5   Thumb Code    18  stm32f2xx_gpio.o(.text)
    GPIO_PinLockConfig                       0x08004dc7   Thumb Code    34  stm32f2xx_gpio.o(.text)
    GPIO_ReadInputDataBit                    0x08004de9   Thumb Code    18  stm32f2xx_gpio.o(.text)
    GPIO_ReadInputData                       0x08004dfb   Thumb Code     8  stm32f2xx_gpio.o(.text)
    GPIO_ReadOutputDataBit                   0x08004e03   Thumb Code    18  stm32f2xx_gpio.o(.text)
    GPIO_ReadOutputData                      0x08004e15   Thumb Code     8  stm32f2xx_gpio.o(.text)
    GPIO_SetBits                             0x08004e1d   Thumb Code     4  stm32f2xx_gpio.o(.text)
    GPIO_ResetBits                           0x08004e21   Thumb Code     4  stm32f2xx_gpio.o(.text)
    GPIO_WriteBit                            0x08004e25   Thumb Code    10  stm32f2xx_gpio.o(.text)
    GPIO_Write                               0x08004e2f   Thumb Code     4  stm32f2xx_gpio.o(.text)
    GPIO_ToggleBits                          0x08004e33   Thumb Code     8  stm32f2xx_gpio.o(.text)
    GPIO_PinAFConfig                         0x08004e3b   Thumb Code    70  stm32f2xx_gpio.o(.text)
    IWDG_WriteAccessCmd                      0x08004ea5   Thumb Code     6  stm32f2xx_iwdg.o(.text)
    IWDG_SetPrescaler                        0x08004eab   Thumb Code     6  stm32f2xx_iwdg.o(.text)
    IWDG_SetReload                           0x08004eb1   Thumb Code     6  stm32f2xx_iwdg.o(.text)
    IWDG_ReloadCounter                       0x08004eb7   Thumb Code    10  stm32f2xx_iwdg.o(.text)
    IWDG_Enable                              0x08004ec1   Thumb Code    10  stm32f2xx_iwdg.o(.text)
    IWDG_GetFlagStatus                       0x08004ecb   Thumb Code    20  stm32f2xx_iwdg.o(.text)
    PWR_DeInit                               0x08004ee5   Thumb Code    22  stm32f2xx_pwr.o(.text)
    PWR_BackupAccessCmd                      0x08004efb   Thumb Code     6  stm32f2xx_pwr.o(.text)
    PWR_PVDLevelConfig                       0x08004f01   Thumb Code    18  stm32f2xx_pwr.o(.text)
    PWR_PVDCmd                               0x08004f13   Thumb Code     6  stm32f2xx_pwr.o(.text)
    PWR_WakeUpPinCmd                         0x08004f19   Thumb Code     8  stm32f2xx_pwr.o(.text)
    PWR_BackupRegulatorCmd                   0x08004f21   Thumb Code     8  stm32f2xx_pwr.o(.text)
    PWR_FlashPowerDownCmd                    0x08004f29   Thumb Code     6  stm32f2xx_pwr.o(.text)
    PWR_EnterSTOPMode                        0x08004f2f   Thumb Code    54  stm32f2xx_pwr.o(.text)
    PWR_EnterSTANDBYMode                     0x08004f65   Thumb Code    42  stm32f2xx_pwr.o(.text)
    PWR_GetFlagStatus                        0x08004f8f   Thumb Code    20  stm32f2xx_pwr.o(.text)
    PWR_ClearFlag                            0x08004fa3   Thumb Code    14  stm32f2xx_pwr.o(.text)
    RCC_DeInit                               0x08004fbd   Thumb Code    60  stm32f2xx_rcc.o(.text)
    RCC_HSEConfig                            0x08004ff9   Thumb Code    14  stm32f2xx_rcc.o(.text)
    RCC_GetFlagStatus                        0x08005007   Thumb Code    60  stm32f2xx_rcc.o(.text)
    RCC_WaitForHSEStartUp                    0x08005043   Thumb Code    56  stm32f2xx_rcc.o(.text)
    RCC_AdjustHSICalibrationValue            0x0800507b   Thumb Code    20  stm32f2xx_rcc.o(.text)
    RCC_HSICmd                               0x0800508f   Thumb Code     6  stm32f2xx_rcc.o(.text)
    RCC_LSEConfig                            0x08005095   Thumb Code    46  stm32f2xx_rcc.o(.text)
    RCC_LSICmd                               0x080050c3   Thumb Code     6  stm32f2xx_rcc.o(.text)
    RCC_PLLConfig                            0x080050c9   Thumb Code    32  stm32f2xx_rcc.o(.text)
    RCC_PLLCmd                               0x080050e9   Thumb Code     6  stm32f2xx_rcc.o(.text)
    RCC_PLLI2SConfig                         0x080050ef   Thumb Code    14  stm32f2xx_rcc.o(.text)
    RCC_PLLI2SCmd                            0x080050fd   Thumb Code     6  stm32f2xx_rcc.o(.text)
    RCC_ClockSecuritySystemCmd               0x08005103   Thumb Code     6  stm32f2xx_rcc.o(.text)
    RCC_MCO1Config                           0x08005109   Thumb Code    28  stm32f2xx_rcc.o(.text)
    RCC_MCO2Config                           0x08005125   Thumb Code    28  stm32f2xx_rcc.o(.text)
    RCC_SYSCLKConfig                         0x08005141   Thumb Code    20  stm32f2xx_rcc.o(.text)
    RCC_GetSYSCLKSource                      0x08005155   Thumb Code    12  stm32f2xx_rcc.o(.text)
    RCC_HCLKConfig                           0x08005161   Thumb Code    20  stm32f2xx_rcc.o(.text)
    RCC_PCLK1Config                          0x08005175   Thumb Code    20  stm32f2xx_rcc.o(.text)
    RCC_PCLK2Config                          0x08005189   Thumb Code    22  stm32f2xx_rcc.o(.text)
    RCC_GetClocksFreq                        0x0800519f   Thumb Code   222  stm32f2xx_rcc.o(.text)
    RCC_RTCCLKConfig                         0x0800527d   Thumb Code    54  stm32f2xx_rcc.o(.text)
    RCC_RTCCLKCmd                            0x080052b3   Thumb Code     8  stm32f2xx_rcc.o(.text)
    RCC_BackupResetCmd                       0x080052bb   Thumb Code     8  stm32f2xx_rcc.o(.text)
    RCC_I2SCLKConfig                         0x080052c3   Thumb Code     6  stm32f2xx_rcc.o(.text)
    RCC_AHB1PeriphClockCmd                   0x080052c9   Thumb Code    34  stm32f2xx_rcc.o(.text)
    RCC_AHB2PeriphClockCmd                   0x080052eb   Thumb Code    34  stm32f2xx_rcc.o(.text)
    RCC_AHB3PeriphClockCmd                   0x0800530d   Thumb Code    34  stm32f2xx_rcc.o(.text)
    RCC_APB1PeriphClockCmd                   0x0800532f   Thumb Code    34  stm32f2xx_rcc.o(.text)
    RCC_APB2PeriphClockCmd                   0x08005351   Thumb Code    34  stm32f2xx_rcc.o(.text)
    RCC_AHB1PeriphResetCmd                   0x08005373   Thumb Code    34  stm32f2xx_rcc.o(.text)
    RCC_AHB2PeriphResetCmd                   0x08005395   Thumb Code    72  stm32f2xx_rcc.o(.text)
    RCC_AHB3PeriphResetCmd                   0x080053dd   Thumb Code    34  stm32f2xx_rcc.o(.text)
    RCC_APB1PeriphResetCmd                   0x080053ff   Thumb Code    34  stm32f2xx_rcc.o(.text)
    RCC_APB2PeriphResetCmd                   0x08005421   Thumb Code    34  stm32f2xx_rcc.o(.text)
    RCC_AHB1PeriphClockLPModeCmd             0x08005443   Thumb Code    34  stm32f2xx_rcc.o(.text)
    RCC_AHB2PeriphClockLPModeCmd             0x08005465   Thumb Code    34  stm32f2xx_rcc.o(.text)
    RCC_AHB3PeriphClockLPModeCmd             0x08005487   Thumb Code    34  stm32f2xx_rcc.o(.text)
    RCC_APB1PeriphClockLPModeCmd             0x080054a9   Thumb Code    34  stm32f2xx_rcc.o(.text)
    RCC_APB2PeriphClockLPModeCmd             0x080054cb   Thumb Code    34  stm32f2xx_rcc.o(.text)
    RCC_ITConfig                             0x080054ed   Thumb Code    34  stm32f2xx_rcc.o(.text)
    RCC_ClearFlag                            0x0800550f   Thumb Code    18  stm32f2xx_rcc.o(.text)
    RCC_GetITStatus                          0x08005521   Thumb Code    22  stm32f2xx_rcc.o(.text)
    RCC_ClearITPendingBit                    0x08005537   Thumb Code     8  stm32f2xx_rcc.o(.text)
    RTC_WaitForSynchro                       0x08005545   Thumb Code    92  stm32f2xx_rtc.o(.text)
    RTC_EnterInitMode                        0x080055a1   Thumb Code    84  stm32f2xx_rtc.o(.text)
    RTC_DeInit                               0x080055f5   Thumb Code   182  stm32f2xx_rtc.o(.text)
    RTC_ExitInitMode                         0x080056ab   Thumb Code    18  stm32f2xx_rtc.o(.text)
    RTC_Init                                 0x080056bd   Thumb Code    94  stm32f2xx_rtc.o(.text)
    RTC_StructInit                           0x0800571b   Thumb Code    14  stm32f2xx_rtc.o(.text)
    RTC_WriteProtectionCmd                   0x08005729   Thumb Code    22  stm32f2xx_rtc.o(.text)
    RTC_RefClockCmd                          0x0800573f   Thumb Code    76  stm32f2xx_rtc.o(.text)
    RTC_SetTime                              0x080057bd   Thumb Code   184  stm32f2xx_rtc.o(.text)
    RTC_TimeStructInit                       0x08005875   Thumb Code    12  stm32f2xx_rtc.o(.text)
    RTC_GetTime                              0x08005881   Thumb Code    74  stm32f2xx_rtc.o(.text)
    RTC_SetDate                              0x080058cb   Thumb Code   190  stm32f2xx_rtc.o(.text)
    RTC_DateStructInit                       0x08005989   Thumb Code    14  stm32f2xx_rtc.o(.text)
    RTC_GetDate                              0x08005997   Thumb Code    68  stm32f2xx_rtc.o(.text)
    RTC_SetAlarm                             0x080059db   Thumb Code   234  stm32f2xx_rtc.o(.text)
    RTC_AlarmStructInit                      0x08005ac5   Thumb Code    22  stm32f2xx_rtc.o(.text)
    RTC_GetAlarm                             0x08005adb   Thumb Code   114  stm32f2xx_rtc.o(.text)
    RTC_AlarmCmd                             0x08005b4d   Thumb Code   116  stm32f2xx_rtc.o(.text)
    RTC_WakeUpClockConfig                    0x08005bc1   Thumb Code    46  stm32f2xx_rtc.o(.text)
    RTC_SetWakeUpCounter                     0x08005bef   Thumb Code    24  stm32f2xx_rtc.o(.text)
    RTC_GetWakeUpCounter                     0x08005c07   Thumb Code    10  stm32f2xx_rtc.o(.text)
    RTC_WakeUpCmd                            0x08005c11   Thumb Code   120  stm32f2xx_rtc.o(.text)
    RTC_DayLightSavingConfig                 0x08005c89   Thumb Code    54  stm32f2xx_rtc.o(.text)
    RTC_GetStoreOperation                    0x08005cbf   Thumb Code    12  stm32f2xx_rtc.o(.text)
    RTC_OutputConfig                         0x08005ccb   Thumb Code    54  stm32f2xx_rtc.o(.text)
    RTC_CoarseCalibConfig                    0x08005d01   Thumb Code    56  stm32f2xx_rtc.o(.text)
    RTC_CoarseCalibCmd                       0x08005d39   Thumb Code    82  stm32f2xx_rtc.o(.text)
    RTC_CalibOutputCmd                       0x08005d8b   Thumb Code    50  stm32f2xx_rtc.o(.text)
    RTC_TimeStampCmd                         0x08005dbd   Thumb Code    52  stm32f2xx_rtc.o(.text)
    RTC_GetTimeStamp                         0x08005df1   Thumb Code   144  stm32f2xx_rtc.o(.text)
    RTC_TamperTriggerConfig                  0x08005e81   Thumb Code    38  stm32f2xx_rtc.o(.text)
    RTC_TamperCmd                            0x08005ea7   Thumb Code    34  stm32f2xx_rtc.o(.text)
    RTC_WriteBackupRegister                  0x08005ec9   Thumb Code    26  stm32f2xx_rtc.o(.text)
    RTC_ReadBackupRegister                   0x08005ee3   Thumb Code    28  stm32f2xx_rtc.o(.text)
    RTC_TamperPinSelection                   0x08005eff   Thumb Code    26  stm32f2xx_rtc.o(.text)
    RTC_TimeStampPinSelection                0x08005f19   Thumb Code    26  stm32f2xx_rtc.o(.text)
    RTC_OutputTypeConfig                     0x08005f33   Thumb Code    26  stm32f2xx_rtc.o(.text)
    RTC_ITConfig                             0x08005f4d   Thumb Code    90  stm32f2xx_rtc.o(.text)
    RTC_GetFlagStatus                        0x08005fa7   Thumb Code    36  stm32f2xx_rtc.o(.text)
    RTC_ClearFlag                            0x08005fcb   Thumb Code    28  stm32f2xx_rtc.o(.text)
    RTC_GetITStatus                          0x08005fe7   Thumb Code    58  stm32f2xx_rtc.o(.text)
    RTC_ClearITPendingBit                    0x08006021   Thumb Code    32  stm32f2xx_rtc.o(.text)
    SPI_I2S_DeInit                           0x0800604d   Thumb Code    76  stm32f2xx_spi.o(.text)
    SPI_Init                                 0x08006099   Thumb Code    60  stm32f2xx_spi.o(.text)
    I2S_Init                                 0x080060d5   Thumb Code   350  stm32f2xx_spi.o(.text)
    SPI_StructInit                           0x08006233   Thumb Code    24  stm32f2xx_spi.o(.text)
    I2S_StructInit                           0x0800624b   Thumb Code    20  stm32f2xx_spi.o(.text)
    SPI_Cmd                                  0x0800625f   Thumb Code    24  stm32f2xx_spi.o(.text)
    I2S_Cmd                                  0x08006277   Thumb Code    24  stm32f2xx_spi.o(.text)
    SPI_DataSizeConfig                       0x0800628f   Thumb Code    18  stm32f2xx_spi.o(.text)
    SPI_BiDirectionalLineConfig              0x080062a1   Thumb Code    28  stm32f2xx_spi.o(.text)
    SPI_NSSInternalSoftwareConfig            0x080062bd   Thumb Code    30  stm32f2xx_spi.o(.text)
    SPI_SSOutputCmd                          0x080062db   Thumb Code    24  stm32f2xx_spi.o(.text)
    SPI_TIModeCmd                            0x080062f3   Thumb Code    24  stm32f2xx_spi.o(.text)
    SPI_I2S_ReceiveData                      0x0800630b   Thumb Code     6  stm32f2xx_spi.o(.text)
    SPI_I2S_SendData                         0x08006311   Thumb Code     4  stm32f2xx_spi.o(.text)
    SPI_CalculateCRC                         0x08006315   Thumb Code    24  stm32f2xx_spi.o(.text)
    SPI_TransmitCRC                          0x0800632d   Thumb Code    10  stm32f2xx_spi.o(.text)
    SPI_GetCRC                               0x08006337   Thumb Code    16  stm32f2xx_spi.o(.text)
    SPI_GetCRCPolynomial                     0x08006347   Thumb Code     6  stm32f2xx_spi.o(.text)
    SPI_I2S_DMACmd                           0x0800634d   Thumb Code    18  stm32f2xx_spi.o(.text)
    SPI_I2S_ITConfig                         0x0800635f   Thumb Code    32  stm32f2xx_spi.o(.text)
    SPI_I2S_GetFlagStatus                    0x0800637f   Thumb Code    18  stm32f2xx_spi.o(.text)
    SPI_I2S_ClearFlag                        0x08006391   Thumb Code     6  stm32f2xx_spi.o(.text)
    SPI_I2S_GetITStatus                      0x08006397   Thumb Code    52  stm32f2xx_spi.o(.text)
    SPI_I2S_ClearITPendingBit                0x080063cb   Thumb Code    20  stm32f2xx_spi.o(.text)
    TIM_DeInit                               0x080063f5   Thumb Code   346  stm32f2xx_tim.o(.text)
    TIM_TimeBaseInit                         0x0800654f   Thumb Code   104  stm32f2xx_tim.o(.text)
    TIM_TimeBaseStructInit                   0x080065b7   Thumb Code    18  stm32f2xx_tim.o(.text)
    TIM_PrescalerConfig                      0x080065c9   Thumb Code     6  stm32f2xx_tim.o(.text)
    TIM_CounterModeConfig                    0x080065cf   Thumb Code    18  stm32f2xx_tim.o(.text)
    TIM_SetCounter                           0x080065e1   Thumb Code     4  stm32f2xx_tim.o(.text)
    TIM_SetAutoreload                        0x080065e5   Thumb Code     4  stm32f2xx_tim.o(.text)
    TIM_GetCounter                           0x080065e9   Thumb Code     6  stm32f2xx_tim.o(.text)
    TIM_GetPrescaler                         0x080065ef   Thumb Code     6  stm32f2xx_tim.o(.text)
    TIM_UpdateDisableConfig                  0x080065f5   Thumb Code    24  stm32f2xx_tim.o(.text)
    TIM_UpdateRequestConfig                  0x0800660d   Thumb Code    24  stm32f2xx_tim.o(.text)
    TIM_ARRPreloadConfig                     0x08006625   Thumb Code    24  stm32f2xx_tim.o(.text)
    TIM_SelectOnePulseMode                   0x0800663d   Thumb Code    18  stm32f2xx_tim.o(.text)
    TIM_SetClockDivision                     0x0800664f   Thumb Code    18  stm32f2xx_tim.o(.text)
    TIM_Cmd                                  0x08006661   Thumb Code    24  stm32f2xx_tim.o(.text)
    TIM_OC1Init                              0x08006679   Thumb Code   114  stm32f2xx_tim.o(.text)
    TIM_OC2Init                              0x080066eb   Thumb Code   154  stm32f2xx_tim.o(.text)
    TIM_OC3Init                              0x08006785   Thumb Code   204  stm32f2xx_tim.o(.text)
    TIM_OC4Init                              0x08006851   Thumb Code   112  stm32f2xx_tim.o(.text)
    TIM_OCStructInit                         0x080068c1   Thumb Code    20  stm32f2xx_tim.o(.text)
    TIM_SelectOCxM                           0x080068d5   Thumb Code    86  stm32f2xx_tim.o(.text)
    TIM_SetCompare1                          0x0800692b   Thumb Code     4  stm32f2xx_tim.o(.text)
    TIM_SetCompare2                          0x0800692f   Thumb Code     4  stm32f2xx_tim.o(.text)
    TIM_SetCompare3                          0x08006933   Thumb Code     4  stm32f2xx_tim.o(.text)
    TIM_SetCompare4                          0x08006937   Thumb Code     4  stm32f2xx_tim.o(.text)
    TIM_ForcedOC1Config                      0x0800693b   Thumb Code    18  stm32f2xx_tim.o(.text)
    TIM_ForcedOC2Config                      0x0800694d   Thumb Code    26  stm32f2xx_tim.o(.text)
    TIM_ForcedOC3Config                      0x08006967   Thumb Code    18  stm32f2xx_tim.o(.text)
    TIM_ForcedOC4Config                      0x08006979   Thumb Code    26  stm32f2xx_tim.o(.text)
    TIM_OC1PreloadConfig                     0x08006993   Thumb Code    18  stm32f2xx_tim.o(.text)
    TIM_OC2PreloadConfig                     0x080069a5   Thumb Code    26  stm32f2xx_tim.o(.text)
    TIM_OC3PreloadConfig                     0x080069bf   Thumb Code    18  stm32f2xx_tim.o(.text)
    TIM_OC4PreloadConfig                     0x080069d1   Thumb Code    26  stm32f2xx_tim.o(.text)
    TIM_OC1FastConfig                        0x080069eb   Thumb Code    18  stm32f2xx_tim.o(.text)
    TIM_OC2FastConfig                        0x080069fd   Thumb Code    26  stm32f2xx_tim.o(.text)
    TIM_OC3FastConfig                        0x08006a17   Thumb Code    18  stm32f2xx_tim.o(.text)
    TIM_OC4FastConfig                        0x08006a29   Thumb Code    26  stm32f2xx_tim.o(.text)
    TIM_ClearOC1Ref                          0x08006a43   Thumb Code    18  stm32f2xx_tim.o(.text)
    TIM_ClearOC2Ref                          0x08006a55   Thumb Code    24  stm32f2xx_tim.o(.text)
    TIM_ClearOC3Ref                          0x08006a6d   Thumb Code    18  stm32f2xx_tim.o(.text)
    TIM_ClearOC4Ref                          0x08006a7f   Thumb Code    24  stm32f2xx_tim.o(.text)
    TIM_OC1PolarityConfig                    0x08006a97   Thumb Code    18  stm32f2xx_tim.o(.text)
    TIM_OC1NPolarityConfig                   0x08006aa9   Thumb Code    18  stm32f2xx_tim.o(.text)
    TIM_OC2PolarityConfig                    0x08006abb   Thumb Code    26  stm32f2xx_tim.o(.text)
    TIM_OC2NPolarityConfig                   0x08006ad5   Thumb Code    26  stm32f2xx_tim.o(.text)
    TIM_OC3PolarityConfig                    0x08006aef   Thumb Code    26  stm32f2xx_tim.o(.text)
    TIM_OC3NPolarityConfig                   0x08006b09   Thumb Code    26  stm32f2xx_tim.o(.text)
    TIM_OC4PolarityConfig                    0x08006b23   Thumb Code    26  stm32f2xx_tim.o(.text)
    TIM_CCxCmd                               0x08006b3d   Thumb Code    30  stm32f2xx_tim.o(.text)
    TIM_CCxNCmd                              0x08006b5b   Thumb Code    30  stm32f2xx_tim.o(.text)
    TIM_SetIC4Prescaler                      0x08006b79   Thumb Code    26  stm32f2xx_tim.o(.text)
    TIM_SetIC3Prescaler                      0x08006be3   Thumb Code    18  stm32f2xx_tim.o(.text)
    TIM_SetIC2Prescaler                      0x08006c3d   Thumb Code    26  stm32f2xx_tim.o(.text)
    TIM_SetIC1Prescaler                      0x08006cb1   Thumb Code    18  stm32f2xx_tim.o(.text)
    TIM_ICInit                               0x08006cfd   Thumb Code   110  stm32f2xx_tim.o(.text)
    TIM_ICStructInit                         0x08006d6b   Thumb Code    18  stm32f2xx_tim.o(.text)
    TIM_PWMIConfig                           0x08006d7d   Thumb Code   124  stm32f2xx_tim.o(.text)
    TIM_GetCapture1                          0x08006df9   Thumb Code     6  stm32f2xx_tim.o(.text)
    TIM_GetCapture2                          0x08006dff   Thumb Code     6  stm32f2xx_tim.o(.text)
    TIM_GetCapture3                          0x08006e05   Thumb Code     6  stm32f2xx_tim.o(.text)
    TIM_GetCapture4                          0x08006e0b   Thumb Code     6  stm32f2xx_tim.o(.text)
    TIM_BDTRConfig                           0x08006e11   Thumb Code    32  stm32f2xx_tim.o(.text)
    TIM_BDTRStructInit                       0x08006e31   Thumb Code    18  stm32f2xx_tim.o(.text)
    TIM_CtrlPWMOutputs                       0x08006e43   Thumb Code    30  stm32f2xx_tim.o(.text)
    TIM_SelectCOM                            0x08006e61   Thumb Code    24  stm32f2xx_tim.o(.text)
    TIM_CCPreloadControl                     0x08006e79   Thumb Code    24  stm32f2xx_tim.o(.text)
    TIM_ITConfig                             0x08006e91   Thumb Code    18  stm32f2xx_tim.o(.text)
    TIM_GenerateEvent                        0x08006ea3   Thumb Code     4  stm32f2xx_tim.o(.text)
    TIM_GetFlagStatus                        0x08006ea7   Thumb Code    18  stm32f2xx_tim.o(.text)
    TIM_ClearFlag                            0x08006eb9   Thumb Code     6  stm32f2xx_tim.o(.text)
    TIM_GetITStatus                          0x08006ebf   Thumb Code    34  stm32f2xx_tim.o(.text)
    TIM_ClearITPendingBit                    0x08006ee1   Thumb Code     6  stm32f2xx_tim.o(.text)
    TIM_DMAConfig                            0x08006ee7   Thumb Code    10  stm32f2xx_tim.o(.text)
    TIM_DMACmd                               0x08006ef1   Thumb Code    18  stm32f2xx_tim.o(.text)
    TIM_SelectCCDMA                          0x08006f03   Thumb Code    24  stm32f2xx_tim.o(.text)
    TIM_InternalClockConfig                  0x08006f1b   Thumb Code    12  stm32f2xx_tim.o(.text)
    TIM_SelectInputTrigger                   0x08006f27   Thumb Code    18  stm32f2xx_tim.o(.text)
    TIM_ITRxExternalClockConfig              0x08006f39   Thumb Code    24  stm32f2xx_tim.o(.text)
    TIM_TIxExternalClockConfig               0x08006f51   Thumb Code    62  stm32f2xx_tim.o(.text)
    TIM_ETRConfig                            0x08006f8f   Thumb Code    28  stm32f2xx_tim.o(.text)
    TIM_ETRClockMode1Config                  0x08006fab   Thumb Code    54  stm32f2xx_tim.o(.text)
    TIM_ETRClockMode2Config                  0x08006fe1   Thumb Code    32  stm32f2xx_tim.o(.text)
    TIM_SelectOutputTrigger                  0x08007001   Thumb Code    18  stm32f2xx_tim.o(.text)
    TIM_SelectSlaveMode                      0x08007013   Thumb Code    18  stm32f2xx_tim.o(.text)
    TIM_SelectMasterSlaveMode                0x08007025   Thumb Code    18  stm32f2xx_tim.o(.text)
    TIM_EncoderInterfaceConfig               0x08007037   Thumb Code    66  stm32f2xx_tim.o(.text)
    TIM_SelectHallSensor                     0x08007079   Thumb Code    24  stm32f2xx_tim.o(.text)
    TIM_RemapConfig                          0x08007091   Thumb Code     6  stm32f2xx_tim.o(.text)
    USART_DeInit                             0x08007099   Thumb Code   156  stm32f2xx_usart.o(.text)
    USART_Init                               0x08007135   Thumb Code   204  stm32f2xx_usart.o(.text)
    USART_StructInit                         0x08007201   Thumb Code    24  stm32f2xx_usart.o(.text)
    USART_ClockInit                          0x08007219   Thumb Code    32  stm32f2xx_usart.o(.text)
    USART_ClockStructInit                    0x08007239   Thumb Code    12  stm32f2xx_usart.o(.text)
    USART_Cmd                                0x08007245   Thumb Code    24  stm32f2xx_usart.o(.text)
    USART_SetPrescaler                       0x0800725d   Thumb Code    16  stm32f2xx_usart.o(.text)
    USART_OverSampling8Cmd                   0x0800726d   Thumb Code    22  stm32f2xx_usart.o(.text)
    USART_OneBitMethodCmd                    0x08007283   Thumb Code    24  stm32f2xx_usart.o(.text)
    USART_SendData                           0x0800729b   Thumb Code     8  stm32f2xx_usart.o(.text)
    USART_ReceiveData                        0x080072a3   Thumb Code    10  stm32f2xx_usart.o(.text)
    USART_SetAddress                         0x080072ad   Thumb Code    18  stm32f2xx_usart.o(.text)
    USART_ReceiverWakeUpCmd                  0x080072bf   Thumb Code    24  stm32f2xx_usart.o(.text)
    USART_WakeUpConfig                       0x080072d7   Thumb Code    18  stm32f2xx_usart.o(.text)
    USART_LINBreakDetectLengthConfig         0x080072e9   Thumb Code    18  stm32f2xx_usart.o(.text)
    USART_LINCmd                             0x080072fb   Thumb Code    24  stm32f2xx_usart.o(.text)
    USART_SendBreak                          0x08007313   Thumb Code    10  stm32f2xx_usart.o(.text)
    USART_HalfDuplexCmd                      0x0800731d   Thumb Code    24  stm32f2xx_usart.o(.text)
    USART_SetGuardTime                       0x08007335   Thumb Code    16  stm32f2xx_usart.o(.text)
    USART_SmartCardCmd                       0x08007345   Thumb Code    24  stm32f2xx_usart.o(.text)
    USART_SmartCardNACKCmd                   0x0800735d   Thumb Code    24  stm32f2xx_usart.o(.text)
    USART_IrDAConfig                         0x08007375   Thumb Code    18  stm32f2xx_usart.o(.text)
    USART_IrDACmd                            0x08007387   Thumb Code    24  stm32f2xx_usart.o(.text)
    USART_DMACmd                             0x0800739f   Thumb Code    18  stm32f2xx_usart.o(.text)
    USART_ITConfig                           0x080073b1   Thumb Code    74  stm32f2xx_usart.o(.text)
    USART_GetFlagStatus                      0x080073fb   Thumb Code    26  stm32f2xx_usart.o(.text)
    USART_ClearFlag                          0x08007415   Thumb Code    18  stm32f2xx_usart.o(.text)
    USART_GetITStatus                        0x08007427   Thumb Code   110  stm32f2xx_usart.o(.text)
    USART_ClearITPendingBit                  0x08007495   Thumb Code    30  stm32f2xx_usart.o(.text)
    Reset_Handler                            0x080074b5   Thumb Code     8  startup_stm32f2xx.o(.text)
    NMI_Handler                              0x080074bd   Thumb Code     2  startup_stm32f2xx.o(.text)
    HardFault_Handler                        0x080074bf   Thumb Code     2  startup_stm32f2xx.o(.text)
    MemManage_Handler                        0x080074c1   Thumb Code     2  startup_stm32f2xx.o(.text)
    BusFault_Handler                         0x080074c3   Thumb Code     2  startup_stm32f2xx.o(.text)
    UsageFault_Handler                       0x080074c5   Thumb Code     2  startup_stm32f2xx.o(.text)
    SVC_Handler                              0x080074c7   Thumb Code     2  startup_stm32f2xx.o(.text)
    DebugMon_Handler                         0x080074c9   Thumb Code     2  startup_stm32f2xx.o(.text)
    PendSV_Handler                           0x080074cb   Thumb Code     2  startup_stm32f2xx.o(.text)
    ADC_IRQHandler                           0x080074cf   Thumb Code     0  startup_stm32f2xx.o(.text)
    CAN1_RX0_IRQHandler                      0x080074cf   Thumb Code     0  startup_stm32f2xx.o(.text)
    CAN1_RX1_IRQHandler                      0x080074cf   Thumb Code     0  startup_stm32f2xx.o(.text)
    CAN1_SCE_IRQHandler                      0x080074cf   Thumb Code     0  startup_stm32f2xx.o(.text)
    CAN1_TX_IRQHandler                       0x080074cf   Thumb Code     0  startup_stm32f2xx.o(.text)
    CAN2_RX0_IRQHandler                      0x080074cf   Thumb Code     0  startup_stm32f2xx.o(.text)
    CAN2_RX1_IRQHandler                      0x080074cf   Thumb Code     0  startup_stm32f2xx.o(.text)
    CAN2_SCE_IRQHandler                      0x080074cf   Thumb Code     0  startup_stm32f2xx.o(.text)
    CAN2_TX_IRQHandler                       0x080074cf   Thumb Code     0  startup_stm32f2xx.o(.text)
    CRYP_IRQHandler                          0x080074cf   Thumb Code     0  startup_stm32f2xx.o(.text)
    DCMI_IRQHandler                          0x080074cf   Thumb Code     0  startup_stm32f2xx.o(.text)
    DMA1_Stream0_IRQHandler                  0x080074cf   Thumb Code     0  startup_stm32f2xx.o(.text)
    DMA1_Stream1_IRQHandler                  0x080074cf   Thumb Code     0  startup_stm32f2xx.o(.text)
    DMA1_Stream2_IRQHandler                  0x080074cf   Thumb Code     0  startup_stm32f2xx.o(.text)
    DMA1_Stream3_IRQHandler                  0x080074cf   Thumb Code     0  startup_stm32f2xx.o(.text)
    DMA1_Stream4_IRQHandler                  0x080074cf   Thumb Code     0  startup_stm32f2xx.o(.text)
    DMA1_Stream5_IRQHandler                  0x080074cf   Thumb Code     0  startup_stm32f2xx.o(.text)
    DMA1_Stream6_IRQHandler                  0x080074cf   Thumb Code     0  startup_stm32f2xx.o(.text)
    DMA1_Stream7_IRQHandler                  0x080074cf   Thumb Code     0  startup_stm32f2xx.o(.text)
    DMA2_Stream0_IRQHandler                  0x080074cf   Thumb Code     0  startup_stm32f2xx.o(.text)
    DMA2_Stream1_IRQHandler                  0x080074cf   Thumb Code     0  startup_stm32f2xx.o(.text)
    DMA2_Stream2_IRQHandler                  0x080074cf   Thumb Code     0  startup_stm32f2xx.o(.text)
    DMA2_Stream3_IRQHandler                  0x080074cf   Thumb Code     0  startup_stm32f2xx.o(.text)
    DMA2_Stream4_IRQHandler                  0x080074cf   Thumb Code     0  startup_stm32f2xx.o(.text)
    DMA2_Stream5_IRQHandler                  0x080074cf   Thumb Code     0  startup_stm32f2xx.o(.text)
    DMA2_Stream6_IRQHandler                  0x080074cf   Thumb Code     0  startup_stm32f2xx.o(.text)
    DMA2_Stream7_IRQHandler                  0x080074cf   Thumb Code     0  startup_stm32f2xx.o(.text)
    ETH_IRQHandler                           0x080074cf   Thumb Code     0  startup_stm32f2xx.o(.text)
    ETH_WKUP_IRQHandler                      0x080074cf   Thumb Code     0  startup_stm32f2xx.o(.text)
    EXTI0_IRQHandler                         0x080074cf   Thumb Code     0  startup_stm32f2xx.o(.text)
    EXTI15_10_IRQHandler                     0x080074cf   Thumb Code     0  startup_stm32f2xx.o(.text)
    EXTI1_IRQHandler                         0x080074cf   Thumb Code     0  startup_stm32f2xx.o(.text)
    EXTI2_IRQHandler                         0x080074cf   Thumb Code     0  startup_stm32f2xx.o(.text)
    EXTI3_IRQHandler                         0x080074cf   Thumb Code     0  startup_stm32f2xx.o(.text)
    EXTI4_IRQHandler                         0x080074cf   Thumb Code     0  startup_stm32f2xx.o(.text)
    EXTI9_5_IRQHandler                       0x080074cf   Thumb Code     0  startup_stm32f2xx.o(.text)
    FLASH_IRQHandler                         0x080074cf   Thumb Code     0  startup_stm32f2xx.o(.text)
    FSMC_IRQHandler                          0x080074cf   Thumb Code     0  startup_stm32f2xx.o(.text)
    HASH_RNG_IRQHandler                      0x080074cf   Thumb Code     0  startup_stm32f2xx.o(.text)
    I2C1_ER_IRQHandler                       0x080074cf   Thumb Code     0  startup_stm32f2xx.o(.text)
    I2C1_EV_IRQHandler                       0x080074cf   Thumb Code     0  startup_stm32f2xx.o(.text)
    I2C2_ER_IRQHandler                       0x080074cf   Thumb Code     0  startup_stm32f2xx.o(.text)
    I2C2_EV_IRQHandler                       0x080074cf   Thumb Code     0  startup_stm32f2xx.o(.text)
    I2C3_ER_IRQHandler                       0x080074cf   Thumb Code     0  startup_stm32f2xx.o(.text)
    I2C3_EV_IRQHandler                       0x080074cf   Thumb Code     0  startup_stm32f2xx.o(.text)
    OTG_FS_IRQHandler                        0x080074cf   Thumb Code     0  startup_stm32f2xx.o(.text)
    OTG_FS_WKUP_IRQHandler                   0x080074cf   Thumb Code     0  startup_stm32f2xx.o(.text)
    OTG_HS_EP1_IN_IRQHandler                 0x080074cf   Thumb Code     0  startup_stm32f2xx.o(.text)
    OTG_HS_EP1_OUT_IRQHandler                0x080074cf   Thumb Code     0  startup_stm32f2xx.o(.text)
    OTG_HS_IRQHandler                        0x080074cf   Thumb Code     0  startup_stm32f2xx.o(.text)
    OTG_HS_WKUP_IRQHandler                   0x080074cf   Thumb Code     0  startup_stm32f2xx.o(.text)
    PVD_IRQHandler                           0x080074cf   Thumb Code     0  startup_stm32f2xx.o(.text)
    RCC_IRQHandler                           0x080074cf   Thumb Code     0  startup_stm32f2xx.o(.text)
    RTC_Alarm_IRQHandler                     0x080074cf   Thumb Code     0  startup_stm32f2xx.o(.text)
    RTC_WKUP_IRQHandler                      0x080074cf   Thumb Code     0  startup_stm32f2xx.o(.text)
    SDIO_IRQHandler                          0x080074cf   Thumb Code     0  startup_stm32f2xx.o(.text)
    SPI1_IRQHandler                          0x080074cf   Thumb Code     0  startup_stm32f2xx.o(.text)
    SPI2_IRQHandler                          0x080074cf   Thumb Code     0  startup_stm32f2xx.o(.text)
    SPI3_IRQHandler                          0x080074cf   Thumb Code     0  startup_stm32f2xx.o(.text)
    TAMP_STAMP_IRQHandler                    0x080074cf   Thumb Code     0  startup_stm32f2xx.o(.text)
    TIM1_BRK_TIM9_IRQHandler                 0x080074cf   Thumb Code     0  startup_stm32f2xx.o(.text)
    TIM1_CC_IRQHandler                       0x080074cf   Thumb Code     0  startup_stm32f2xx.o(.text)
    TIM1_TRG_COM_TIM11_IRQHandler            0x080074cf   Thumb Code     0  startup_stm32f2xx.o(.text)
    TIM1_UP_TIM10_IRQHandler                 0x080074cf   Thumb Code     0  startup_stm32f2xx.o(.text)
    TIM4_IRQHandler                          0x080074cf   Thumb Code     0  startup_stm32f2xx.o(.text)
    TIM5_IRQHandler                          0x080074cf   Thumb Code     0  startup_stm32f2xx.o(.text)
    TIM6_DAC_IRQHandler                      0x080074cf   Thumb Code     0  startup_stm32f2xx.o(.text)
    TIM7_IRQHandler                          0x080074cf   Thumb Code     0  startup_stm32f2xx.o(.text)
    TIM8_BRK_TIM12_IRQHandler                0x080074cf   Thumb Code     0  startup_stm32f2xx.o(.text)
    TIM8_CC_IRQHandler                       0x080074cf   Thumb Code     0  startup_stm32f2xx.o(.text)
    TIM8_TRG_COM_TIM14_IRQHandler            0x080074cf   Thumb Code     0  startup_stm32f2xx.o(.text)
    TIM8_UP_TIM13_IRQHandler                 0x080074cf   Thumb Code     0  startup_stm32f2xx.o(.text)
    UART5_IRQHandler                         0x080074cf   Thumb Code     0  startup_stm32f2xx.o(.text)
    USART6_IRQHandler                        0x080074cf   Thumb Code     0  startup_stm32f2xx.o(.text)
    WWDG_IRQHandler                          0x080074cf   Thumb Code     0  startup_stm32f2xx.o(.text)
    __user_initial_stackheap                 0x080074d1   Thumb Code     0  startup_stm32f2xx.o(.text)
    SystemInit                               0x080075b5   Thumb Code    74  system_stm32f2xx.o(.text)
    SystemCoreClockUpdate                    0x080075ff   Thumb Code   174  system_stm32f2xx.o(.text)
    __2sprintf                               0x080076d5   Thumb Code    34  noretval__2sprintf.o(.text)
    _printf_pre_padding                      0x080076fd   Thumb Code    44  _printf_pad.o(.text)
    _printf_post_padding                     0x08007729   Thumb Code    34  _printf_pad.o(.text)
    _printf_str                              0x0800774b   Thumb Code    82  _printf_str.o(.text)
    _printf_int_dec                          0x0800779d   Thumb Code   104  _printf_dec.o(.text)
    _printf_int_hex                          0x08007815   Thumb Code    84  _printf_hex_int.o(.text)
    _printf_longlong_hex                     0x08007815   Thumb Code     0  _printf_hex_int.o(.text)
    __printf                                 0x0800786d   Thumb Code   308  __printf_flags_wp.o(.text)
    atoi                                     0x080079a5   Thumb Code    26  atoi.o(.text)
    srand                                    0x080079c1   Thumb Code    42  rand.o(.text)
    _rand_init                               0x080079eb   Thumb Code     4  rand.o(.text)
    strstr                                   0x080079fd   Thumb Code    36  strstr.o(.text)
    strcpy                                   0x08007a21   Thumb Code    72  strcpy.o(.text)
    strlen                                   0x08007a69   Thumb Code    62  strlen.o(.text)
    strcat                                   0x08007aa7   Thumb Code    24  strcat.o(.text)
    __aeabi_memcpy4                          0x08007abf   Thumb Code     0  rt_memcpy_w.o(.text)
    __aeabi_memcpy8                          0x08007abf   Thumb Code     0  rt_memcpy_w.o(.text)
    __rt_memcpy_w                            0x08007abf   Thumb Code   100  rt_memcpy_w.o(.text)
    _memcpy_lastbytes_aligned                0x08007b07   Thumb Code     0  rt_memcpy_w.o(.text)
    __aeabi_memclr                           0x08007b23   Thumb Code     0  rt_memclr.o(.text)
    __rt_memclr                              0x08007b23   Thumb Code    68  rt_memclr.o(.text)
    _memset                                  0x08007b27   Thumb Code     0  rt_memclr.o(.text)
    __aeabi_memclr4                          0x08007b67   Thumb Code     0  rt_memclr_w.o(.text)
    __aeabi_memclr8                          0x08007b67   Thumb Code     0  rt_memclr_w.o(.text)
    __rt_memclr_w                            0x08007b67   Thumb Code    78  rt_memclr_w.o(.text)
    _memset_w                                0x08007b6b   Thumb Code     0  rt_memclr_w.o(.text)
    mktime                                   0x08007bf3   Thumb Code   356  mktime.o(.text)
    __use_two_region_memory                  0x08007d61   Thumb Code     2  heapauxi.o(.text)
    __rt_heap_escrow$2region                 0x08007d63   Thumb Code     2  heapauxi.o(.text)
    __rt_heap_expand$2region                 0x08007d65   Thumb Code     2  heapauxi.o(.text)
    __aeabi_errno_addr                       0x08007d69   Thumb Code     8  rt_errno_addr_intlibspace.o(.text)
    __errno$intlibspace                      0x08007d69   Thumb Code     0  rt_errno_addr_intlibspace.o(.text)
    __rt_errno_addr$intlibspace              0x08007d69   Thumb Code     0  rt_errno_addr_intlibspace.o(.text)
    __read_errno                             0x08007d71   Thumb Code    10  _rserrno.o(.text)
    __set_errno                              0x08007d7b   Thumb Code    12  _rserrno.o(.text)
    _printf_int_common                       0x08007d87   Thumb Code   178  _printf_intcommon.o(.text)
    __lib_sel_fp_printf                      0x08007e39   Thumb Code     2  _printf_fp_dec.o(.text)
    _printf_fp_dec_real                      0x08007feb   Thumb Code   620  _printf_fp_dec.o(.text)
    _printf_char_common                      0x08008263   Thumb Code    32  _printf_char_common.o(.text)
    _sputc                                   0x08008289   Thumb Code    10  _sputc.o(.text)
    _printf_cs_common                        0x08008293   Thumb Code    20  _printf_char.o(.text)
    _printf_char                             0x080082a7   Thumb Code    16  _printf_char.o(.text)
    _printf_string                           0x080082b7   Thumb Code     8  _printf_char.o(.text)
    __strtod_int                             0x080082fd   Thumb Code    90  strtod.o(.text)
    strtol                                   0x08008365   Thumb Code   112  strtol.o(.text)
    __user_libspace                          0x080083d5   Thumb Code     8  libspace.o(.text)
    __user_perproc_libspace                  0x080083d5   Thumb Code     0  libspace.o(.text)
    __user_perthread_libspace                0x080083d5   Thumb Code     0  libspace.o(.text)
    __rt_ctype_table                         0x080083dd   Thumb Code    16  rt_ctype_table.o(.text)
    __rt_locale                              0x080083ed   Thumb Code     8  rt_locale_intlibspace.o(.text)
    _ll_udiv10                               0x080083f5   Thumb Code   138  lludiv10.o(.text)
    isspace                                  0x0800847f   Thumb Code    18  isspace.o(.text)
    _printf_fp_infnan                        0x08008491   Thumb Code   112  _printf_fp_infnan.o(.text)
    _sgetc                                   0x08008511   Thumb Code    30  _sgetc.o(.text)
    _sbackspace                              0x0800852f   Thumb Code    34  _sgetc.o(.text)
    _strtoul                                 0x08008551   Thumb Code   158  _strtoul.o(.text)
    _btod_etento                             0x080085f1   Thumb Code   224  bigflt0.o(.text)
    __user_setup_stackheap                   0x080086d5   Thumb Code    74  sys_stackheap_outer.o(.text)
    _chval                                   0x0800871f   Thumb Code    28  _chval.o(.text)
    _scanf_really_real                       0x08008989   Thumb Code   684  scanf_fp.o(.text)
    exit                                     0x08008c35   Thumb Code    18  exit.o(.text)
    strcmp                                   0x08008c49   Thumb Code   128  strcmpv7m.o(.text)
    __I$use$semihosting                      0x08008cc9   Thumb Code     0  use_no_semi.o(.text)
    __use_no_semihosting_swi                 0x08008cc9   Thumb Code     2  use_no_semi.o(.text)
    __semihosting_library_function           0x08008ccb   Thumb Code     0  indicate_semi.o(.text)
    _scanf_really_hex_real                   0x08008ccd   Thumb Code   786  scanf_hexfp.o(.text)
    _scanf_really_infnan                     0x08008fed   Thumb Code   292  scanf_infnan.o(.text)
    _sys_exit                                0x08009121   Thumb Code     8  sys_exit.o(.text)
    __aeabi_llsl                             0x0800912d   Thumb Code     0  llshl.o(.text)
    _ll_shift_l                              0x0800912d   Thumb Code    38  llshl.o(.text)
    _btod_d2e                                0x08009153   Thumb Code    62  btod.o(CL$$btod_d2e)
    _d2e_denorm_low                          0x08009191   Thumb Code    70  btod.o(CL$$btod_d2e_denorm_low)
    _d2e_norm_op1                            0x080091d7   Thumb Code    96  btod.o(CL$$btod_d2e_norm_op1)
    __btod_div_common                        0x08009237   Thumb Code   696  btod.o(CL$$btod_div_common)
    _e2d                                     0x08009571   Thumb Code   122  btod.o(CL$$btod_e2d)
    _e2e                                     0x080095f5   Thumb Code   220  btod.o(CL$$btod_e2e)
    _btod_ediv                               0x080096d1   Thumb Code    42  btod.o(CL$$btod_ediv)
    _btod_edivd                              0x080096fb   Thumb Code    42  btod.o(CL$$btod_edivd)
    _btod_emul                               0x08009725   Thumb Code    42  btod.o(CL$$btod_emul)
    _btod_emuld                              0x0800974f   Thumb Code    42  btod.o(CL$$btod_emuld)
    __btod_mult_common                       0x08009779   Thumb Code   580  btod.o(CL$$btod_mult_common)
    __ARM_fpclassify                         0x080099bd   Thumb Code    40  fpclassify.o(i.__ARM_fpclassify)
    __kernel_poly                            0x080099e5   Thumb Code   170  poly.o(i.__kernel_poly)
    __mathlib_dbl_divzero                    0x08009a91   Thumb Code    12  dunder.o(i.__mathlib_dbl_divzero)
    __mathlib_dbl_infnan2                    0x08009aa1   Thumb Code     4  dunder.o(i.__mathlib_dbl_infnan2)
    __mathlib_dbl_invalid                    0x08009aa5   Thumb Code    12  dunder.o(i.__mathlib_dbl_invalid)
    __mathlib_dbl_overflow                   0x08009ab1   Thumb Code    14  dunder.o(i.__mathlib_dbl_overflow)
    __mathlib_dbl_underflow                  0x08009ac1   Thumb Code    10  dunder.o(i.__mathlib_dbl_underflow)
    __mathlib_narrow                         0x08009ad1   Thumb Code    16  narrow.o(i.__mathlib_narrow)
    __mathlib_tofloat                        0x08009ae1   Thumb Code   184  narrow.o(i.__mathlib_tofloat)
    __support_ldexp                          0x08009b9d   Thumb Code    22  ldexp.o(i.__support_ldexp)
    _is_digit                                0x08009bb3   Thumb Code    14  __printf_wp.o(i._is_digit)
    atof                                     0x08009bc1   Thumb Code    42  atof.o(i.atof)
    frexp                                    0x08009bed   Thumb Code    80  frexp.o(i.frexp)
    ldexp                                    0x08009c45   Thumb Code   116  ldexp.o(i.ldexp)
    pow                                      0x08009cb9   Thumb Code  2512  pow.o(i.pow)
    sqrt                                     0x0800a691   Thumb Code    76  sqrt.o(i.sqrt)
    _get_lc_numeric                          0x0800a6dd   Thumb Code    44  lc_numeric_c.o(locale$$code)
    _get_lc_ctype                            0x0800a709   Thumb Code    44  lc_ctype_c.o(locale$$code)
    __aeabi_d2f                              0x0800a735   Thumb Code     0  d2f.o(x$fpl$d2f)
    _d2f                                     0x0800a735   Thumb Code    98  d2f.o(x$fpl$d2f)
    __aeabi_dadd                             0x0800a799   Thumb Code     0  daddsub_clz.o(x$fpl$dadd)
    _dadd                                    0x0800a799   Thumb Code   332  daddsub_clz.o(x$fpl$dadd)
    __fpl_dcheck_NaN1                        0x0800a8e9   Thumb Code    10  dcheck1.o(x$fpl$dcheck1)
    __fpl_dcmp_Inf                           0x0800a8f9   Thumb Code    24  dcmpi.o(x$fpl$dcmpinf)
    __aeabi_ddiv                             0x0800a911   Thumb Code     0  ddiv.o(x$fpl$ddiv)
    _ddiv                                    0x0800a911   Thumb Code   552  ddiv.o(x$fpl$ddiv)
    __aeabi_cdcmpeq                          0x0800abc1   Thumb Code     0  deqf.o(x$fpl$deqf)
    _dcmpeq                                  0x0800abc1   Thumb Code   120  deqf.o(x$fpl$deqf)
    __aeabi_d2uiz                            0x0800ac39   Thumb Code     0  dfixu.o(x$fpl$dfixu)
    _dfixu                                   0x0800ac39   Thumb Code    90  dfixu.o(x$fpl$dfixu)
    __aeabi_i2d                              0x0800ac93   Thumb Code     0  dflt_clz.o(x$fpl$dflt)
    _dflt                                    0x0800ac93   Thumb Code    46  dflt_clz.o(x$fpl$dflt)
    __aeabi_ui2d                             0x0800acc1   Thumb Code     0  dflt_clz.o(x$fpl$dfltu)
    _dfltu                                   0x0800acc1   Thumb Code    38  dflt_clz.o(x$fpl$dfltu)
    __aeabi_cdcmple                          0x0800ace9   Thumb Code     0  dleqf.o(x$fpl$dleqf)
    _dcmple                                  0x0800ace9   Thumb Code   120  dleqf.o(x$fpl$dleqf)
    __fpl_dcmple_InfNaN                      0x0800ad4b   Thumb Code     0  dleqf.o(x$fpl$dleqf)
    __aeabi_dmul                             0x0800ad61   Thumb Code     0  dmul.o(x$fpl$dmul)
    _dmul                                    0x0800ad61   Thumb Code   332  dmul.o(x$fpl$dmul)
    __fpl_dnaninf                            0x0800aeb5   Thumb Code   156  dnaninf.o(x$fpl$dnaninf)
    __fpl_dretinf                            0x0800af51   Thumb Code    12  dretinf.o(x$fpl$dretinf)
    __aeabi_cdrcmple                         0x0800af5d   Thumb Code     0  drleqf.o(x$fpl$drleqf)
    _drcmple                                 0x0800af5d   Thumb Code   108  drleqf.o(x$fpl$drleqf)
    __aeabi_drsub                            0x0800afc9   Thumb Code     0  daddsub_clz.o(x$fpl$drsb)
    _drsb                                    0x0800afc9   Thumb Code    22  daddsub_clz.o(x$fpl$drsb)
    _dsqrt                                   0x0800afe1   Thumb Code   456  dsqrt_noumaal.o(x$fpl$dsqrt)
    __aeabi_dsub                             0x0800b1ad   Thumb Code     0  daddsub_clz.o(x$fpl$dsub)
    _dsub                                    0x0800b1ad   Thumb Code   464  daddsub_clz.o(x$fpl$dsub)
    __aeabi_f2d                              0x0800b381   Thumb Code     0  f2d.o(x$fpl$f2d)
    _f2d                                     0x0800b381   Thumb Code    86  f2d.o(x$fpl$f2d)
    __aeabi_fadd                             0x0800b3d9   Thumb Code     0  faddsub_clz.o(x$fpl$fadd)
    _fadd                                    0x0800b3d9   Thumb Code   196  faddsub_clz.o(x$fpl$fadd)
    __aeabi_fdiv                             0x0800b49d   Thumb Code     0  fdiv.o(x$fpl$fdiv)
    _fdiv                                    0x0800b49d   Thumb Code   384  fdiv.o(x$fpl$fdiv)
    __aeabi_f2uiz                            0x0800b621   Thumb Code     0  ffixu.o(x$fpl$ffixu)
    _ffixu                                   0x0800b621   Thumb Code    62  ffixu.o(x$fpl$ffixu)
    __aeabi_i2f                              0x0800b661   Thumb Code     0  fflt_clz.o(x$fpl$fflt)
    _fflt                                    0x0800b661   Thumb Code    48  fflt_clz.o(x$fpl$fflt)
    __aeabi_fmul                             0x0800b691   Thumb Code     0  fmul.o(x$fpl$fmul)
    _fmul                                    0x0800b691   Thumb Code   258  fmul.o(x$fpl$fmul)
    __fpl_fnaninf                            0x0800b793   Thumb Code   140  fnaninf.o(x$fpl$fnaninf)
    __fpl_fretinf                            0x0800b81f   Thumb Code    10  fretinf.o(x$fpl$fretinf)
    __aeabi_fsub                             0x0800b829   Thumb Code     0  faddsub_clz.o(x$fpl$fsub)
    _fsub                                    0x0800b829   Thumb Code   234  faddsub_clz.o(x$fpl$fsub)
    __ieee_status                            0x0800b913   Thumb Code     6  istatus.o(x$fpl$ieeestatus)
    _printf_fp_dec                           0x0800b919   Thumb Code     4  printf1.o(x$fpl$printf1)
    __fpl_return_NaN                         0x0800b91d   Thumb Code   100  retnan.o(x$fpl$retnan)
    __ARM_scalbn                             0x0800b981   Thumb Code    92  scalbn.o(x$fpl$scalbn)
    _scanf_real                              0x0800b9dd   Thumb Code     4  scanf1.o(x$fpl$scanf1)
    _scanf_hex_real                          0x0800b9e1   Thumb Code     4  scanf2.o(x$fpl$scanf2)
    _scanf_infnan                            0x0800b9e5   Thumb Code     4  scanf2.o(x$fpl$scanf2)
    __fpl_cmpreturn                          0x0800b9e9   Thumb Code    48  trapv.o(x$fpl$trapveneer)
    __I$use$fp                               0x0800ba18   Number         0  usenofp.o(x$fpl$usenofp)
    crctab16                                 0x0800ba18   Data         512  debug.o(.constdata)
    _monlen                                  0x0800bd00   Data          12  _monlen.o(.constdata)
    __mathlib_zero                           0x0800bd10   Data           8  qnan.o(.constdata)
    Region$$Table$$Base                      0x0800c0f0   Number         0  anon$$obj.o(Region$$Table)
    Region$$Table$$Limit                     0x0800c110   Number         0  anon$$obj.o(Region$$Table)
    __aeabi_HUGE_VAL                         0x0800c110   Data           0  fpconst.o(c$$dinf)
    __aeabi_HUGE_VALL                        0x0800c110   Data           0  fpconst.o(c$$dinf)
    __aeabi_INFINITY                         0x0800c110   Data           0  fpconst.o(c$$dinf)
    __dInf                                   0x0800c110   Data           0  fpconst.o(c$$dinf)
    __huge_val                               0x0800c110   Data           0  fpconst.o(c$$dinf)
    __dbl_max                                0x0800c118   Data           0  fpconst.o(c$$dmax)
    __ctype                                  0x0800c149   Data           0  lc_ctype_c.o(locale$$data)
    RTC_TimeStruct                           0x20000000   Data           4  rtc.o(.data)
    RTC_DateStruct                           0x20000004   Data           4  rtc.o(.data)
    CONGCOM                                  0x20000008   Data           1  structure_data.o(.data)
    GPRS                                     0x20000009   Data           3  structure_data.o(.data)
    SendDataTimeOut                          0x20000010   Data           2  gsm_gprs.o(.data)
    SystemCoreClock                          0x20000024   Data           4  system_stm32f2xx.o(.data)
    AHBPrescTable                            0x20000028   Data          16  system_stm32f2xx.o(.data)
    temptDatatime                            0x20000038   Data          10  rtc.o(.bss)
    RTC_InitStructure                        0x20000044   Data          12  rtc.o(.bss)
    xSystem                                  0x20000050   Data        1120  structure_data.o(.bss)
    GPS_xData                                0x200004b0   Data        1144  structure_data.o(.bss)
    GPS_Temp                                 0x20000928   Data         256  structure_data.o(.bss)
    GPSControl                               0x20000a28   Data         256  structure_data.o(.bss)
    DataGPSConvert                           0x20000b28   Data          24  structure_data.o(.bss)
    GSM                                      0x20000b40   Data         224  structure_data.o(.bss)
    GPS                                      0x20000c20   Data        1144  structure_data.o(.bss)
    Config                                   0x20001098   Data       24580  structure_data.o(.bss)
    DataGPSConverted                         0x2000709c   Data          24  structure_data.o(.bss)
    xConfig                                  0x200070b4   Data         111  structure_data.o(.bss)
    UART1_Data                               0x20007124   Data        4102  structure_data.o(.bss)
    Cam_Data                                 0x2000812a   Data        1032  structure_data.o(.bss)
    Camera                                   0x20008534   Data        6168  structure_data.o(.bss)
    MainIPAddr                               0x20009d4c   Data          60  gsm_gprs.o(.bss)
    _random_number_data                      0x20009d88   Data         228  rand.o(.bss)
    __libspace_start                         0x20009e6c   Data          96  libspace.o(.bss)
    __temporary_stack_top$libspace           0x20009ecc   Data           0  libspace.o(.bss)



==============================================================================

Memory Map of the image

  Image Entry point : 0x08000185

  Load Region LR_IROM1 (Base: 0x08000000, Size: 0x0000c284, Max: 0x0007c000, ABSOLUTE)

    Execution Region ER_IROM1 (Exec base: 0x08000000, Load base: 0x08000000, Size: 0x0000c24c, Max: 0x0007c000, ABSOLUTE)

    Exec Addr    Load Addr    Size         Type   Attr      Idx    E Section Name        Object

    0x08000000   0x08000000   0x00000184   Data   RO         1065    RESET               startup_stm32f2xx.o
    0x08000184   0x08000184   0x00000008   Code   RO         1186  * !!!main             c_w.l(__main.o)
    0x0800018c   0x0800018c   0x00000034   Code   RO         1582    !!!scatter          c_w.l(__scatter.o)
    0x080001c0   0x080001c0   0x0000001a   Code   RO         1584    !!handler_copy      c_w.l(__scatter_copy.o)
    0x080001da   0x080001da   0x00000002   PAD
    0x080001dc   0x080001dc   0x0000001c   Code   RO         1586    !!handler_zi        c_w.l(__scatter_zi.o)
    0x080001f8   0x080001f8   0x00000000   Code   RO         1160    .ARM.Collect$$_printf_percent$$00000000  c_w.l(_printf_percent.o)
    0x080001f8   0x080001f8   0x00000006   Code   RO         1159    .ARM.Collect$$_printf_percent$$00000003  c_w.l(_printf_f.o)
    0x080001fe   0x080001fe   0x00000006   Code   RO         1158    .ARM.Collect$$_printf_percent$$00000009  c_w.l(_printf_d.o)
    0x08000204   0x08000204   0x00000006   Code   RO         1157    .ARM.Collect$$_printf_percent$$0000000C  c_w.l(_printf_x.o)
    0x0800020a   0x0800020a   0x00000006   Code   RO         1155    .ARM.Collect$$_printf_percent$$00000013  c_w.l(_printf_c.o)
    0x08000210   0x08000210   0x00000006   Code   RO         1156    .ARM.Collect$$_printf_percent$$00000014  c_w.l(_printf_s.o)
    0x08000216   0x08000216   0x00000004   Code   RO         1270    .ARM.Collect$$_printf_percent$$00000017  c_w.l(_printf_percent_end.o)
    0x0800021a   0x0800021a   0x00000002   Code   RO         1462    .ARM.Collect$$libinit$$00000000  c_w.l(libinit.o)
    0x0800021c   0x0800021c   0x00000000   Code   RO         1277    .ARM.Collect$$libinit$$00000002  c_w.l(libinit2.o)
    0x0800021c   0x0800021c   0x00000000   Code   RO         1279    .ARM.Collect$$libinit$$00000004  c_w.l(libinit2.o)
    0x0800021c   0x0800021c   0x00000000   Code   RO         1282    .ARM.Collect$$libinit$$0000000A  c_w.l(libinit2.o)
    0x0800021c   0x0800021c   0x00000000   Code   RO         1284    .ARM.Collect$$libinit$$0000000C  c_w.l(libinit2.o)
    0x0800021c   0x0800021c   0x00000004   Code   RO         1285    .ARM.Collect$$libinit$$0000000D  c_w.l(libinit2.o)
    0x08000220   0x08000220   0x00000000   Code   RO         1286    .ARM.Collect$$libinit$$0000000E  c_w.l(libinit2.o)
    0x08000220   0x08000220   0x00000006   Code   RO         1287    .ARM.Collect$$libinit$$0000000F  c_w.l(libinit2.o)
    0x08000226   0x08000226   0x00000000   Code   RO         1289    .ARM.Collect$$libinit$$00000011  c_w.l(libinit2.o)
    0x08000226   0x08000226   0x0000000c   Code   RO         1290    .ARM.Collect$$libinit$$00000012  c_w.l(libinit2.o)
    0x08000232   0x08000232   0x00000000   Code   RO         1291    .ARM.Collect$$libinit$$00000013  c_w.l(libinit2.o)
    0x08000232   0x08000232   0x00000000   Code   RO         1293    .ARM.Collect$$libinit$$00000015  c_w.l(libinit2.o)
    0x08000232   0x08000232   0x0000000a   Code   RO         1294    .ARM.Collect$$libinit$$00000016  c_w.l(libinit2.o)
    0x0800023c   0x0800023c   0x00000000   Code   RO         1295    .ARM.Collect$$libinit$$00000017  c_w.l(libinit2.o)
    0x0800023c   0x0800023c   0x00000000   Code   RO         1297    .ARM.Collect$$libinit$$00000019  c_w.l(libinit2.o)
    0x0800023c   0x0800023c   0x00000000   Code   RO         1299    .ARM.Collect$$libinit$$0000001B  c_w.l(libinit2.o)
    0x0800023c   0x0800023c   0x00000000   Code   RO         1301    .ARM.Collect$$libinit$$0000001D  c_w.l(libinit2.o)
    0x0800023c   0x0800023c   0x00000000   Code   RO         1303    .ARM.Collect$$libinit$$0000001F  c_w.l(libinit2.o)
    0x0800023c   0x0800023c   0x00000000   Code   RO         1305    .ARM.Collect$$libinit$$00000021  c_w.l(libinit2.o)
    0x0800023c   0x0800023c   0x00000000   Code   RO         1307    .ARM.Collect$$libinit$$00000023  c_w.l(libinit2.o)
    0x0800023c   0x0800023c   0x00000000   Code   RO         1309    .ARM.Collect$$libinit$$00000025  c_w.l(libinit2.o)
    0x0800023c   0x0800023c   0x00000000   Code   RO         1313    .ARM.Collect$$libinit$$0000002C  c_w.l(libinit2.o)
    0x0800023c   0x0800023c   0x00000000   Code   RO         1315    .ARM.Collect$$libinit$$0000002E  c_w.l(libinit2.o)
    0x0800023c   0x0800023c   0x00000000   Code   RO         1317    .ARM.Collect$$libinit$$00000030  c_w.l(libinit2.o)
    0x0800023c   0x0800023c   0x00000000   Code   RO         1319    .ARM.Collect$$libinit$$00000032  c_w.l(libinit2.o)
    0x0800023c   0x0800023c   0x00000002   Code   RO         1320    .ARM.Collect$$libinit$$00000033  c_w.l(libinit2.o)
    0x0800023e   0x0800023e   0x00000002   Code   RO         1531    .ARM.Collect$$libshutdown$$00000000  c_w.l(libshutdown.o)
    0x08000240   0x08000240   0x00000000   Code   RO         1549    .ARM.Collect$$libshutdown$$00000002  c_w.l(libshutdown2.o)
    0x08000240   0x08000240   0x00000000   Code   RO         1551    .ARM.Collect$$libshutdown$$00000004  c_w.l(libshutdown2.o)
    0x08000240   0x08000240   0x00000000   Code   RO         1554    .ARM.Collect$$libshutdown$$00000007  c_w.l(libshutdown2.o)
    0x08000240   0x08000240   0x00000000   Code   RO         1557    .ARM.Collect$$libshutdown$$0000000A  c_w.l(libshutdown2.o)
    0x08000240   0x08000240   0x00000000   Code   RO         1559    .ARM.Collect$$libshutdown$$0000000C  c_w.l(libshutdown2.o)
    0x08000240   0x08000240   0x00000000   Code   RO         1562    .ARM.Collect$$libshutdown$$0000000F  c_w.l(libshutdown2.o)
    0x08000240   0x08000240   0x00000002   Code   RO         1563    .ARM.Collect$$libshutdown$$00000010  c_w.l(libshutdown2.o)
    0x08000242   0x08000242   0x00000000   Code   RO         1252    .ARM.Collect$$rtentry$$00000000  c_w.l(__rtentry.o)
    0x08000242   0x08000242   0x00000000   Code   RO         1365    .ARM.Collect$$rtentry$$00000002  c_w.l(__rtentry2.o)
    0x08000242   0x08000242   0x00000006   Code   RO         1377    .ARM.Collect$$rtentry$$00000004  c_w.l(__rtentry4.o)
    0x08000248   0x08000248   0x00000000   Code   RO         1367    .ARM.Collect$$rtentry$$00000009  c_w.l(__rtentry2.o)
    0x08000248   0x08000248   0x00000004   Code   RO         1368    .ARM.Collect$$rtentry$$0000000A  c_w.l(__rtentry2.o)
    0x0800024c   0x0800024c   0x00000000   Code   RO         1370    .ARM.Collect$$rtentry$$0000000C  c_w.l(__rtentry2.o)
    0x0800024c   0x0800024c   0x00000008   Code   RO         1371    .ARM.Collect$$rtentry$$0000000D  c_w.l(__rtentry2.o)
    0x08000254   0x08000254   0x00000002   Code   RO         1469    .ARM.Collect$$rtexit$$00000000  c_w.l(rtexit.o)
    0x08000256   0x08000256   0x00000000   Code   RO         1499    .ARM.Collect$$rtexit$$00000002  c_w.l(rtexit2.o)
    0x08000256   0x08000256   0x00000004   Code   RO         1500    .ARM.Collect$$rtexit$$00000003  c_w.l(rtexit2.o)
    0x0800025a   0x0800025a   0x00000006   Code   RO         1501    .ARM.Collect$$rtexit$$00000004  c_w.l(rtexit2.o)
    0x08000260   0x08000260   0x00000034   Code   RO         1163    .emb_text           c_w.l(rand.o)
    0x08000294   0x08000294   0x00000314   Code   RO            4    .text               main.o
    0x080005a8   0x080005a8   0x00000070   Code   RO          201    .text               initsystem.o
    0x08000618   0x08000618   0x0000024c   Code   RO          249    .text               interrup.o
    0x08000864   0x08000864   0x000005a0   Code   RO          290    .text               flash.o
    0x08000e04   0x08000e04   0x000000b8   Code   RO          315    .text               tim.o
    0x08000ebc   0x08000ebc   0x00000476   Code   RO          354    .text               uart.o
    0x08001332   0x08001332   0x00000002   PAD
    0x08001334   0x08001334   0x000002f8   Code   RO          386    .text               rtc.o
    0x0800162c   0x0800162c   0x0000054c   Code   RO          441    .text               debug.o
    0x08001b78   0x08001b78   0x00000178   Code   RO          480    .text               data.o
    0x08001cf0   0x08001cf0   0x000000a8   Code   RO          505    .text               led.o
    0x08001d98   0x08001d98   0x000002b0   Code   RO          556    .text               camera.o
    0x08002048   0x08002048   0x000005f8   Code   RO          581    .text               spiffs.o
    0x08002640   0x08002640   0x00001544   Code   RO          606    .text               gps_process.o
    0x08003b84   0x08003b84   0x000002e8   Code   RO          660    .text               gsm_gprs.o
    0x08003e6c   0x08003e6c   0x00000030   Code   RO          699    .text               gsm_process.o
    0x08003e9c   0x08003e9c   0x00000ccc   Code   RO          727    .text               mc60_gsm.o
    0x08004b68   0x08004b68   0x000000e0   Code   RO          752    .text               misc.o
    0x08004c48   0x08004c48   0x0000025c   Code   RO          848    .text               stm32f2xx_gpio.o
    0x08004ea4   0x08004ea4   0x00000040   Code   RO          872    .text               stm32f2xx_iwdg.o
    0x08004ee4   0x08004ee4   0x000000d8   Code   RO          896    .text               stm32f2xx_pwr.o
    0x08004fbc   0x08004fbc   0x00000588   Code   RO          920    .text               stm32f2xx_rcc.o
    0x08005544   0x08005544   0x00000b08   Code   RO          946    .text               stm32f2xx_rtc.o
    0x0800604c   0x0800604c   0x000003a8   Code   RO          970    .text               stm32f2xx_spi.o
    0x080063f4   0x080063f4   0x00000ca2   Code   RO         1018    .text               stm32f2xx_tim.o
    0x08007096   0x08007096   0x00000002   PAD
    0x08007098   0x08007098   0x0000041a   Code   RO         1042    .text               stm32f2xx_usart.o
    0x080074b2   0x080074b2   0x00000002   PAD
    0x080074b4   0x080074b4   0x00000040   Code   RO         1066    .text               startup_stm32f2xx.o
    0x080074f4   0x080074f4   0x000001e0   Code   RO         1073    .text               system_stm32f2xx.o
    0x080076d4   0x080076d4   0x00000028   Code   RO         1104    .text               c_w.l(noretval__2sprintf.o)
    0x080076fc   0x080076fc   0x0000004e   Code   RO         1108    .text               c_w.l(_printf_pad.o)
    0x0800774a   0x0800774a   0x00000052   Code   RO         1110    .text               c_w.l(_printf_str.o)
    0x0800779c   0x0800779c   0x00000078   Code   RO         1112    .text               c_w.l(_printf_dec.o)
    0x08007814   0x08007814   0x00000058   Code   RO         1117    .text               c_w.l(_printf_hex_int.o)
    0x0800786c   0x0800786c   0x00000138   Code   RO         1147    .text               c_w.l(__printf_flags_wp.o)
    0x080079a4   0x080079a4   0x0000001a   Code   RO         1161    .text               c_w.l(atoi.o)
    0x080079be   0x080079be   0x00000002   PAD
    0x080079c0   0x080079c0   0x0000003c   Code   RO         1164    .text               c_w.l(rand.o)
    0x080079fc   0x080079fc   0x00000024   Code   RO         1168    .text               c_w.l(strstr.o)
    0x08007a20   0x08007a20   0x00000048   Code   RO         1170    .text               c_w.l(strcpy.o)
    0x08007a68   0x08007a68   0x0000003e   Code   RO         1172    .text               c_w.l(strlen.o)
    0x08007aa6   0x08007aa6   0x00000018   Code   RO         1174    .text               c_w.l(strcat.o)
    0x08007abe   0x08007abe   0x00000064   Code   RO         1176    .text               c_w.l(rt_memcpy_w.o)
    0x08007b22   0x08007b22   0x00000044   Code   RO         1178    .text               c_w.l(rt_memclr.o)
    0x08007b66   0x08007b66   0x0000004e   Code   RO         1180    .text               c_w.l(rt_memclr_w.o)
    0x08007bb4   0x08007bb4   0x000001ac   Code   RO         1182    .text               c_w.l(mktime.o)
    0x08007d60   0x08007d60   0x00000006   Code   RO         1184    .text               c_w.l(heapauxi.o)
    0x08007d66   0x08007d66   0x00000002   PAD
    0x08007d68   0x08007d68   0x00000008   Code   RO         1256    .text               c_w.l(rt_errno_addr_intlibspace.o)
    0x08007d70   0x08007d70   0x00000016   Code   RO         1258    .text               c_w.l(_rserrno.o)
    0x08007d86   0x08007d86   0x000000b2   Code   RO         1260    .text               c_w.l(_printf_intcommon.o)
    0x08007e38   0x08007e38   0x0000041e   Code   RO         1262    .text               c_w.l(_printf_fp_dec.o)
    0x08008256   0x08008256   0x00000002   PAD
    0x08008258   0x08008258   0x00000030   Code   RO         1264    .text               c_w.l(_printf_char_common.o)
    0x08008288   0x08008288   0x0000000a   Code   RO         1266    .text               c_w.l(_sputc.o)
    0x08008292   0x08008292   0x0000002c   Code   RO         1268    .text               c_w.l(_printf_char.o)
    0x080082be   0x080082be   0x00000002   PAD
    0x080082c0   0x080082c0   0x000000a4   Code   RO         1271    .text               c_w.l(strtod.o)
    0x08008364   0x08008364   0x00000070   Code   RO         1273    .text               c_w.l(strtol.o)
    0x080083d4   0x080083d4   0x00000008   Code   RO         1361    .text               c_w.l(libspace.o)
    0x080083dc   0x080083dc   0x00000010   Code   RO         1379    .text               c_w.l(rt_ctype_table.o)
    0x080083ec   0x080083ec   0x00000008   Code   RO         1384    .text               c_w.l(rt_locale_intlibspace.o)
    0x080083f4   0x080083f4   0x0000008a   Code   RO         1386    .text               c_w.l(lludiv10.o)
    0x0800847e   0x0800847e   0x00000012   Code   RO         1388    .text               c_w.l(isspace.o)
    0x08008490   0x08008490   0x00000080   Code   RO         1390    .text               c_w.l(_printf_fp_infnan.o)
    0x08008510   0x08008510   0x00000040   Code   RO         1394    .text               c_w.l(_sgetc.o)
    0x08008550   0x08008550   0x0000009e   Code   RO         1396    .text               c_w.l(_strtoul.o)
    0x080085ee   0x080085ee   0x00000002   PAD
    0x080085f0   0x080085f0   0x000000e4   Code   RO         1398    .text               c_w.l(bigflt0.o)
    0x080086d4   0x080086d4   0x0000004a   Code   RO         1440    .text               c_w.l(sys_stackheap_outer.o)
    0x0800871e   0x0800871e   0x0000001c   Code   RO         1442    .text               c_w.l(_chval.o)
    0x0800873a   0x0800873a   0x00000002   PAD
    0x0800873c   0x0800873c   0x000004f8   Code   RO         1444    .text               c_w.l(scanf_fp.o)
    0x08008c34   0x08008c34   0x00000012   Code   RO         1449    .text               c_w.l(exit.o)
    0x08008c46   0x08008c46   0x00000002   PAD
    0x08008c48   0x08008c48   0x00000080   Code   RO         1451    .text               c_w.l(strcmpv7m.o)
    0x08008cc8   0x08008cc8   0x00000002   Code   RO         1495    .text               c_w.l(use_no_semi.o)
    0x08008cca   0x08008cca   0x00000000   Code   RO         1497    .text               c_w.l(indicate_semi.o)
    0x08008cca   0x08008cca   0x00000002   PAD
    0x08008ccc   0x08008ccc   0x00000320   Code   RO         1507    .text               c_w.l(scanf_hexfp.o)
    0x08008fec   0x08008fec   0x00000134   Code   RO         1509    .text               c_w.l(scanf_infnan.o)
    0x08009120   0x08009120   0x0000000c   Code   RO         1521    .text               c_w.l(sys_exit.o)
    0x0800912c   0x0800912c   0x00000026   Code   RO         1523    .text               c_w.l(llshl.o)
    0x08009152   0x08009152   0x0000003e   Code   RO         1401    CL$$btod_d2e        c_w.l(btod.o)
    0x08009190   0x08009190   0x00000046   Code   RO         1403    CL$$btod_d2e_denorm_low  c_w.l(btod.o)
    0x080091d6   0x080091d6   0x00000060   Code   RO         1402    CL$$btod_d2e_norm_op1  c_w.l(btod.o)
    0x08009236   0x08009236   0x00000338   Code   RO         1411    CL$$btod_div_common  c_w.l(btod.o)
    0x0800956e   0x0800956e   0x00000002   PAD
    0x08009570   0x08009570   0x00000084   Code   RO         1409    CL$$btod_e2d        c_w.l(btod.o)
    0x080095f4   0x080095f4   0x000000dc   Code   RO         1408    CL$$btod_e2e        c_w.l(btod.o)
    0x080096d0   0x080096d0   0x0000002a   Code   RO         1405    CL$$btod_ediv       c_w.l(btod.o)
    0x080096fa   0x080096fa   0x0000002a   Code   RO         1407    CL$$btod_edivd      c_w.l(btod.o)
    0x08009724   0x08009724   0x0000002a   Code   RO         1404    CL$$btod_emul       c_w.l(btod.o)
    0x0800974e   0x0800974e   0x0000002a   Code   RO         1406    CL$$btod_emuld      c_w.l(btod.o)
    0x08009778   0x08009778   0x00000244   Code   RO         1410    CL$$btod_mult_common  c_w.l(btod.o)
    0x080099bc   0x080099bc   0x00000028   Code   RO         1348    i.__ARM_fpclassify  m_ws.l(fpclassify.o)
    0x080099e4   0x080099e4   0x000000aa   Code   RO         1350    i.__kernel_poly     m_ws.l(poly.o)
    0x08009a8e   0x08009a8e   0x00000002   PAD
    0x08009a90   0x08009a90   0x00000010   Code   RO         1334    i.__mathlib_dbl_divzero  m_ws.l(dunder.o)
    0x08009aa0   0x08009aa0   0x00000004   Code   RO         1336    i.__mathlib_dbl_infnan2  m_ws.l(dunder.o)
    0x08009aa4   0x08009aa4   0x0000000c   Code   RO         1337    i.__mathlib_dbl_invalid  m_ws.l(dunder.o)
    0x08009ab0   0x08009ab0   0x0000000e   Code   RO         1338    i.__mathlib_dbl_overflow  m_ws.l(dunder.o)
    0x08009abe   0x08009abe   0x00000002   PAD
    0x08009ac0   0x08009ac0   0x00000010   Code   RO         1340    i.__mathlib_dbl_underflow  m_ws.l(dunder.o)
    0x08009ad0   0x08009ad0   0x00000010   Code   RO         1489    i.__mathlib_narrow  m_ws.l(narrow.o)
    0x08009ae0   0x08009ae0   0x000000bc   Code   RO         1490    i.__mathlib_tofloat  m_ws.l(narrow.o)
    0x08009b9c   0x08009b9c   0x00000016   Code   RO         1533    i.__support_ldexp   m_ws.l(ldexp.o)
    0x08009bb2   0x08009bb2   0x0000000e   Code   RO         1145    i._is_digit         c_w.l(__printf_wp.o)
    0x08009bc0   0x08009bc0   0x0000002a   Code   RO         1239    i.atof              m_ws.l(atof.o)
    0x08009bea   0x08009bea   0x00000002   PAD
    0x08009bec   0x08009bec   0x00000058   Code   RO         1518    i.frexp             m_ws.l(frexp.o)
    0x08009c44   0x08009c44   0x00000074   Code   RO         1534    i.ldexp             m_ws.l(ldexp.o)
    0x08009cb8   0x08009cb8   0x000009d8   Code   RO         1243    i.pow               m_ws.l(pow.o)
    0x0800a690   0x0800a690   0x0000004c   Code   RO         1354    i.sqrt              m_ws.l(sqrt.o)
    0x0800a6dc   0x0800a6dc   0x0000002c   Code   RO         1424    locale$$code        c_w.l(lc_numeric_c.o)
    0x0800a708   0x0800a708   0x0000002c   Code   RO         1447    locale$$code        c_w.l(lc_ctype_c.o)
    0x0800a734   0x0800a734   0x00000062   Code   RO         1188    x$fpl$d2f           fz_ws.l(d2f.o)
    0x0800a796   0x0800a796   0x00000002   PAD
    0x0800a798   0x0800a798   0x00000150   Code   RO         1190    x$fpl$dadd          fz_ws.l(daddsub_clz.o)
    0x0800a8e8   0x0800a8e8   0x00000010   Code   RO         1428    x$fpl$dcheck1       fz_ws.l(dcheck1.o)
    0x0800a8f8   0x0800a8f8   0x00000018   Code   RO         1463    x$fpl$dcmpinf       fz_ws.l(dcmpi.o)
    0x0800a910   0x0800a910   0x000002b0   Code   RO         1197    x$fpl$ddiv          fz_ws.l(ddiv.o)
    0x0800abc0   0x0800abc0   0x00000078   Code   RO         1515    x$fpl$deqf          fz_ws.l(deqf.o)
    0x0800ac38   0x0800ac38   0x0000005a   Code   RO         1200    x$fpl$dfixu         fz_ws.l(dfixu.o)
    0x0800ac92   0x0800ac92   0x0000002e   Code   RO         1205    x$fpl$dflt          fz_ws.l(dflt_clz.o)
    0x0800acc0   0x0800acc0   0x00000026   Code   RO         1204    x$fpl$dfltu         fz_ws.l(dflt_clz.o)
    0x0800ace6   0x0800ace6   0x00000002   PAD
    0x0800ace8   0x0800ace8   0x00000078   Code   RO         1430    x$fpl$dleqf         fz_ws.l(dleqf.o)
    0x0800ad60   0x0800ad60   0x00000154   Code   RO         1210    x$fpl$dmul          fz_ws.l(dmul.o)
    0x0800aeb4   0x0800aeb4   0x0000009c   Code   RO         1321    x$fpl$dnaninf       fz_ws.l(dnaninf.o)
    0x0800af50   0x0800af50   0x0000000c   Code   RO         1323    x$fpl$dretinf       fz_ws.l(dretinf.o)
    0x0800af5c   0x0800af5c   0x0000006c   Code   RO         1325    x$fpl$drleqf        fz_ws.l(drleqf.o)
    0x0800afc8   0x0800afc8   0x00000016   Code   RO         1191    x$fpl$drsb          fz_ws.l(daddsub_clz.o)
    0x0800afde   0x0800afde   0x00000002   PAD
    0x0800afe0   0x0800afe0   0x000001cc   Code   RO         1432    x$fpl$dsqrt         fz_ws.l(dsqrt_noumaal.o)
    0x0800b1ac   0x0800b1ac   0x000001d4   Code   RO         1192    x$fpl$dsub          fz_ws.l(daddsub_clz.o)
    0x0800b380   0x0800b380   0x00000056   Code   RO         1212    x$fpl$f2d           fz_ws.l(f2d.o)
    0x0800b3d6   0x0800b3d6   0x00000002   PAD
    0x0800b3d8   0x0800b3d8   0x000000c4   Code   RO         1214    x$fpl$fadd          fz_ws.l(faddsub_clz.o)
    0x0800b49c   0x0800b49c   0x00000184   Code   RO         1221    x$fpl$fdiv          fz_ws.l(fdiv.o)
    0x0800b620   0x0800b620   0x0000003e   Code   RO         1224    x$fpl$ffixu         fz_ws.l(ffixu.o)
    0x0800b65e   0x0800b65e   0x00000002   PAD
    0x0800b660   0x0800b660   0x00000030   Code   RO         1229    x$fpl$fflt          fz_ws.l(fflt_clz.o)
    0x0800b690   0x0800b690   0x00000102   Code   RO         1234    x$fpl$fmul          fz_ws.l(fmul.o)
    0x0800b792   0x0800b792   0x0000008c   Code   RO         1327    x$fpl$fnaninf       fz_ws.l(fnaninf.o)
    0x0800b81e   0x0800b81e   0x0000000a   Code   RO         1329    x$fpl$fretinf       fz_ws.l(fretinf.o)
    0x0800b828   0x0800b828   0x000000ea   Code   RO         1216    x$fpl$fsub          fz_ws.l(faddsub_clz.o)
    0x0800b912   0x0800b912   0x00000006   Code   RO         1436    x$fpl$ieeestatus    fz_ws.l(istatus.o)
    0x0800b918   0x0800b918   0x00000004   Code   RO         1236    x$fpl$printf1       fz_ws.l(printf1.o)
    0x0800b91c   0x0800b91c   0x00000064   Code   RO         1465    x$fpl$retnan        fz_ws.l(retnan.o)
    0x0800b980   0x0800b980   0x0000005c   Code   RO         1331    x$fpl$scalbn        fz_ws.l(scalbn.o)
    0x0800b9dc   0x0800b9dc   0x00000004   Code   RO         1438    x$fpl$scanf1        fz_ws.l(scanf1.o)
    0x0800b9e0   0x0800b9e0   0x00000008   Code   RO         1481    x$fpl$scanf2        fz_ws.l(scanf2.o)
    0x0800b9e8   0x0800b9e8   0x00000030   Code   RO         1487    x$fpl$trapveneer    fz_ws.l(trapv.o)
    0x0800ba18   0x0800ba18   0x00000000   Code   RO         1333    x$fpl$usenofp       fz_ws.l(usenofp.o)
    0x0800ba18   0x0800ba18   0x00000200   Data   RO          442    .constdata          debug.o
    0x0800bc18   0x0800bc18   0x00000024   Data   RO          582    .constdata          spiffs.o
    0x0800bc3c   0x0800bc3c   0x00000028   Data   RO         1118    .constdata          c_w.l(_printf_hex_int.o)
    0x0800bc64   0x0800bc64   0x00000011   Data   RO         1148    .constdata          c_w.l(__printf_flags_wp.o)
    0x0800bc75   0x0800bc75   0x00000003   PAD
    0x0800bc78   0x0800bc78   0x00000088   Data   RO         1244    .constdata          m_ws.l(pow.o)
    0x0800bd00   0x0800bd00   0x0000000c   Data   RO         1275    .constdata          c_w.l(_monlen.o)
    0x0800bd0c   0x0800bd0c   0x00000004   PAD
    0x0800bd10   0x0800bd10   0x00000008   Data   RO         1352    .constdata          m_ws.l(qnan.o)
    0x0800bd18   0x0800bd18   0x00000094   Data   RO         1399    .constdata          c_w.l(bigflt0.o)
    0x0800bdac   0x0800bdac   0x00000343   Data   RO          443    .conststring        debug.o
    0x0800c0ef   0x0800c0ef   0x00000001   PAD
    0x0800c0f0   0x0800c0f0   0x00000020   Data   RO         1580    Region$$Table       anon$$obj.o
    0x0800c110   0x0800c110   0x00000008   Data   RO         1477    c$$dinf             fz_ws.l(fpconst.o)
    0x0800c118   0x0800c118   0x00000008   Data   RO         1480    c$$dmax             fz_ws.l(fpconst.o)
    0x0800c120   0x0800c120   0x0000001c   Data   RO         1423    locale$$data        c_w.l(lc_numeric_c.o)
    0x0800c13c   0x0800c13c   0x00000110   Data   RO         1446    locale$$data        c_w.l(lc_ctype_c.o)


    Execution Region RW_IRAM1 (Exec base: 0x20000000, Load base: 0x0800c24c, Size: 0x0000a4d0, Max: 0x00020000, ABSOLUTE)

    Exec Addr    Load Addr    Size         Type   Attr      Idx    E Section Name        Object

    0x20000000   0x0800c24c   0x00000008   Data   RW          388    .data               rtc.o
    0x20000008   0x0800c254   0x00000004   Data   RW          420    .data               structure_data.o
    0x2000000c   0x0800c258   0x00000004   Data   RW          444    .data               debug.o
    0x20000010   0x0800c25c   0x00000003   Data   RW          662    .data               gsm_gprs.o
    0x20000013   0x0800c25f   0x00000010   Data   RW          921    .data               stm32f2xx_rcc.o
    0x20000023   0x0800c26f   0x00000001   PAD
    0x20000024   0x0800c270   0x00000014   Data   RW         1074    .data               system_stm32f2xx.o
    0x20000038        -       0x00000018   Zero   RW          387    .bss                rtc.o
    0x20000050        -       0x00009cfc   Zero   RW          419    .bss                structure_data.o
    0x20009d4c        -       0x0000003c   Zero   RW          661    .bss                gsm_gprs.o
    0x20009d88        -       0x000000e4   Zero   RW         1165    .bss                c_w.l(rand.o)
    0x20009e6c        -       0x00000060   Zero   RW         1362    .bss                c_w.l(libspace.o)
    0x20009ecc   0x0800c284   0x00000004   PAD
    0x20009ed0        -       0x00000200   Zero   RW         1064    HEAP                startup_stm32f2xx.o
    0x2000a0d0        -       0x00000400   Zero   RW         1063    STACK               startup_stm32f2xx.o


==============================================================================

Image component sizes


      Code (inc. data)   RO Data    RW Data    ZI Data      Debug   Object Name

       688         58          0          0          0       2544   camera.o
       376          6          0          0          0       2429   data.o
      1356        282       1347          4          0       3979   debug.o
      1440        118          0          0          0       5772   flash.o
         0          0          0          0          0       4140   flash_internal.o
      5444        266          0          0          0       5139   gps_process.o
       744        192          0          3         60       2419   gsm_gprs.o
        48         22          0          0          0        489   gsm_process.o
       112         50          0          0          0     226596   initsystem.o
       588         50          0          0          0       2676   interrup.o
       168         10          0          0          0        698   led.o
       788         68          0          0          0     325899   main.o
      3276        930          0          0          0       6205   mc60_gsm.o
       224         20          0          0          0       2029   misc.o
       760         70          0          8         24       3711   rtc.o
      1528        232         36          0          0       5628   spiffs.o
        64         26        388          0       1536        844   startup_stm32f2xx.o
       604         36          0          0          0       4189   stm32f2xx_gpio.o
        64          6          0          0          0       1361   stm32f2xx_iwdg.o
       216         12          0          0          0       2340   stm32f2xx_pwr.o
      1416         48          0         16          0      11191   stm32f2xx_rcc.o
      2824         36          0          0          0      12277   stm32f2xx_rtc.o
       936         22          0          0          0       6588   stm32f2xx_spi.o
      3234         60          0          0          0      23076   stm32f2xx_tim.o
      1050         26          0          0          0       7920   stm32f2xx_usart.o
         0          0          0          4      40188        727   structure_data.o
       480         40          0         20          0       1903   system_stm32f2xx.o
       184          6          0          0          0       4898   tim.o
      1142         40          0          0          0      33512   uart.o

    ----------------------------------------------------------------------
     29760       2732       1804         56      41808     711179   Object Totals
         0          0         32          0          0          0   (incl. Generated)
         6          0          1          1          0          0   (incl. Padding)

    ----------------------------------------------------------------------

      Code (inc. data)   RO Data    RW Data    ZI Data      Debug   Library Member Name

         8          0          0          0          0         68   __main.o
       312          4         17          0          0         92   __printf_flags_wp.o
        14          0          0          0          0         68   __printf_wp.o
         0          0          0          0          0          0   __rtentry.o
        12          0          0          0          0          0   __rtentry2.o
         6          0          0          0          0          0   __rtentry4.o
        52          8          0          0          0          0   __scatter.o
        26          0          0          0          0          0   __scatter_copy.o
        28          0          0          0          0          0   __scatter_zi.o
        28          0          0          0          0         68   _chval.o
         0          0         12          0          0          0   _monlen.o
         6          0          0          0          0          0   _printf_c.o
        44          0          0          0          0        108   _printf_char.o
        48          6          0          0          0         96   _printf_char_common.o
         6          0          0          0          0          0   _printf_d.o
       120         16          0          0          0         92   _printf_dec.o
         6          0          0          0          0          0   _printf_f.o
      1054          0          0          0          0        216   _printf_fp_dec.o
       128         16          0          0          0         84   _printf_fp_infnan.o
        88          4         40          0          0         88   _printf_hex_int.o
       178          0          0          0          0         88   _printf_intcommon.o
        78          0          0          0          0        108   _printf_pad.o
         0          0          0          0          0          0   _printf_percent.o
         4          0          0          0          0          0   _printf_percent_end.o
         6          0          0          0          0          0   _printf_s.o
        82          0          0          0          0         80   _printf_str.o
         6          0          0          0          0          0   _printf_x.o
        22          0          0          0          0        100   _rserrno.o
        64          0          0          0          0         84   _sgetc.o
        10          0          0          0          0         68   _sputc.o
       158          0          0          0          0         92   _strtoul.o
        26          0          0          0          0         80   atoi.o
       228          4        148          0          0         96   bigflt0.o
      2152        136          0          0          0        960   btod.o
        18          0          0          0          0         80   exit.o
         6          0          0          0          0        152   heapauxi.o
         0          0          0          0          0          0   indicate_semi.o
        18          0          0          0          0         76   isspace.o
        44         10        272          0          0         76   lc_ctype_c.o
        44         10         28          0          0         76   lc_numeric_c.o
         2          0          0          0          0          0   libinit.o
        34          0          0          0          0          0   libinit2.o
         2          0          0          0          0          0   libshutdown.o
         2          0          0          0          0          0   libshutdown2.o
         8          4          0          0         96         68   libspace.o
        38          0          0          0          0         68   llshl.o
       138          0          0          0          0         80   lludiv10.o
       428         10          0          0          0        116   mktime.o
        40          6          0          0          0         84   noretval__2sprintf.o
       112         18          0          0        228        160   rand.o
        16          4          0          0          0         76   rt_ctype_table.o
         8          4          0          0          0         68   rt_errno_addr_intlibspace.o
         8          4          0          0          0         68   rt_locale_intlibspace.o
        68          0          0          0          0         68   rt_memclr.o
        78          0          0          0          0         80   rt_memclr_w.o
       100          0          0          0          0         80   rt_memcpy_w.o
         2          0          0          0          0          0   rtexit.o
        10          0          0          0          0          0   rtexit2.o
      1272         16          0          0          0        168   scanf_fp.o
       800         14          0          0          0        100   scanf_hexfp.o
       308         16          0          0          0        100   scanf_infnan.o
        24          0          0          0          0         68   strcat.o
       128          0          0          0          0         68   strcmpv7m.o
        72          0          0          0          0         80   strcpy.o
        62          0          0          0          0         76   strlen.o
        36          0          0          0          0         80   strstr.o
       164         14          0          0          0        120   strtod.o
       112          0          0          0          0         88   strtol.o
        12          4          0          0          0         68   sys_exit.o
        74          0          0          0          0         80   sys_stackheap_outer.o
         2          0          0          0          0         68   use_no_semi.o
        98          4          0          0          0         92   d2f.o
       826         16          0          0          0        348   daddsub_clz.o
        16          4          0          0          0         68   dcheck1.o
        24          0          0          0          0         68   dcmpi.o
       688        140          0          0          0        208   ddiv.o
       120          4          0          0          0         92   deqf.o
        90          4          0          0          0         92   dfixu.o
        84          0          0          0          0        136   dflt_clz.o
       120          4          0          0          0         92   dleqf.o
       340         12          0          0          0        104   dmul.o
       156          4          0          0          0         92   dnaninf.o
        12          0          0          0          0         68   dretinf.o
       108          0          0          0          0         80   drleqf.o
       460         56          0          0          0        120   dsqrt_noumaal.o
        86          4          0          0          0         84   f2d.o
       430          8          0          0          0        168   faddsub_clz.o
       388         76          0          0          0         96   fdiv.o
        62          4          0          0          0         84   ffixu.o
        48          0          0          0          0         68   fflt_clz.o
       258          4          0          0          0         84   fmul.o
       140          4          0          0          0         84   fnaninf.o
         0          0         16          0          0          0   fpconst.o
        10          0          0          0          0         68   fretinf.o
         6          0          0          0          0         68   istatus.o
         4          0          0          0          0         68   printf1.o
       100          0          0          0          0         68   retnan.o
        92          0          0          0          0         68   scalbn.o
         4          0          0          0          0         68   scanf1.o
         8          0          0          0          0         84   scanf2.o
        48          0          0          0          0         68   trapv.o
         0          0          0          0          0          0   usenofp.o
        42          0          0          0          0         84   atof.o
        62         10          0          0          0        340   dunder.o
        40          0          0          0          0         68   fpclassify.o
        88          8          0          0          0         76   frexp.o
       138          0          0          0          0        160   ldexp.o
       204          4          0          0          0        168   narrow.o
       170          0          0          0          0         96   poly.o
      2520        190        136          0          0        324   pow.o
         0          0          8          0          0          0   qnan.o
        76          0          0          0          0         84   sqrt.o

    ----------------------------------------------------------------------
     17492        890        684          0        328       9664   Library Totals
        36          2          7          0          4          0   (incl. Padding)

    ----------------------------------------------------------------------

      Code (inc. data)   RO Data    RW Data    ZI Data      Debug   Library Name

      9290        328        517          0        324       5376   c_w.l
      4826        348         16          0          0       2888   fz_ws.l
      3340        212        144          0          0       1400   m_ws.l

    ----------------------------------------------------------------------
     17492        890        684          0        328       9664   Library Totals

    ----------------------------------------------------------------------

==============================================================================


      Code (inc. data)   RO Data    RW Data    ZI Data      Debug   

     47252       3622       2488         56      42136     712987   Grand Totals
     47252       3622       2488         56      42136     712987   ELF Image Totals
     47252       3622       2488         56          0          0   ROM Totals

==============================================================================

    Total RO  Size (Code + RO Data)                49740 (  48.57kB)
    Total RW  Size (RW Data + ZI Data)             42192 (  41.20kB)
    Total ROM Size (Code + RO Data + RW Data)      49796 (  48.63kB)

==============================================================================

