Component: ARM Compiler 5.06 update 4 (build 422) Tool: armlink [4d35d2]

==============================================================================

Section Cross References

    led.o(.text) refers to stm32f2xx_rcc.o(.text) for RCC_AHB1PeriphClockCmd
    led.o(.text) refers to stm32f2xx_gpio.o(.text) for GPIO_Init
    led.o(.text) refers to gps_process.o(.text) for GPS_GetValid
    led.o(.text) refers to debug.o(.text) for DebugPrint
    led.o(.text) refers to dataflash.o(.text) for FLASH_GetTrangThai
    led.o(.text) refers to led.o(.data) for Led
    led.o(.text) refers to main.o(.bss) for xSystem
    led.o(.text) refers to bgt_rfid.o(.bss) for RFID
    main.o(.text) refers to gsm_message.o(.text) for Message_Tick100ms
    main.o(.text) refers to gps_process.o(.text) for GPS_Manage
    main.o(.text) refers to measurement.o(.text) for Measure_Tick1000ms
    main.o(.text) refers to hardwaremanager.o(.text) for Hardware_XoaCoLoi
    main.o(.text) refers to bgt_rfid.o(.text) for RFID_Tick1s
    main.o(.text) refers to olddataprocess.o(.text) for OldData_Tick1s
    main.o(.text) refers to hp2010.o(.text) for HP2010_Tick1s
    main.o(.text) refers to tatdongco.o(.text) for KhoaXe_Tick1s
    main.o(.text) refers to nhienlieu.o(.text) for NhienLieu_Tick1s
    main.o(.text) refers to gsm_gprs.o(.text) for GSM_Tick100ms
    main.o(.text) refers to bgt_process.o(.text) for BGT_Tick100ms
    main.o(.text) refers to bgt_alarm.o(.text) for Alarm_Tick100ms
    main.o(.text) refers to initsystem.o(.text) for System_Initialize
    main.o(.text) refers to watchdog.o(.text) for Watchdog_Reset
    main.o(.text) refers to gsm_hardware.o(.text) for GSM_XuLyDuLieu
    main.o(.text) refers to configuration.o(.text) for Config_Process
    main.o(.text) refers to utilities.o(.text) for mem_set
    main.o(.text) refers to main.o(.bss) for xSystem
    main.o(.text) refers to bgt_rfid.o(.bss) for RFID
    buzz.o(.text) refers to stm32f2xx_rcc.o(.text) for RCC_AHB1PeriphClockCmd
    buzz.o(.text) refers to stm32f2xx_gpio.o(.text) for GPIO_Init
    buzz.o(.text) refers to buzz.o(.data) for Buzz
    debug.o(.text) refers to stm32f2xx_usart.o(.text) for USART_DeInit
    debug.o(.text) refers to stm32f2xx_rcc.o(.text) for RCC_APB2PeriphClockCmd
    debug.o(.text) refers to stm32f2xx_gpio.o(.text) for GPIO_PinAFConfig
    debug.o(.text) refers to misc.o(.text) for NVIC_PriorityGroupConfig
    debug.o(.text) refers to main.o(.bss) for xSystem
    utilities.o(.text) refers to watchdog.o(.text) for Watchdog_Reset
    utilities.o(.text) refers to main.o(.text) for XuLyHamQuanTrong
    utilities.o(.text) refers to strlen.o(.text) for strlen
    utilities.o(.text) refers to main.o(.bss) for xSystem
    interrupt.o(.text) refers to amthanh.o(.text) for AmThanh_Tick1ms
    interrupt.o(.text) refers to stm32f2xx_exti.o(.text) for EXTI_GetITStatus
    interrupt.o(.text) refers to measurement.o(.text) for Measure_TinhKm
    interrupt.o(.text) refers to stm32f2xx_tim.o(.text) for TIM_GetITStatus
    interrupt.o(.text) refers to buzz.o(.text) for Buzz_Tick
    interrupt.o(.text) refers to watchdog.o(.text) for Watchdog_Tick
    interrupt.o(.text) refers to led.o(.text) for Led_Tick10ms
    interrupt.o(.text) refers to nhienlieu.o(.text) for NhienLieu_Tick10ms
    interrupt.o(.text) refers to bgt_process.o(.text) for BGT_Tick200ms
    interrupt.o(.text) refers to rtc.o(.text) for RTC_ProcessSystem
    interrupt.o(.text) refers to stm32f2xx_usart.o(.text) for USART_GetITStatus
    interrupt.o(.text) refers to configuration.o(.text) for Config_ReceiveData
    interrupt.o(.text) refers to gps_hardware.o(.text) for GPS_ReceiveData
    interrupt.o(.text) refers to gsm_hardware.o(.text) for GSM_ReceiveData
    interrupt.o(.text) refers to hp2010.o(.text) for HP2010_NhanDuLieu
    interrupt.o(.text) refers to bgt_rfid.o(.text) for RFID_ReceiveData
    interrupt.o(.text) refers to main.o(.bss) for xSystem
    interrupt.o(.text) refers to gsm_hardware.o(.bss) for GSM
    interrupt.o(.text) refers to interrupt.o(.data) for tmpCount
    interrupt.o(.text) refers to configuration.o(.bss) for Config
    interrupt.o(.text) refers to bgt_rfid.o(.bss) for RFID
    interrupt.o(.text) refers to hp2010.o(.bss) for HP2010
    interrupt.o(.text) refers to gsm_message.o(.bss) for Message
    interrupt.o(.text) refers to measurement.o(.bss) for Measure
    interrupt.o(.text) refers to measurement.o(.data) for NumberOfPulse
    interrupt.o(.text) refers to gps_hardware.o(.bss) for GPS
    cauhinh.o(.text) refers to _printf_percent.o(.ARM.Collect$$_printf_percent$$00000000) for _printf_percent
    cauhinh.o(.text) refers to _printf_s.o(.ARM.Collect$$_printf_percent$$00000014) for _printf_s
    cauhinh.o(.text) refers to _printf_str.o(.text) for _printf_str
    cauhinh.o(.text) refers to _printf_u.o(.ARM.Collect$$_printf_percent$$0000000A) for _printf_u
    cauhinh.o(.text) refers to _printf_dec.o(.text) for _printf_int_dec
[...]
    RCC_AHB1PeriphClockLPModeCmd             0x0801836f   Thumb Code    34  stm32f2xx_rcc.o(.text)
    RCC_AHB2PeriphClockLPModeCmd             0x08018391   Thumb Code    34  stm32f2xx_rcc.o(.text)
    RCC_AHB3PeriphClockLPModeCmd             0x080183b3   Thumb Code    34  stm32f2xx_rcc.o(.text)
    RCC_APB1PeriphClockLPModeCmd             0x080183d5   Thumb Code    34  stm32f2xx_rcc.o(.text)
    RCC_APB2PeriphClockLPModeCmd             0x080183f7   Thumb Code    34  stm32f2xx_rcc.o(.text)
    RCC_ITConfig                             0x08018419   Thumb Code    34  stm32f2xx_rcc.o(.text)
    RCC_ClearFlag                            0x0801843b   Thumb Code    18  stm32f2xx_rcc.o(.text)
    RCC_GetITStatus                          0x0801844d   Thumb Code    22  stm32f2xx_rcc.o(.text)
    RCC_ClearITPendingBit                    0x08018463   Thumb Code     8  stm32f2xx_rcc.o(.text)
    RTC_WaitForSynchro                       0x08018471   Thumb Code    92  stm32f2xx_rtc.o(.text)
    RTC_EnterInitMode                        0x080184cd   Thumb Code    84  stm32f2xx_rtc.o(.text)
    RTC_DeInit                               0x08018521   Thumb Code   182  stm32f2xx_rtc.o(.text)
    RTC_ExitInitMode                         0x080185d7   Thumb Code    18  stm32f2xx_rtc.o(.text)
    RTC_Init                                 0x080185e9   Thumb Code    94  stm32f2xx_rtc.o(.text)
    RTC_StructInit                           0x08018647   Thumb Code    14  stm32f2xx_rtc.o(.text)
    RTC_WriteProtectionCmd                   0x08018655   Thumb Code    22  stm32f2xx_rtc.o(.text)
    RTC_RefClockCmd                          0x0801866b   Thumb Code    76  stm32f2xx_rtc.o(.text)
    RTC_SetTime                              0x080186e9   Thumb Code   184  stm32f2xx_rtc.o(.text)
    RTC_TimeStructInit                       0x080187a1   Thumb Code    12  stm32f2xx_rtc.o(.text)
    RTC_GetTime                              0x080187ad   Thumb Code    74  stm32f2xx_rtc.o(.text)
    RTC_SetDate                              0x080187f7   Thumb Code   190  stm32f2xx_rtc.o(.text)
    RTC_DateStructInit                       0x080188b5   Thumb Code    14  stm32f2xx_rtc.o(.text)
    RTC_GetDate                              0x080188c3   Thumb Code    68  stm32f2xx_rtc.o(.text)
    RTC_SetAlarm                             0x08018907   Thumb Code   234  stm32f2xx_rtc.o(.text)
    RTC_AlarmStructInit                      0x080189f1   Thumb Code    22  stm32f2xx_rtc.o(.text)
    RTC_GetAlarm                             0x08018a07   Thumb Code   114  stm32f2xx_rtc.o(.text)
    RTC_AlarmCmd                             0x08018a79   Thumb Code   116  stm32f2xx_rtc.o(.text)
    RTC_WakeUpClockConfig                    0x08018aed   Thumb Code    46  stm32f2xx_rtc.o(.text)
    RTC_SetWakeUpCounter                     0x08018b1b   Thumb Code    24  stm32f2xx_rtc.o(.text)
    RTC_GetWakeUpCounter                     0x08018b33   Thumb Code    10  stm32f2xx_rtc.o(.text)
    RTC_WakeUpCmd                            0x08018b3d   Thumb Code   120  stm32f2xx_rtc.o(.text)
    RTC_DayLightSavingConfig                 0x08018bb5   Thumb Code    54  stm32f2xx_rtc.o(.text)
    RTC_GetStoreOperation                    0x08018beb   Thumb Code    12  stm32f2xx_rtc.o(.text)
    RTC_OutputConfig                         0x08018bf7   Thumb Code    54  stm32f2xx_rtc.o(.text)
    RTC_CoarseCalibConfig                    0x08018c2d   Thumb Code    56  stm32f2xx_rtc.o(.text)
    RTC_CoarseCalibCmd                       0x08018c65   Thumb Code    82  stm32f2xx_rtc.o(.text)
    RTC_CalibOutputCmd                       0x08018cb7   Thumb Code    50  stm32f2xx_rtc.o(.text)
    RTC_TimeStampCmd                         0x08018ce9   Thumb Code    52  stm32f2xx_rtc.o(.text)
    RTC_GetTimeStamp                         0x08018d1d   Thumb Code   144  stm32f2xx_rtc.o(.text)
    RTC_TamperTriggerConfig                  0x08018dad   Thumb Code    38  stm32f2xx_rtc.o(.text)
    RTC_TamperCmd                            0x08018dd3   Thumb Code    34  stm32f2xx_rtc.o(.text)
    RTC_WriteBackupRegister                  0x08018df5   Thumb Code    26  stm32f2xx_rtc.o(.text)
    RTC_ReadBackupRegister                   0x08018e0f   Thumb Code    28  stm32f2xx_rtc.o(.text)
    RTC_TamperPinSelection                   0x08018e2b   Thumb Code    26  stm32f2xx_rtc.o(.text)
    RTC_TimeStampPinSelection                0x08018e45   Thumb Code    26  stm32f2xx_rtc.o(.text)
    RTC_OutputTypeConfig                     0x08018e5f   Thumb Code    26  stm32f2xx_rtc.o(.text)
    RTC_ITConfig                             0x08018e79   Thumb Code    90  stm32f2xx_rtc.o(.text)
    RTC_GetFlagStatus                        0x08018ed3   Thumb Code    36  stm32f2xx_rtc.o(.text)
    RTC_ClearFlag                            0x08018ef7   Thumb Code    28  stm32f2xx_rtc.o(.text)
    RTC_GetITStatus                          0x08018f13   Thumb Code    58  stm32f2xx_rtc.o(.text)
    RTC_ClearITPendingBit                    0x08018f4d   Thumb Code    32  stm32f2xx_rtc.o(.text)
    SPI_I2S_DeInit                           0x08018f79   Thumb Code    76  stm32f2xx_spi.o(.text)
    SPI_Init                                 0x08018fc5   Thumb Code    60  stm32f2xx_spi.o(.text)
    I2S_Init                                 0x08019001   Thumb Code   350  stm32f2xx_spi.o(.text)
    SPI_StructInit                           0x0801915f   Thumb Code    24  stm32f2xx_spi.o(.text)
    I2S_StructInit                           0x08019177   Thumb Code    20  stm32f2xx_spi.o(.text)
    SPI_Cmd                                  0x0801918b   Thumb Code    24  stm32f2xx_spi.o(.text)
    I2S_Cmd                                  0x080191a3   Thumb Code    24  stm32f2xx_spi.o(.text)
    SPI_DataSizeConfig                       0x080191bb   Thumb Code    18  stm32f2xx_spi.o(.text)
    SPI_BiDirectionalLineConfig              0x080191cd   Thumb Code    28  stm32f2xx_spi.o(.text)
    SPI_NSSInternalSoftwareConfig            0x080191e9   Thumb Code    30  stm32f2xx_spi.o(.text)
    SPI_SSOutputCmd                          0x08019207   Thumb Code    24  stm32f2xx_spi.o(.text)
    SPI_TIModeCmd                            0x0801921f   Thumb Code    24  stm32f2xx_spi.o(.text)
    SPI_I2S_ReceiveData                      0x08019237   Thumb Code     6  stm32f2xx_spi.o(.text)
    SPI_I2S_SendData                         0x0801923d   Thumb Code     4  stm32f2xx_spi.o(.text)
    SPI_CalculateCRC                         0x08019241   Thumb Code    24  stm32f2xx_spi.o(.text)
    SPI_TransmitCRC                          0x08019259   Thumb Code    10  stm32f2xx_spi.o(.text)
    SPI_GetCRC                               0x08019263   Thumb Code    16  stm32f2xx_spi.o(.text)
    SPI_GetCRCPolynomial                     0x08019273   Thumb Code     6  stm32f2xx_spi.o(.text)
    SPI_I2S_DMACmd                           0x08019279   Thumb Code    18  stm32f2xx_spi.o(.text)
    SPI_I2S_ITConfig                         0x0801928b   Thumb Code    32  stm32f2xx_spi.o(.text)
    SPI_I2S_GetFlagStatus                    0x080192ab   Thumb Code    18  stm32f2xx_spi.o(.text)
    SPI_I2S_ClearFlag                        0x080192bd   Thumb Code     6  stm32f2xx_spi.o(.text)
    SPI_I2S_GetITStatus                      0x080192c3   Thumb Code    52  stm32f2xx_spi.o(.text)
    SPI_I2S_ClearITPendingBit                0x080192f7   Thumb Code    20  stm32f2xx_spi.o(.text)
    SYSCFG_DeInit                            0x08019321   Thumb Code    22  stm32f2xx_syscfg.o(.text)
    SYSCFG_MemoryRemapConfig                 0x08019337   Thumb Code     6  stm32f2xx_syscfg.o(.text)
    SYSCFG_EXTILineConfig                    0x0801933d   Thumb Code    66  stm32f2xx_syscfg.o(.text)
    SYSCFG_ETH_MediaInterfaceConfig          0x0801937f   Thumb Code     6  stm32f2xx_syscfg.o(.text)
    SYSCFG_CompensationCellCmd               0x08019385   Thumb Code     6  stm32f2xx_syscfg.o(.text)
    SYSCFG_GetCompensationCellStatus         0x0801938b   Thumb Code    22  stm32f2xx_syscfg.o(.text)
    TIM_DeInit                               0x080193ad   Thumb Code   346  stm32f2xx_tim.o(.text)
    TIM_TimeBaseInit                         0x08019507   Thumb Code   104  stm32f2xx_tim.o(.text)
    TIM_TimeBaseStructInit                   0x0801956f   Thumb Code    18  stm32f2xx_tim.o(.text)
    TIM_PrescalerConfig                      0x08019581   Thumb Code     6  stm32f2xx_tim.o(.text)
    TIM_CounterModeConfig                    0x08019587   Thumb Code    18  stm32f2xx_tim.o(.text)
    TIM_SetCounter                           0x08019599   Thumb Code     4  stm32f2xx_tim.o(.text)
    TIM_SetAutoreload                        0x0801959d   Thumb Code     4  stm32f2xx_tim.o(.text)
    TIM_GetCounter                           0x080195a1   Thumb Code     6  stm32f2xx_tim.o(.text)
    TIM_GetPrescaler                         0x080195a7   Thumb Code     6  stm32f2xx_tim.o(.text)
    TIM_UpdateDisableConfig                  0x080195ad   Thumb Code    24  stm32f2xx_tim.o(.text)
    TIM_UpdateRequestConfig                  0x080195c5   Thumb Code    24  stm32f2xx_tim.o(.text)
    TIM_ARRPreloadConfig                     0x080195dd   Thumb Code    24  stm32f2xx_tim.o(.text)
    TIM_SelectOnePulseMode                   0x080195f5   Thumb Code    18  stm32f2xx_tim.o(.text)
    TIM_SetClockDivision                     0x08019607   Thumb Code    18  stm32f2xx_tim.o(.text)
    TIM_Cmd                                  0x08019619   Thumb Code    24  stm32f2xx_tim.o(.text)
    TIM_OC1Init                              0x08019631   Thumb Code   114  stm32f2xx_tim.o(.text)
    TIM_OC2Init                              0x080196a3   Thumb Code   154  stm32f2xx_tim.o(.text)
    TIM_OC3Init                              0x0801973d   Thumb Code   204  stm32f2xx_tim.o(.text)
    TIM_OC4Init                              0x08019809   Thumb Code   112  stm32f2xx_tim.o(.text)
    TIM_OCStructInit                         0x08019879   Thumb Code    20  stm32f2xx_tim.o(.text)
    TIM_SelectOCxM                           0x0801988d   Thumb Code    86  stm32f2xx_tim.o(.text)
    TIM_SetCompare1                          0x080198e3   Thumb Code     4  stm32f2xx_tim.o(.text)
    TIM_SetCompare2                          0x080198e7   Thumb Code     4  stm32f2xx_tim.o(.text)
    TIM_SetCompare3                          0x080198eb   Thumb Code     4  stm32f2xx_tim.o(.text)
    TIM_SetCompare4                          0x080198ef   Thumb Code     4  stm32f2xx_tim.o(.text)
    TIM_ForcedOC1Config                      0x080198f3   Thumb Code    18  stm32f2xx_tim.o(.text)
    TIM_ForcedOC2Config                      0x08019905   Thumb Code    26  stm32f2xx_tim.o(.text)
    TIM_ForcedOC3Config                      0x0801991f   Thumb Code    18  stm32f2xx_tim.o(.text)
    TIM_ForcedOC4Config                      0x08019931   Thumb Code    26  stm32f2xx_tim.o(.text)
    TIM_OC1PreloadConfig                     0x0801994b   Thumb Code    18  stm32f2xx_tim.o(.text)
    TIM_OC2PreloadConfig                     0x0801995d   Thumb Code    26  stm32f2xx_tim.o(.text)
    TIM_OC3PreloadConfig                     0x08019977   Thumb Code    18  stm32f2xx_tim.o(.text)
    TIM_OC4PreloadConfig                     0x08019989   Thumb Code    26  stm32f2xx_tim.o(.text)
    TIM_OC1FastConfig                        0x080199a3   Thumb Code    18  stm32f2xx_tim.o(.text)
    TIM_OC2FastConfig                        0x080199b5   Thumb Code    26  stm32f2xx_tim.o(.text)
    TIM_OC3FastConfig                        0x080199cf   Thumb Code    18  stm32f2xx_tim.o(.text)
    TIM_OC4FastConfig                        0x080199e1   Thumb Code    26  stm32f2xx_tim.o(.text)
    TIM_ClearOC1Ref                          0x080199fb   Thumb Code    18  stm32f2xx_tim.o(.text)
    TIM_ClearOC2Ref                          0x08019a0d   Thumb Code    24  stm32f2xx_tim.o(.text)
    TIM_ClearOC3Ref                          0x08019a25   Thumb Code    18  stm32f2xx_tim.o(.text)
    TIM_ClearOC4Ref                          0x08019a37   Thumb Code    24  stm32f2xx_tim.o(.text)
    TIM_OC1PolarityConfig                    0x08019a4f   Thumb Code    18  stm32f2xx_tim.o(.text)
    TIM_OC1NPolarityConfig                   0x08019a61   Thumb Code    18  stm32f2xx_tim.o(.text)
    TIM_OC2PolarityConfig                    0x08019a73   Thumb Code    26  stm32f2xx_tim.o(.text)
    TIM_OC2NPolarityConfig                   0x08019a8d   Thumb Code    26  stm32f2xx_tim.o(.text)
    TIM_OC3PolarityConfig                    0x08019aa7   Thumb Code    26  stm32f2xx_tim.o(.text)
    TIM_OC3NPolarityConfig                   0x08019ac1   Thumb Code    26  stm32f2xx_tim.o(.text)
    TIM_OC4PolarityConfig                    0x08019adb   Thumb Code    26  stm32f2xx_tim.o(.text)
    TIM_CCxCmd                               0x08019af5   Thumb Code    30  stm32f2xx_tim.o(.text)
    TIM_CCxNCmd                              0x08019b13   Thumb Code    30  stm32f2xx_tim.o(.text)
    TIM_SetIC4Prescaler                      0x08019b31   Thumb Code    26  stm32f2xx_tim.o(.text)
    TIM_SetIC3Prescaler                      0x08019b9b   Thumb Code    18  stm32f2xx_tim.o(.text)
    TIM_SetIC2Prescaler                      0x08019bf5   Thumb Code    26  stm32f2xx_tim.o(.text)
    TIM_SetIC1Prescaler                      0x08019c69   Thumb Code    18  stm32f2xx_tim.o(.text)
    TIM_ICInit                               0x08019cb5   Thumb Code   110  stm32f2xx_tim.o(.text)
    TIM_ICStructInit                         0x08019d23   Thumb Code    18  stm32f2xx_tim.o(.text)
    TIM_PWMIConfig                           0x08019d35   Thumb Code   124  stm32f2xx_tim.o(.text)
    TIM_GetCapture1                          0x08019db1   Thumb Code     6  stm32f2xx_tim.o(.text)
    TIM_GetCapture2                          0x08019db7   Thumb Code     6  stm32f2xx_tim.o(.text)
    TIM_GetCapture3                          0x08019dbd   Thumb Code     6  stm32f2xx_tim.o(.text)
    TIM_GetCapture4                          0x08019dc3   Thumb Code     6  stm32f2xx_tim.o(.text)
    TIM_BDTRConfig                           0x08019dc9   Thumb Code    32  stm32f2xx_tim.o(.text)
    TIM_BDTRStructInit                       0x08019de9   Thumb Code    18  stm32f2xx_tim.o(.text)
    TIM_CtrlPWMOutputs                       0x08019dfb   Thumb Code    30  stm32f2xx_tim.o(.text)
    TIM_SelectCOM                            0x08019e19   Thumb Code    24  stm32f2xx_tim.o(.text)
    TIM_CCPreloadControl                     0x08019e31   Thumb Code    24  stm32f2xx_tim.o(.text)
    TIM_ITConfig                             0x08019e49   Thumb Code    18  stm32f2xx_tim.o(.text)
    TIM_GenerateEvent                        0x08019e5b   Thumb Code     4  stm32f2xx_tim.o(.text)
    TIM_GetFlagStatus                        0x08019e5f   Thumb Code    18  stm32f2xx_tim.o(.text)
    TIM_ClearFlag                            0x08019e71   Thumb Code     6  stm32f2xx_tim.o(.text)
    TIM_GetITStatus                          0x08019e77   Thumb Code    34  stm32f2xx_tim.o(.text)
    TIM_ClearITPendingBit                    0x08019e99   Thumb Code     6  stm32f2xx_tim.o(.text)
    TIM_DMAConfig                            0x08019e9f   Thumb Code    10  stm32f2xx_tim.o(.text)
    TIM_DMACmd                               0x08019ea9   Thumb Code    18  stm32f2xx_tim.o(.text)
    TIM_SelectCCDMA                          0x08019ebb   Thumb Code    24  stm32f2xx_tim.o(.text)
    TIM_InternalClockConfig                  0x08019ed3   Thumb Code    12  stm32f2xx_tim.o(.text)
    TIM_SelectInputTrigger                   0x08019edf   Thumb Code    18  stm32f2xx_tim.o(.text)
    TIM_ITRxExternalClockConfig              0x08019ef1   Thumb Code    24  stm32f2xx_tim.o(.text)
    TIM_TIxExternalClockConfig               0x08019f09   Thumb Code    62  stm32f2xx_tim.o(.text)
    TIM_ETRConfig                            0x08019f47   Thumb Code    28  stm32f2xx_tim.o(.text)
    TIM_ETRClockMode1Config                  0x08019f63   Thumb Code    54  stm32f2xx_tim.o(.text)
    TIM_ETRClockMode2Config                  0x08019f99   Thumb Code    32  stm32f2xx_tim.o(.text)
    TIM_SelectOutputTrigger                  0x08019fb9   Thumb Code    18  stm32f2xx_tim.o(.text)
    TIM_SelectSlaveMode                      0x08019fcb   Thumb Code    18  stm32f2xx_tim.o(.text)
    TIM_SelectMasterSlaveMode                0x08019fdd   Thumb Code    18  stm32f2xx_tim.o(.text)
    TIM_EncoderInterfaceConfig               0x08019fef   Thumb Code    66  stm32f2xx_tim.o(.text)
    TIM_SelectHallSensor                     0x0801a031   Thumb Code    24  stm32f2xx_tim.o(.text)
    TIM_RemapConfig                          0x0801a049   Thumb Code     6  stm32f2xx_tim.o(.text)
    USART_DeInit                             0x0801a051   Thumb Code   156  stm32f2xx_usart.o(.text)
    USART_Init                               0x0801a0ed   Thumb Code   204  stm32f2xx_usart.o(.text)
    USART_StructInit                         0x0801a1b9   Thumb Code    24  stm32f2xx_usart.o(.text)
    USART_ClockInit                          0x0801a1d1   Thumb Code    32  stm32f2xx_usart.o(.text)
    USART_ClockStructInit                    0x0801a1f1   Thumb Code    12  stm32f2xx_usart.o(.text)
    USART_Cmd                                0x0801a1fd   Thumb Code    24  stm32f2xx_usart.o(.text)
    USART_SetPrescaler                       0x0801a215   Thumb Code    16  stm32f2xx_usart.o(.text)
    USART_OverSampling8Cmd                   0x0801a225   Thumb Code    22  stm32f2xx_usart.o(.text)
    USART_OneBitMethodCmd                    0x0801a23b   Thumb Code    24  stm32f2xx_usart.o(.text)
    USART_SendData                           0x0801a253   Thumb Code     8  stm32f2xx_usart.o(.text)
    USART_ReceiveData                        0x0801a25b   Thumb Code    10  stm32f2xx_usart.o(.text)
    USART_SetAddress                         0x0801a265   Thumb Code    18  stm32f2xx_usart.o(.text)
    USART_ReceiverWakeUpCmd                  0x0801a277   Thumb Code    24  stm32f2xx_usart.o(.text)
    USART_WakeUpConfig                       0x0801a28f   Thumb Code    18  stm32f2xx_usart.o(.text)
    USART_LINBreakDetectLengthConfig         0x0801a2a1   Thumb Code    18  stm32f2xx_usart.o(.text)
    USART_LINCmd                             0x0801a2b3   Thumb Code    24  stm32f2xx_usart.o(.text)
    USART_SendBreak                          0x0801a2cb   Thumb Code    10  stm32f2xx_usart.o(.text)
    USART_HalfDuplexCmd                      0x0801a2d5   Thumb Code    24  stm32f2xx_usart.o(.text)
    USART_SetGuardTime                       0x0801a2ed   Thumb Code    16  stm32f2xx_usart.o(.text)
    USART_SmartCardCmd                       0x0801a2fd   Thumb Code    24  stm32f2xx_usart.o(.text)
    USART_SmartCardNACKCmd                   0x0801a315   Thumb Code    24  stm32f2xx_usart.o(.text)
    USART_IrDAConfig                         0x0801a32d   Thumb Code    18  stm32f2xx_usart.o(.text)
    USART_IrDACmd                            0x0801a33f   Thumb Code    24  stm32f2xx_usart.o(.text)
    USART_DMACmd                             0x0801a357   Thumb Code    18  stm32f2xx_usart.o(.text)
    USART_ITConfig                           0x0801a369   Thumb Code    74  stm32f2xx_usart.o(.text)
    USART_GetFlagStatus                      0x0801a3b3   Thumb Code    26  stm32f2xx_usart.o(.text)
    USART_ClearFlag                          0x0801a3cd   Thumb Code    18  stm32f2xx_usart.o(.text)
    USART_GetITStatus                        0x0801a3df   Thumb Code   110  stm32f2xx_usart.o(.text)
    USART_ClearITPendingBit                  0x0801a44d   Thumb Code    30  stm32f2xx_usart.o(.text)
    Reset_Handler                            0x0801a46d   Thumb Code     8  startup_stm32f2xx.o(.text)
    NMI_Handler                              0x0801a475   Thumb Code     2  startup_stm32f2xx.o(.text)
    HardFault_Handler                        0x0801a477   Thumb Code     2  startup_stm32f2xx.o(.text)
    MemManage_Handler                        0x0801a479   Thumb Code     2  startup_stm32f2xx.o(.text)
    BusFault_Handler                         0x0801a47b   Thumb Code     2  startup_stm32f2xx.o(.text)
    UsageFault_Handler                       0x0801a47d   Thumb Code     2  startup_stm32f2xx.o(.text)
    SVC_Handler                              0x0801a47f   Thumb Code     2  startup_stm32f2xx.o(.text)
    DebugMon_Handler                         0x0801a481   Thumb Code     2  startup_stm32f2xx.o(.text)
    PendSV_Handler                           0x0801a483   Thumb Code     2  startup_stm32f2xx.o(.text)
    ADC_IRQHandler                           0x0801a487   Thumb Code     0  startup_stm32f2xx.o(.text)
    CAN1_RX0_IRQHandler                      0x0801a487   Thumb Code     0  startup_stm32f2xx.o(.text)
    CAN1_RX1_IRQHandler                      0x0801a487   Thumb Code     0  startup_stm32f2xx.o(.text)
    CAN1_SCE_IRQHandler                      0x0801a487   Thumb Code     0  startup_stm32f2xx.o(.text)
    CAN1_TX_IRQHandler                       0x0801a487   Thumb Code     0  startup_stm32f2xx.o(.text)
    CAN2_RX0_IRQHandler                      0x0801a487   Thumb Code     0  startup_stm32f2xx.o(.text)
    CAN2_RX1_IRQHandler                      0x0801a487   Thumb Code     0  startup_stm32f2xx.o(.text)
    CAN2_SCE_IRQHandler                      0x0801a487   Thumb Code     0  startup_stm32f2xx.o(.text)
    CAN2_TX_IRQHandler                       0x0801a487   Thumb Code     0  startup_stm32f2xx.o(.text)
    CRYP_IRQHandler                          0x0801a487   Thumb Code     0  startup_stm32f2xx.o(.text)
    DCMI_IRQHandler                          0x0801a487   Thumb Code     0  startup_stm32f2xx.o(.text)
    DMA1_Stream0_IRQHandler                  0x0801a487   Thumb Code     0  startup_stm32f2xx.o(.text)
    DMA1_Stream1_IRQHandler                  0x0801a487   Thumb Code     0  startup_stm32f2xx.o(.text)
    DMA1_Stream2_IRQHandler                  0x0801a487   Thumb Code     0  startup_stm32f2xx.o(.text)
    DMA1_Stream3_IRQHandler                  0x0801a487   Thumb Code     0  startup_stm32f2xx.o(.text)
    DMA1_Stream4_IRQHandler                  0x0801a487   Thumb Code     0  startup_stm32f2xx.o(.text)
    DMA1_Stream5_IRQHandler                  0x0801a487   Thumb Code     0  startup_stm32f2xx.o(.text)
    DMA1_Stream6_IRQHandler                  0x0801a487   Thumb Code     0  startup_stm32f2xx.o(.text)
    DMA1_Stream7_IRQHandler                  0x0801a487   Thumb Code     0  startup_stm32f2xx.o(.text)
    DMA2_Stream0_IRQHandler                  0x0801a487   Thumb Code     0  startup_stm32f2xx.o(.text)
    DMA2_Stream1_IRQHandler                  0x0801a487   Thumb Code     0  startup_stm32f2xx.o(.text)
    DMA2_Stream2_IRQHandler                  0x0801a487   Thumb Code     0  startup_stm32f2xx.o(.text)
    DMA2_Stream3_IRQHandler                  0x0801a487   Thumb Code     0  startup_stm32f2xx.o(.text)
    DMA2_Stream4_IRQHandler                  0x0801a487   Thumb Code     0  startup_stm32f2xx.o(.text)
    DMA2_Stream5_IRQHandler                  0x0801a487   Thumb Code     0  startup_stm32f2xx.o(.text)
    DMA2_Stream6_IRQHandler                  0x0801a487   Thumb Code     0  startup_stm32f2xx.o(.text)
    DMA2_Stream7_IRQHandler                  0x0801a487   Thumb Code     0  startup_stm32f2xx.o(.text)
    ETH_IRQHandler                           0x0801a487   Thumb Code     0  startup_stm32f2xx.o(.text)
    ETH_WKUP_IRQHandler                      0x0801a487   Thumb Code     0  startup_stm32f2xx.o(.text)
    EXTI0_IRQHandler                         0x0801a487   Thumb Code     0  startup_stm32f2xx.o(.text)
    EXTI15_10_IRQHandler                     0x0801a487   Thumb Code     0  startup_stm32f2xx.o(.text)
    EXTI1_IRQHandler                         0x0801a487   Thumb Code     0  startup_stm32f2xx.o(.text)
    EXTI2_IRQHandler                         0x0801a487   Thumb Code     0  startup_stm32f2xx.o(.text)
    EXTI3_IRQHandler                         0x0801a487   Thumb Code     0  startup_stm32f2xx.o(.text)
    EXTI4_IRQHandler                         0x0801a487   Thumb Code     0  startup_stm32f2xx.o(.text)
    FLASH_IRQHandler                         0x0801a487   Thumb Code     0  startup_stm32f2xx.o(.text)
    FSMC_IRQHandler                          0x0801a487   Thumb Code     0  startup_stm32f2xx.o(.text)
    HASH_RNG_IRQHandler                      0x0801a487   Thumb Code     0  startup_stm32f2xx.o(.text)
    I2C1_ER_IRQHandler                       0x0801a487   Thumb Code     0  startup_stm32f2xx.o(.text)
    I2C1_EV_IRQHandler                       0x0801a487   Thumb Code     0  startup_stm32f2xx.o(.text)
    I2C2_ER_IRQHandler                       0x0801a487   Thumb Code     0  startup_stm32f2xx.o(.text)
    I2C2_EV_IRQHandler                       0x0801a487   Thumb Code     0  startup_stm32f2xx.o(.text)
    I2C3_ER_IRQHandler                       0x0801a487   Thumb Code     0  startup_stm32f2xx.o(.text)
    I2C3_EV_IRQHandler                       0x0801a487   Thumb Code     0  startup_stm32f2xx.o(.text)
    OTG_FS_IRQHandler                        0x0801a487   Thumb Code     0  startup_stm32f2xx.o(.text)
    OTG_FS_WKUP_IRQHandler                   0x0801a487   Thumb Code     0  startup_stm32f2xx.o(.text)
    OTG_HS_EP1_IN_IRQHandler                 0x0801a487   Thumb Code     0  startup_stm32f2xx.o(.text)
    OTG_HS_EP1_OUT_IRQHandler                0x0801a487   Thumb Code     0  startup_stm32f2xx.o(.text)
    OTG_HS_IRQHandler                        0x0801a487   Thumb Code     0  startup_stm32f2xx.o(.text)
    OTG_HS_WKUP_IRQHandler                   0x0801a487   Thumb Code     0  startup_stm32f2xx.o(.text)
    PVD_IRQHandler                           0x0801a487   Thumb Code     0  startup_stm32f2xx.o(.text)
    RCC_IRQHandler                           0x0801a487   Thumb Code     0  startup_stm32f2xx.o(.text)
    RTC_Alarm_IRQHandler                     0x0801a487   Thumb Code     0  startup_stm32f2xx.o(.text)
    RTC_WKUP_IRQHandler                      0x0801a487   Thumb Code     0  startup_stm32f2xx.o(.text)
    SDIO_IRQHandler                          0x0801a487   Thumb Code     0  startup_stm32f2xx.o(.text)
    SPI1_IRQHandler                          0x0801a487   Thumb Code     0  startup_stm32f2xx.o(.text)
    SPI2_IRQHandler                          0x0801a487   Thumb Code     0  startup_stm32f2xx.o(.text)
    SPI3_IRQHandler                          0x0801a487   Thumb Code     0  startup_stm32f2xx.o(.text)
    TAMP_STAMP_IRQHandler                    0x0801a487   Thumb Code     0  startup_stm32f2xx.o(.text)
    TIM1_BRK_TIM9_IRQHandler                 0x0801a487   Thumb Code     0  startup_stm32f2xx.o(.text)
    TIM1_CC_IRQHandler                       0x0801a487   Thumb Code     0  startup_stm32f2xx.o(.text)
    TIM1_TRG_COM_TIM11_IRQHandler            0x0801a487   Thumb Code     0  startup_stm32f2xx.o(.text)
    TIM1_UP_TIM10_IRQHandler                 0x0801a487   Thumb Code     0  startup_stm32f2xx.o(.text)
    TIM4_IRQHandler                          0x0801a487   Thumb Code     0  startup_stm32f2xx.o(.text)
    TIM5_IRQHandler                          0x0801a487   Thumb Code     0  startup_stm32f2xx.o(.text)
    TIM6_DAC_IRQHandler                      0x0801a487   Thumb Code     0  startup_stm32f2xx.o(.text)
    TIM7_IRQHandler                          0x0801a487   Thumb Code     0  startup_stm32f2xx.o(.text)
    TIM8_BRK_TIM12_IRQHandler                0x0801a487   Thumb Code     0  startup_stm32f2xx.o(.text)
    TIM8_CC_IRQHandler                       0x0801a487   Thumb Code     0  startup_stm32f2xx.o(.text)
    TIM8_TRG_COM_TIM14_IRQHandler            0x0801a487   Thumb Code     0  startup_stm32f2xx.o(.text)
    TIM8_UP_TIM13_IRQHandler                 0x0801a487   Thumb Code     0  startup_stm32f2xx.o(.text)
    USART6_IRQHandler                        0x0801a487   Thumb Code     0  startup_stm32f2xx.o(.text)
    WWDG_IRQHandler                          0x0801a487   Thumb Code     0  startup_stm32f2xx.o(.text)
    __user_initial_stackheap                 0x0801a489   Thumb Code     0  startup_stm32f2xx.o(.text)
    SystemInit                               0x0801a56d   Thumb Code    74  system_stm32f2xx.o(.text)
    SystemCoreClockUpdate                    0x0801a5b7   Thumb Code   174  system_stm32f2xx.o(.text)
    __2sprintf                               0x0801a68d   Thumb Code    38  __2sprintf.o(.text)
    _printf_pre_padding                      0x0801a6b9   Thumb Code    44  _printf_pad.o(.text)
    _printf_post_padding                     0x0801a6e5   Thumb Code    34  _printf_pad.o(.text)
    _printf_str                              0x0801a707   Thumb Code    82  _printf_str.o(.text)
    _printf_int_dec                          0x0801a759   Thumb Code   104  _printf_dec.o(.text)
    __printf                                 0x0801a7d1   Thumb Code   308  __printf_flags_wp.o(.text)
    atoi                                     0x0801a909   Thumb Code    26  atoi.o(.text)
    strtok                                   0x0801a925   Thumb Code     6  strtok.o(.text)
    strstr                                   0x0801a931   Thumb Code    36  strstr.o(.text)
    strcpy                                   0x0801a955   Thumb Code    72  strcpy.o(.text)
    strlen                                   0x0801a99d   Thumb Code    62  strlen.o(.text)
    strcat                                   0x0801a9db   Thumb Code    24  strcat.o(.text)
    __aeabi_memcpy                           0x0801a9f3   Thumb Code     0  rt_memcpy_v6.o(.text)
    __rt_memcpy                              0x0801a9f3   Thumb Code   138  rt_memcpy_v6.o(.text)
    _memcpy_lastbytes                        0x0801aa59   Thumb Code     0  rt_memcpy_v6.o(.text)
    __aeabi_memcpy4                          0x0801aa7d   Thumb Code     0  rt_memcpy_w.o(.text)
    __aeabi_memcpy8                          0x0801aa7d   Thumb Code     0  rt_memcpy_w.o(.text)
    __rt_memcpy_w                            0x0801aa7d   Thumb Code   100  rt_memcpy_w.o(.text)
    _memcpy_lastbytes_aligned                0x0801aac5   Thumb Code     0  rt_memcpy_w.o(.text)
    __aeabi_memclr4                          0x0801aae1   Thumb Code     0  rt_memclr_w.o(.text)
    __aeabi_memclr8                          0x0801aae1   Thumb Code     0  rt_memclr_w.o(.text)
    __rt_memclr_w                            0x0801aae1   Thumb Code    78  rt_memclr_w.o(.text)
    _memset_w                                0x0801aae5   Thumb Code     0  rt_memclr_w.o(.text)
    strcmp                                   0x0801ab31   Thumb Code   128  strcmpv7m.o(.text)
    localtime                                0x0801abb1   Thumb Code     6  localtime.o(.text)
    mktime                                   0x0801abfb   Thumb Code   356  mktime.o(.text)
    __use_two_region_memory                  0x0801ad69   Thumb Code     2  heapauxi.o(.text)
    __rt_heap_escrow$2region                 0x0801ad6b   Thumb Code     2  heapauxi.o(.text)
    __rt_heap_expand$2region                 0x0801ad6d   Thumb Code     2  heapauxi.o(.text)
    __aeabi_errno_addr                       0x0801ad71   Thumb Code     8  rt_errno_addr_intlibspace.o(.text)
    __errno$intlibspace                      0x0801ad71   Thumb Code     0  rt_errno_addr_intlibspace.o(.text)
    __rt_errno_addr$intlibspace              0x0801ad71   Thumb Code     0  rt_errno_addr_intlibspace.o(.text)
    __read_errno                             0x0801ad79   Thumb Code    10  _rserrno.o(.text)
    __set_errno                              0x0801ad83   Thumb Code    12  _rserrno.o(.text)
    _printf_int_common                       0x0801ad8f   Thumb Code   178  _printf_intcommon.o(.text)
    __lib_sel_fp_printf                      0x0801ae41   Thumb Code     2  _printf_fp_dec.o(.text)
    _printf_fp_dec_real                      0x0801afef   Thumb Code   620  _printf_fp_dec.o(.text)
    _printf_char_common                      0x0801b267   Thumb Code    32  _printf_char_common.o(.text)
    _sputc                                   0x0801b28d   Thumb Code    10  _sputc.o(.text)
    _printf_cs_common                        0x0801b297   Thumb Code    20  _printf_char.o(.text)
    _printf_char                             0x0801b2ab   Thumb Code    16  _printf_char.o(.text)
    _printf_string                           0x0801b2bb   Thumb Code     8  _printf_char.o(.text)
    __strtod_int                             0x0801b301   Thumb Code    90  strtod.o(.text)
    strtol                                   0x0801b369   Thumb Code   112  strtol.o(.text)
    __strtok_internal                        0x0801b3d9   Thumb Code    64  strtok_int.o(.text)
    _localtime_r                             0x0801b41d   Thumb Code   178  localtime_internal.o(.text)
    _n$localtime_r                           0x0801b41d   Thumb Code     0  localtime_internal.o(.text)
    __user_libspace                          0x0801b4d5   Thumb Code     8  libspace.o(.text)
    __user_perproc_libspace                  0x0801b4d5   Thumb Code     0  libspace.o(.text)
    __user_perthread_libspace                0x0801b4d5   Thumb Code     0  libspace.o(.text)
    __rt_ctype_table                         0x0801b4dd   Thumb Code    16  rt_ctype_table.o(.text)
    __rt_locale                              0x0801b4ed   Thumb Code     8  rt_locale_intlibspace.o(.text)
    _ll_udiv10                               0x0801b4f5   Thumb Code   138  lludiv10.o(.text)
    isspace                                  0x0801b57f   Thumb Code    18  isspace.o(.text)
    _printf_fp_infnan                        0x0801b591   Thumb Code   112  _printf_fp_infnan.o(.text)
    _sgetc                                   0x0801b611   Thumb Code    30  _sgetc.o(.text)
    _sbackspace                              0x0801b62f   Thumb Code    34  _sgetc.o(.text)
    _strtoul                                 0x0801b651   Thumb Code   158  _strtoul.o(.text)
    _btod_etento                             0x0801b6f1   Thumb Code   216  bigflt0.o(.text)
    strcspn                                  0x0801b7cd   Thumb Code    32  strcspn.o(.text)
    strspn                                   0x0801b7ed   Thumb Code    28  strspn.o(.text)
    __user_setup_stackheap                   0x0801b809   Thumb Code    74  sys_stackheap_outer.o(.text)
    _chval                                   0x0801b853   Thumb Code    28  _chval.o(.text)
    _scanf_really_real                       0x0801ba6d   Thumb Code   668  scanf_fp.o(.text)
    exit                                     0x0801bd15   Thumb Code    18  exit.o(.text)
    _scanf_really_hex_real                   0x0801bd29   Thumb Code   786  scanf_hexfp.o(.text)
    _scanf_really_infnan                     0x0801c049   Thumb Code   292  scanf_infnan.o(.text)
    _sys_exit                                0x0801c17d   Thumb Code     8  sys_exit.o(.text)
    __aeabi_llsl                             0x0801c189   Thumb Code     0  llshl.o(.text)
    _ll_shift_l                              0x0801c189   Thumb Code    38  llshl.o(.text)
    __I$use$semihosting                      0x0801c1af   Thumb Code     0  use_no_semi.o(.text)
    __use_no_semihosting_swi                 0x0801c1af   Thumb Code     2  use_no_semi.o(.text)
    __semihosting_library_function           0x0801c1b1   Thumb Code     0  indicate_semi.o(.text)
    _btod_d2e                                0x0801c1b1   Thumb Code    62  btod.o(CL$$btod_d2e)
    _d2e_denorm_low                          0x0801c1ef   Thumb Code    70  btod.o(CL$$btod_d2e_denorm_low)
    _d2e_norm_op1                            0x0801c235   Thumb Code    96  btod.o(CL$$btod_d2e_norm_op1)
    __btod_div_common                        0x0801c295   Thumb Code   696  btod.o(CL$$btod_div_common)
    _e2d                                     0x0801c5cd   Thumb Code    80  btod.o(CL$$btod_e2d)
    _e2e                                     0x0801c621   Thumb Code   198  btod.o(CL$$btod_e2e)
    _btod_ediv                               0x0801c6e7   Thumb Code    40  btod.o(CL$$btod_ediv)
    _btod_edivd                              0x0801c70f   Thumb Code    40  btod.o(CL$$btod_edivd)
    _btod_emul                               0x0801c737   Thumb Code    40  btod.o(CL$$btod_emul)
    _btod_emuld                              0x0801c75f   Thumb Code    40  btod.o(CL$$btod_emuld)
    __btod_mult_common                       0x0801c787   Thumb Code   580  btod.o(CL$$btod_mult_common)
    __ARM_fpclassify                         0x0801c9cb   Thumb Code    40  fpclassify.o(i.__ARM_fpclassify)
    __mathlib_dbl_overflow                   0x0801c9f3   Thumb Code    14  dunder.o(i.__mathlib_dbl_overflow)
    __mathlib_dbl_underflow                  0x0801ca01   Thumb Code    10  dunder.o(i.__mathlib_dbl_underflow)
    __mathlib_narrow                         0x0801ca11   Thumb Code    16  narrow.o(i.__mathlib_narrow)
    __mathlib_tofloat                        0x0801ca21   Thumb Code   132  narrow.o(i.__mathlib_tofloat)
    __support_ldexp                          0x0801caa9   Thumb Code    22  ldexp.o(i.__support_ldexp)
    _is_digit                                0x0801cabf   Thumb Code    14  __printf_wp.o(i._is_digit)
    atof                                     0x0801cacd   Thumb Code    42  atof.o(i.atof)
    frexp                                    0x0801caf9   Thumb Code    80  frexp.o(i.frexp)
    ldexp                                    0x0801cb51   Thumb Code   116  ldexp.o(i.ldexp)
    _get_lc_numeric                          0x0801cbc5   Thumb Code    44  lc_numeric_c.o(locale$$code)
    _get_lc_ctype                            0x0801cbf1   Thumb Code    44  lc_ctype_c.o(locale$$code)
    __aeabi_d2f                              0x0801cc1d   Thumb Code     0  d2f.o(x$fpl$d2f)
    _d2f                                     0x0801cc1d   Thumb Code    98  d2f.o(x$fpl$d2f)
    __fpl_dcheck_NaN1                        0x0801cc81   Thumb Code    10  dcheck1.o(x$fpl$dcheck1)
    __fpl_dcmp_Inf                           0x0801cc91   Thumb Code    24  dcmpi.o(x$fpl$dcmpinf)
    __aeabi_cdcmpeq                          0x0801cca9   Thumb Code     0  deqf.o(x$fpl$deqf)
    _dcmpeq                                  0x0801cca9   Thumb Code   120  deqf.o(x$fpl$deqf)
    __aeabi_d2uiz                            0x0801cd21   Thumb Code     0  dfixu.o(x$fpl$dfixu)
    _dfixu                                   0x0801cd21   Thumb Code    90  dfixu.o(x$fpl$dfixu)
    __aeabi_ui2d                             0x0801cd7b   Thumb Code     0  dflt_clz.o(x$fpl$dfltu)
    _dfltu                                   0x0801cd7b   Thumb Code    38  dflt_clz.o(x$fpl$dfltu)
    __aeabi_cdcmple                          0x0801cda1   Thumb Code     0  dleqf.o(x$fpl$dleqf)
    _dcmple                                  0x0801cda1   Thumb Code   120  dleqf.o(x$fpl$dleqf)
    __fpl_dcmple_InfNaN                      0x0801ce03   Thumb Code     0  dleqf.o(x$fpl$dleqf)
    __aeabi_dmul                             0x0801ce19   Thumb Code     0  dmul.o(x$fpl$dmul)
    _dmul                                    0x0801ce19   Thumb Code   332  dmul.o(x$fpl$dmul)
    __fpl_dnaninf                            0x0801cf6d   Thumb Code   156  dnaninf.o(x$fpl$dnaninf)
    __fpl_dretinf                            0x0801d009   Thumb Code    12  dretinf.o(x$fpl$dretinf)
    __aeabi_cdrcmple                         0x0801d015   Thumb Code     0  drleqf.o(x$fpl$drleqf)
    _drcmple                                 0x0801d015   Thumb Code   108  drleqf.o(x$fpl$drleqf)
    __aeabi_f2d                              0x0801d081   Thumb Code     0  f2d.o(x$fpl$f2d)
    _f2d                                     0x0801d081   Thumb Code    86  f2d.o(x$fpl$f2d)
    __aeabi_fadd                             0x0801d0d9   Thumb Code     0  faddsub_clz.o(x$fpl$fadd)
    _fadd                                    0x0801d0d9   Thumb Code   196  faddsub_clz.o(x$fpl$fadd)
    __aeabi_fdiv                             0x0801d19d   Thumb Code     0  fdiv.o(x$fpl$fdiv)
    _fdiv                                    0x0801d19d   Thumb Code   384  fdiv.o(x$fpl$fdiv)
    __aeabi_f2uiz                            0x0801d321   Thumb Code     0  ffixu.o(x$fpl$ffixu)
    _ffixu                                   0x0801d321   Thumb Code    62  ffixu.o(x$fpl$ffixu)
    __aeabi_i2f                              0x0801d361   Thumb Code     0  fflt_clz.o(x$fpl$fflt)
    _fflt                                    0x0801d361   Thumb Code    48  fflt_clz.o(x$fpl$fflt)
    __aeabi_ui2f                             0x0801d391   Thumb Code     0  fflt_clz.o(x$fpl$ffltu)
    _ffltu                                   0x0801d391   Thumb Code    38  fflt_clz.o(x$fpl$ffltu)
    __aeabi_fmul                             0x0801d3b9   Thumb Code     0  fmul.o(x$fpl$fmul)
    _fmul                                    0x0801d3b9   Thumb Code   258  fmul.o(x$fpl$fmul)
    __fpl_fnaninf                            0x0801d4bb   Thumb Code   140  fnaninf.o(x$fpl$fnaninf)
    __fpl_fretinf                            0x0801d547   Thumb Code    10  fretinf.o(x$fpl$fretinf)
    __aeabi_fsub                             0x0801d551   Thumb Code     0  faddsub_clz.o(x$fpl$fsub)
    _fsub                                    0x0801d551   Thumb Code   234  faddsub_clz.o(x$fpl$fsub)
    _printf_fp_dec                           0x0801d63b   Thumb Code     4  printf1.o(x$fpl$printf1)
    __fpl_return_NaN                         0x0801d63f   Thumb Code   100  retnan.o(x$fpl$retnan)
    __ARM_scalbn                             0x0801d6a3   Thumb Code    92  scalbn.o(x$fpl$scalbn)
    _scanf_real                              0x0801d6ff   Thumb Code     4  scanf1.o(x$fpl$scanf1)
    _scanf_hex_real                          0x0801d703   Thumb Code     4  scanf2.o(x$fpl$scanf2)
    _scanf_infnan                            0x0801d707   Thumb Code     4  scanf2.o(x$fpl$scanf2)
    __fpl_cmpreturn                          0x0801d70b   Thumb Code    48  trapv.o(x$fpl$trapveneer)
    __I$use$fp                               0x0801d73a   Number         0  usenofp.o(x$fpl$usenofp)
    _monlen                                  0x0801d88c   Data          12  _monlen.o(.constdata)
    Region$$Table$$Base                      0x0801d9b8   Number         0  anon$$obj.o(Region$$Table)
    Region$$Table$$Limit                     0x0801d9d8   Number         0  anon$$obj.o(Region$$Table)
    __aeabi_HUGE_VAL                         0x0801d9d8   Data           0  fpconst.o(c$$dinf)
    __aeabi_HUGE_VALL                        0x0801d9d8   Data           0  fpconst.o(c$$dinf)
    __aeabi_INFINITY                         0x0801d9d8   Data           0  fpconst.o(c$$dinf)
    __dInf                                   0x0801d9d8   Data           0  fpconst.o(c$$dinf)
    __huge_val                               0x0801d9d8   Data           0  fpconst.o(c$$dinf)
    __ctype                                  0x0801da09   Data           0  lc_ctype_c.o(locale$$data)
    Led                                      0x20000000   Data           7  led.o(.data)
    Buzz                                     0x20000007   Data           2  buzz.o(.data)
    tmpBuzz                                  0x20000009   Data           1  buzz.o(.data)
    tmpCount                                 0x2000000a   Data           2  interrupt.o(.data)
    NumberOfPulse                            0x20000010   Data           4  measurement.o(.data)
    VanTocCo                                 0x20000014   Data           4  measurement.o(.data)
    VanTocGPS                                0x20000018   Data           2  measurement.o(.data)
    PowerADCValue                            0x2000001a   Data           2  measurement.o(.data)
    MeasureTime                              0x2000001c   Data           2  measurement.o(.data)
    DangDiChuyenTheoCo                       0x2000001e   Data           1  measurement.o(.data)
    DangDiChuyenTheoGPS                      0x2000001f   Data           1  measurement.o(.data)
    SoBanTinDiChuyenLienTucGPS               0x20000020   Data           4  measurement.o(.data)
    SoBanTinDungLienTucGPS                   0x20000024   Data           4  measurement.o(.data)
    SoBanTinDiChuyenLienTucTheoCo            0x20000028   Data           4  measurement.o(.data)
    SoBanTinDungLienTucTheoCo                0x2000002c   Data           4  measurement.o(.data)
    u8_OldYear                               0x20000038   Data           1  olddataprocess.o(.data)
    u8_OldMonth                              0x20000039   Data           1  olddataprocess.o(.data)
    u8_OldDay                                0x2000003a   Data           1  olddataprocess.o(.data)
    u8_OldHour                               0x2000003b   Data           1  olddataprocess.o(.data)
    u8_OldMinute                             0x2000003c   Data           1  olddataprocess.o(.data)
    u8_OldSecond                             0x2000003d   Data           1  olddataprocess.o(.data)
    CalYear                                  0x2000003e   Data           1  olddataprocess.o(.data)
    CalMonth                                 0x2000003f   Data           1  olddataprocess.o(.data)
    CalDay                                   0x20000040   Data           1  olddataprocess.o(.data)
    CalHour                                  0x20000041   Data           1  olddataprocess.o(.data)
    CalMinute                                0x20000042   Data           1  olddataprocess.o(.data)
    CalSecond                                0x20000043   Data           1  olddataprocess.o(.data)
    CalYearDH                                0x20000044   Data           1  olddataprocess.o(.data)
    CalMonthDH                               0x20000045   Data           1  olddataprocess.o(.data)
    CalDayDH                                 0x20000046   Data           1  olddataprocess.o(.data)
    CalHourDH                                0x20000047   Data           1  olddataprocess.o(.data)
    CalMinuteDH                              0x20000048   Data           1  olddataprocess.o(.data)
    CalSecondDH                              0x20000049   Data           1  olddataprocess.o(.data)
    FLASHStatus                              0x2000004a   Data           1  updatefimware.o(.data)
    Alarm                                    0x20000051   Data           3  bgt_alarm.o(.data)
    LastGPSStatus                            0x2000005a   Data           1  gps_process.o(.data)
    GPSResetCount                            0x2000005c   Data           2  gps_process.o(.data)
    IsBaudrateValid                          0x2000005e   Data           1  gps_process.o(.data)
    BaudRateCount                            0x2000005f   Data           1  gps_process.o(.data)
    GPRS                                     0x20000062   Data           3  gsm_gprs.o(.data)
    SendDataTimeOut                          0x20000068   Data           2  gsm_gprs.o(.data)
    NewCommandToExec                         0x2000006a   Data           1  gsm_gprs.o(.data)
    ThoiGianNhacMay                          0x2000006c   Data           2  gsm_hardware.o(.data)
    RTC_TimeStruct                           0x20000070   Data           4  rtc.o(.data)
    RTC_DateStruct                           0x20000074   Data           4  rtc.o(.data)
    AsynchPrediv                             0x20000078   Data           4  rtc.o(.data)
    SynchPrediv                              0x2000007c   Data           4  rtc.o(.data)
    XuLyDuLieuNgayMoi                        0x20000080   Data           1  rtc.o(.data)
    OldMinute                                0x20000081   Data           1  rtc.o(.data)
    TimeFLashErase                           0x20000088   Data           4  dataflash.o(.data)
    AmThanh                                  0x20000974   Data           6  amthanh.o(.data)
    SystemCoreClock                          0x2000098c   Data           4  system_stm32f2xx.o(.data)
    AHBPrescTable                            0x20000990   Data          16  system_stm32f2xx.o(.data)
    xSystem                                  0x200009a4   Data        4784  main.o(.bss)
    SMSBuffer                                0x20001c54   Data        2048  main.o(.bss)
    xCauHinh                                 0x20002454   Data         206  cauhinh.o(.bss)
    GPSVersion                               0x20002522   Data          10  initsystem.o(.bss)
    KhoaXe                                   0x2000252c   Data         176  tatdongco.o(.bss)
    Measure                                  0x200025dc   Data          12  measurement.o(.bss)
    ADC_RegularConvertedValueTab             0x200025e8   Data          18  measurement.o(.bss)
    Config                                   0x200025fa   Data         516  configuration.o(.bss)
    OldData                                  0x20002800   Data          20  olddataprocess.o(.bss)
    OldDataBuffer                            0x20002814   Data         200  olddataprocess.o(.bss)
    OldDataDongHo                            0x200028dc   Data          50  olddataprocess.o(.bss)
    BGT                                      0x20002910   Data         272  bgt_data.o(.bss)
    DiChuyen                                 0x20002a20   Data          28  bgt_data.o(.bss)
    RFID                                     0x20002a3c   Data         526  bgt_rfid.o(.bss)
    xThongTinLaiXe                           0x20002c4c   Data         112  bgt_laixe.o(.bss)
    BufferSpeed                              0x20002cbc   Data         120  bgt_process.o(.bss)
    BGT_Command                              0x20002d34   Data          12  bgt_command.o(.bss)
    HP2010                                   0x20002e8c   Data        1038  hp2010.o(.bss)
    GPSConvert                               0x2000329c   Data          12  gps_process.o(.bss)
    GPSControl                               0x200032a8   Data          24  gps_process.o(.bss)
    GPSTemp                                  0x200032c0   Data          24  gps_process.o(.bss)
    GPS                                      0x200032d8   Data        1064  gps_hardware.o(.bss)
    SMSMemory                                0x20003700   Data        1365  gsm_sms.o(.bss)
    SoDienThoai                              0x20003c55   Data          20  gsm_sms.o(.bss)
    SendSMSBuffer                            0x20003c69   Data         120  gsm_sms.o(.bss)
    GPRSData                                 0x20003ce2   Data        8630  gsm_gprs.o(.bss)
    SendDataCMDBuf                           0x20005e98   Data          30  gsm_gprs.o(.bss)
    ATCOMMAND                                0x20005eb6   Data         100  gsm_gprs.o(.bss)
    Message                                  0x20005f1c   Data        1088  gsm_message.o(.bss)
    GSM                                      0x2000635c   Data        2072  gsm_hardware.o(.bss)
    xServer                                  0x20006b74   Data        4100  gsm_serverprocess.o(.bss)
    RTC_InitStructure                        0x20007b78   Data          12  rtc.o(.bss)
    tmpDateTime                              0x20007b84   Data          10  rtc.o(.bss)
    Base64                                   0x20007c10   Data        1026  base64.o(.bss)
    MaHoa                                    0x20008012   Data        1034  mahoa.o(.bss)
    NhienLieu                                0x2000841c   Data          24  nhienlieu.o(.bss)
    __libspace_start                         0x20008460   Data          96  libspace.o(.bss)
    __temporary_stack_top$libspace           0x200084c0   Data           0  libspace.o(.bss)



==============================================================================

Memory Map of the image

  Image Entry point : 0x08008185

  Load Region LR_IROM1 (Base: 0x08008000, Size: 0x000164b0, Max: 0x0007c000, ABSOLUTE, COMPRESSED[0x00015f04])

    Execution Region ER_IROM1 (Base: 0x08008000, Size: 0x00015b0c, Max: 0x0007c000, ABSOLUTE)

    Base Addr    Size         Type   Attr      Idx    E Section Name        Object

    0x08008000   0x00000184   Data   RO         1777    RESET               startup_stm32f2xx.o
    0x08008184   0x00000008   Code   RO         1879  * !!!main             c_w.l(__main.o)
    0x0800818c   0x00000034   Code   RO         2260    !!!scatter          c_w.l(__scatter.o)
    0x080081c0   0x0000005a   Code   RO         2258    !!dczerorl2         c_w.l(__dczerorl2.o)
    0x0800821a   0x00000002   PAD
    0x0800821c   0x0000001c   Code   RO         2262    !!handler_zi        c_w.l(__scatter_zi.o)
    0x08008238   0x00000000   Code   RO         1850    .ARM.Collect$$_printf_percent$$00000000  c_w.l(_printf_percent.o)
    0x08008238   0x00000006   Code   RO         1849    .ARM.Collect$$_printf_percent$$00000003  c_w.l(_printf_f.o)
    0x0800823e   0x00000006   Code   RO         1847    .ARM.Collect$$_printf_percent$$00000009  c_w.l(_printf_d.o)
    0x08008244   0x00000006   Code   RO         1848    .ARM.Collect$$_printf_percent$$0000000A  c_w.l(_printf_u.o)
    0x0800824a   0x00000006   Code   RO         1846    .ARM.Collect$$_printf_percent$$00000014  c_w.l(_printf_s.o)
    0x08008250   0x00000004   Code   RO         1943    .ARM.Collect$$_printf_percent$$00000017  c_w.l(_printf_percent_end.o)
    0x08008254   0x00000002   Code   RO         2053    .ARM.Collect$$libinit$$00000000  c_w.l(libinit.o)
    0x08008256   0x00000000   Code   RO         2055    .ARM.Collect$$libinit$$00000002  c_w.l(libinit2.o)
    0x08008256   0x00000000   Code   RO         2057    .ARM.Collect$$libinit$$00000004  c_w.l(libinit2.o)
    0x08008256   0x00000000   Code   RO         2060    .ARM.Collect$$libinit$$0000000A  c_w.l(libinit2.o)
    0x08008256   0x00000000   Code   RO         2062    .ARM.Collect$$libinit$$0000000C  c_w.l(libinit2.o)
    0x08008256   0x00000000   Code   RO         2064    .ARM.Collect$$libinit$$0000000E  c_w.l(libinit2.o)
    0x08008256   0x00000006   Code   RO         2065    .ARM.Collect$$libinit$$0000000F  c_w.l(libinit2.o)
    0x0800825c   0x00000000   Code   RO         2067    .ARM.Collect$$libinit$$00000011  c_w.l(libinit2.o)
    0x0800825c   0x0000000c   Code   RO         2068    .ARM.Collect$$libinit$$00000012  c_w.l(libinit2.o)
    0x08008268   0x00000000   Code   RO         2069    .ARM.Collect$$libinit$$00000013  c_w.l(libinit2.o)
    0x08008268   0x00000000   Code   RO         2071    .ARM.Collect$$libinit$$00000015  c_w.l(libinit2.o)
    0x08008268   0x0000000a   Code   RO         2072    .ARM.Collect$$libinit$$00000016  c_w.l(libinit2.o)
    0x08008272   0x00000000   Code   RO         2073    .ARM.Collect$$libinit$$00000017  c_w.l(libinit2.o)
    0x08008272   0x00000000   Code   RO         2075    .ARM.Collect$$libinit$$00000019  c_w.l(libinit2.o)
    0x08008272   0x00000000   Code   RO         2077    .ARM.Collect$$libinit$$0000001B  c_w.l(libinit2.o)
    0x08008272   0x00000000   Code   RO         2079    .ARM.Collect$$libinit$$0000001D  c_w.l(libinit2.o)
    0x08008272   0x00000000   Code   RO         2081    .ARM.Collect$$libinit$$0000001F  c_w.l(libinit2.o)
    0x08008272   0x00000000   Code   RO         2083    .ARM.Collect$$libinit$$00000021  c_w.l(libinit2.o)
    0x08008272   0x00000000   Code   RO         2085    .ARM.Collect$$libinit$$00000023  c_w.l(libinit2.o)
    0x08008272   0x00000000   Code   RO         2087    .ARM.Collect$$libinit$$00000025  c_w.l(libinit2.o)
    0x08008272   0x00000000   Code   RO         2091    .ARM.Collect$$libinit$$0000002C  c_w.l(libinit2.o)
    0x08008272   0x00000000   Code   RO         2093    .ARM.Collect$$libinit$$0000002E  c_w.l(libinit2.o)
    0x08008272   0x00000000   Code   RO         2095    .ARM.Collect$$libinit$$00000030  c_w.l(libinit2.o)
    0x08008272   0x00000000   Code   RO         2097    .ARM.Collect$$libinit$$00000032  c_w.l(libinit2.o)
    0x08008272   0x00000002   Code   RO         2098    .ARM.Collect$$libinit$$00000033  c_w.l(libinit2.o)
    0x08008274   0x00000002   Code   RO         2157    .ARM.Collect$$libshutdown$$00000000  c_w.l(libshutdown.o)
    0x08008276   0x00000000   Code   RO         2186    .ARM.Collect$$libshutdown$$00000002  c_w.l(libshutdown2.o)
    0x08008276   0x00000000   Code   RO         2188    .ARM.Collect$$libshutdown$$00000004  c_w.l(libshutdown2.o)
    0x08008276   0x00000000   Code   RO         2191    .ARM.Collect$$libshutdown$$00000007  c_w.l(libshutdown2.o)
    0x08008276   0x00000000   Code   RO         2194    .ARM.Collect$$libshutdown$$0000000A  c_w.l(libshutdown2.o)
    0x08008276   0x00000000   Code   RO         2196    .ARM.Collect$$libshutdown$$0000000C  c_w.l(libshutdown2.o)
    0x08008276   0x00000000   Code   RO         2199    .ARM.Collect$$libshutdown$$0000000F  c_w.l(libshutdown2.o)
    0x08008276   0x00000002   Code   RO         2200    .ARM.Collect$$libshutdown$$00000010  c_w.l(libshutdown2.o)
    0x08008278   0x00000000   Code   RO         1925    .ARM.Collect$$rtentry$$00000000  c_w.l(__rtentry.o)
    0x08008278   0x00000000   Code   RO         1966    .ARM.Collect$$rtentry$$00000002  c_w.l(__rtentry2.o)
    0x08008278   0x00000006   Code   RO         1978    .ARM.Collect$$rtentry$$00000004  c_w.l(__rtentry4.o)
    0x0800827e   0x00000000   Code   RO         1968    .ARM.Collect$$rtentry$$00000009  c_w.l(__rtentry2.o)
    0x0800827e   0x00000004   Code   RO         1969    .ARM.Collect$$rtentry$$0000000A  c_w.l(__rtentry2.o)
    0x08008282   0x00000000   Code   RO         1971    .ARM.Collect$$rtentry$$0000000C  c_w.l(__rtentry2.o)
    0x08008282   0x00000008   Code   RO         1972    .ARM.Collect$$rtentry$$0000000D  c_w.l(__rtentry2.o)
    0x0800828a   0x00000002   Code   RO         2099    .ARM.Collect$$rtexit$$00000000  c_w.l(rtexit.o)
    0x0800828c   0x00000000   Code   RO         2121    .ARM.Collect$$rtexit$$00000002  c_w.l(rtexit2.o)
    0x0800828c   0x00000004   Code   RO         2122    .ARM.Collect$$rtexit$$00000003  c_w.l(rtexit2.o)
    0x08008290   0x00000006   Code   RO         2123    .ARM.Collect$$rtexit$$00000004  c_w.l(rtexit2.o)
    0x08008296   0x00000002   PAD
    0x08008298   0x00000350   Code   RO            4    .text               led.o
    0x080085e8   0x00000138   Code   RO          148    .text               main.o
    0x08008720   0x000000d0   Code   RO          228    .text               buzz.o
    0x080087f0   0x000002f0   Code   RO          258    .text               debug.o
    0x08008ae0   0x000003b8   Code   RO          295    .text               utilities.o
    0x08008e98   0x00000324   Code   RO          326    .text               interrupt.o
    0x080091bc   0x00000e8c   Code   RO          372    .text               cauhinh.o
    0x0800a048   0x000003e8   Code   RO          406    .text               initsystem.o
    0x0800a430   0x00000078   Code   RO          459    .text               watchdog.o
    0x0800a4a8   0x000001c0   Code   RO          483    .text               tatdongco.o
    0x0800a668   0x000007c4   Code   RO          536    .text               measurement.o
    0x0800ae2c   0x000004b0   Code   RO          565    .text               configuration.o
    0x0800b2dc   0x0000076c   Code   RO          602    .text               olddataprocess.o
    0x0800ba48   0x00000374   Code   RO          635    .text               hardwaremanager.o
    0x0800bdbc   0x00000198   Code   RO          664    .text               flash_if.o
    0x0800bf54   0x00000310   Code   RO          688    .text               updatefimware.o
    0x0800c264   0x000008cc   Code   RO          715    .text               bgt_data.o
    0x0800cb30   0x0000075c   Code   RO          759    .text               bgt_rfid.o
    0x0800d28c   0x0000060c   Code   RO          787    .text               bgt_laixe.o
    0x0800d898   0x00000148   Code   RO          816    .text               bgt_alarm.o
    0x0800d9e0   0x00000178   Code   RO          844    .text               bgt_process.o
    0x0800db58   0x00000d94   Code   RO          873    .text               bgt_command.o
    0x0800e8ec   0x00000928   Code   RO          901    .text               hp2010.o
    0x0800f214   0x00000640   Code   RO          933    .text               gps_process.o
    0x0800f854   0x000003f4   Code   RO          962    .text               gps_hardware.o
    0x0800fc48   0x000003ac   Code   RO          990    .text               gsm_m95.o
    0x0800fff4   0x00000b54   Code   RO         1021    .text               gsm_sms.o
    0x08010b48   0x000009c0   Code   RO         1052    .text               gsm_gprs.o
    0x08011508   0x00000118   Code   RO         1081    .text               gsm_process.o
    0x08011620   0x0000254c   Code   RO         1106    .text               gsm_message.o
    0x08013b6c   0x00000740   Code   RO         1137    .text               gsm_hardware.o
    0x080142ac   0x00000fdc   Code   RO         1169    .text               gsm_serverprocess.o
    0x08015288   0x000005a4   Code   RO         1207    .text               rtc.o
    0x0801582c   0x000005a8   Code   RO         1236    .text               fram.o
    0x08015dd4   0x000004a8   Code   RO         1266    .text               dataflash.o
    0x0801627c   0x00000470   Code   RO         1295    .text               des.o
    0x080166ec   0x00000208   Code   RO         1322    .text               base64.o
    0x080168f4   0x00000100   Code   RO         1350    .text               mahoa.o
    0x080169f4   0x0000017c   Code   RO         1383    .text               amthanh.o
    0x08016b70   0x00000140   Code   RO         1411    .text               nhienlieu.o
    0x08016cb0   0x000000e0   Code   RO         1440    .text               misc.o
    0x08016d90   0x00000464   Code   RO         1464    .text               stm32f2xx_adc.o
    0x080171f4   0x000003a8   Code   RO         1488    .text               stm32f2xx_dma.o
    0x0801759c   0x0000011c   Code   RO         1512    .text               stm32f2xx_exti.o
    0x080176b8   0x000004bc   Code   RO         1536    .text               stm32f2xx_flash.o
    0x08017b74   0x0000025c   Code   RO         1560    .text               stm32f2xx_gpio.o
    0x08017dd0   0x00000040   Code   RO         1584    .text               stm32f2xx_iwdg.o
    0x08017e10   0x000000d8   Code   RO         1608    .text               stm32f2xx_pwr.o
    0x08017ee8   0x00000588   Code   RO         1632    .text               stm32f2xx_rcc.o
    0x08018470   0x00000b08   Code   RO         1658    .text               stm32f2xx_rtc.o
    0x08018f78   0x000003a8   Code   RO         1682    .text               stm32f2xx_spi.o
    0x08019320   0x0000008c   Code   RO         1706    .text               stm32f2xx_syscfg.o
    0x080193ac   0x00000ca2   Code   RO         1730    .text               stm32f2xx_tim.o
    0x0801a04e   0x00000002   PAD
    0x0801a050   0x0000041a   Code   RO         1754    .text               stm32f2xx_usart.o
    0x0801a46a   0x00000002   PAD
    0x0801a46c   0x00000040   Code   RO         1778    .text               startup_stm32f2xx.o
    0x0801a4ac   0x000001e0   Code   RO         1785    .text               system_stm32f2xx.o
    0x0801a68c   0x0000002c   Code   RO         1814    .text               c_w.l(__2sprintf.o)
    0x0801a6b8   0x0000004e   Code   RO         1820    .text               c_w.l(_printf_pad.o)
    0x0801a706   0x00000052   Code   RO         1822    .text               c_w.l(_printf_str.o)
    0x0801a758   0x00000078   Code   RO         1824    .text               c_w.l(_printf_dec.o)
    0x0801a7d0   0x00000138   Code   RO         1838    .text               c_w.l(__printf_flags_wp.o)
    0x0801a908   0x0000001a   Code   RO         1851    .text               c_w.l(atoi.o)
    0x0801a922   0x00000002   PAD
    0x0801a924   0x0000000c   Code   RO         1853    .text               c_w.l(strtok.o)
    0x0801a930   0x00000024   Code   RO         1856    .text               c_w.l(strstr.o)
    0x0801a954   0x00000048   Code   RO         1858    .text               c_w.l(strcpy.o)
    0x0801a99c   0x0000003e   Code   RO         1860    .text               c_w.l(strlen.o)
    0x0801a9da   0x00000018   Code   RO         1862    .text               c_w.l(strcat.o)
    0x0801a9f2   0x0000008a   Code   RO         1864    .text               c_w.l(rt_memcpy_v6.o)
    0x0801aa7c   0x00000064   Code   RO         1866    .text               c_w.l(rt_memcpy_w.o)
    0x0801aae0   0x0000004e   Code   RO         1868    .text               c_w.l(rt_memclr_w.o)
    0x0801ab2e   0x00000002   PAD
    0x0801ab30   0x00000080   Code   RO         1870    .text               c_w.l(strcmpv7m.o)
    0x0801abb0   0x0000000c   Code   RO         1872    .text               c_w.l(localtime.o)
    0x0801abbc   0x000001ac   Code   RO         1875    .text               c_w.l(mktime.o)
    0x0801ad68   0x00000006   Code   RO         1877    .text               c_w.l(heapauxi.o)
    0x0801ad6e   0x00000002   PAD
    0x0801ad70   0x00000008   Code   RO         1929    .text               c_w.l(rt_errno_addr_intlibspace.o)
    0x0801ad78   0x00000016   Code   RO         1931    .text               c_w.l(_rserrno.o)
    0x0801ad8e   0x000000b2   Code   RO         1933    .text               c_w.l(_printf_intcommon.o)
    0x0801ae40   0x0000041a   Code   RO         1935    .text               c_w.l(_printf_fp_dec.o)
    0x0801b25a   0x00000002   PAD
    0x0801b25c   0x00000030   Code   RO         1937    .text               c_w.l(_printf_char_common.o)
    0x0801b28c   0x0000000a   Code   RO         1939    .text               c_w.l(_sputc.o)
    0x0801b296   0x0000002c   Code   RO         1941    .text               c_w.l(_printf_char.o)
    0x0801b2c2   0x00000002   PAD
    0x0801b2c4   0x000000a4   Code   RO         1944    .text               c_w.l(strtod.o)
    0x0801b368   0x00000070   Code   RO         1946    .text               c_w.l(strtol.o)
    0x0801b3d8   0x00000044   Code   RO         1948    .text               c_w.l(strtok_int.o)
    0x0801b41c   0x000000b8   Code   RO         1951    .text               c_w.l(localtime_internal.o)
    0x0801b4d4   0x00000008   Code   RO         1962    .text               c_w.l(libspace.o)
    0x0801b4dc   0x00000010   Code   RO         1980    .text               c_w.l(rt_ctype_table.o)
    0x0801b4ec   0x00000008   Code   RO         1985    .text               c_w.l(rt_locale_intlibspace.o)
    0x0801b4f4   0x0000008a   Code   RO         1987    .text               c_w.l(lludiv10.o)
    0x0801b57e   0x00000012   Code   RO         1989    .text               c_w.l(isspace.o)
    0x0801b590   0x00000080   Code   RO         1991    .text               c_w.l(_printf_fp_infnan.o)
    0x0801b610   0x00000040   Code   RO         1995    .text               c_w.l(_sgetc.o)
    0x0801b650   0x0000009e   Code   RO         1997    .text               c_w.l(_strtoul.o)
    0x0801b6ee   0x00000002   PAD
    0x0801b6f0   0x000000dc   Code   RO         1999    .text               c_w.l(bigflt0.o)
    0x0801b7cc   0x00000020   Code   RO         2027    .text               c_w.l(strcspn.o)
    0x0801b7ec   0x0000001c   Code   RO         2029    .text               c_w.l(strspn.o)
    0x0801b808   0x0000004a   Code   RO         2037    .text               c_w.l(sys_stackheap_outer.o)
    0x0801b852   0x0000001c   Code   RO         2039    .text               c_w.l(_chval.o)
    0x0801b86e   0x00000002   PAD
    0x0801b870   0x000004a4   Code   RO         2041    .text               c_w.l(scanf_fp.o)
    0x0801bd14   0x00000012   Code   RO         2046    .text               c_w.l(exit.o)
    0x0801bd26   0x00000002   PAD
    0x0801bd28   0x00000320   Code   RO         2127    .text               c_w.l(scanf_hexfp.o)
    0x0801c048   0x00000134   Code   RO         2129    .text               c_w.l(scanf_infnan.o)
    0x0801c17c   0x0000000c   Code   RO         2145    .text               c_w.l(sys_exit.o)
    0x0801c188   0x00000026   Code   RO         2149    .text               c_w.l(llshl.o)
    0x0801c1ae   0x00000002   Code   RO         2176    .text               c_w.l(use_no_semi.o)
    0x0801c1b0   0x00000000   Code   RO         2178    .text               c_w.l(indicate_semi.o)
    0x0801c1b0   0x0000003e   Code   RO         2002    CL$$btod_d2e        c_w.l(btod.o)
    0x0801c1ee   0x00000046   Code   RO         2004    CL$$btod_d2e_denorm_low  c_w.l(btod.o)
    0x0801c234   0x00000060   Code   RO         2003    CL$$btod_d2e_norm_op1  c_w.l(btod.o)
    0x0801c294   0x00000338   Code   RO         2012    CL$$btod_div_common  c_w.l(btod.o)
    0x0801c5cc   0x00000054   Code   RO         2010    CL$$btod_e2d        c_w.l(btod.o)
    0x0801c620   0x000000c6   Code   RO         2009    CL$$btod_e2e        c_w.l(btod.o)
    0x0801c6e6   0x00000028   Code   RO         2006    CL$$btod_ediv       c_w.l(btod.o)
    0x0801c70e   0x00000028   Code   RO         2008    CL$$btod_edivd      c_w.l(btod.o)
    0x0801c736   0x00000028   Code   RO         2005    CL$$btod_emul       c_w.l(btod.o)
    0x0801c75e   0x00000028   Code   RO         2007    CL$$btod_emuld      c_w.l(btod.o)
    0x0801c786   0x00000244   Code   RO         2011    CL$$btod_mult_common  c_w.l(btod.o)
    0x0801c9ca   0x00000028   Code   RO         2035    i.__ARM_fpclassify  m_ws.l(fpclassify.o)
    0x0801c9f2   0x0000000e   Code   RO         2207    i.__mathlib_dbl_overflow  m_ws.l(dunder.o)
    0x0801ca00   0x00000010   Code   RO         2209    i.__mathlib_dbl_underflow  m_ws.l(dunder.o)
    0x0801ca10   0x00000010   Code   RO         2114    i.__mathlib_narrow  m_ws.l(narrow.o)
    0x0801ca20   0x00000088   Code   RO         2115    i.__mathlib_tofloat  m_ws.l(narrow.o)
    0x0801caa8   0x00000016   Code   RO         2165    i.__support_ldexp   m_ws.l(ldexp.o)
    0x0801cabe   0x0000000e   Code   RO         1836    i._is_digit         c_w.l(__printf_wp.o)
    0x0801cacc   0x0000002a   Code   RO         1922    i.atof              m_ws.l(atof.o)
    0x0801caf6   0x00000002   PAD
    0x0801caf8   0x00000058   Code   RO         2140    i.frexp             m_ws.l(frexp.o)
    0x0801cb50   0x00000074   Code   RO         2166    i.ldexp             m_ws.l(ldexp.o)
    0x0801cbc4   0x0000002c   Code   RO         2025    locale$$code        c_w.l(lc_numeric_c.o)
    0x0801cbf0   0x0000002c   Code   RO         2044    locale$$code        c_w.l(lc_ctype_c.o)
    0x0801cc1c   0x00000062   Code   RO         1881    x$fpl$d2f           fz_ws.l(d2f.o)
    0x0801cc7e   0x00000002   PAD
    0x0801cc80   0x00000010   Code   RO         2201    x$fpl$dcheck1       fz_ws.l(dcheck1.o)
    0x0801cc90   0x00000018   Code   RO         2158    x$fpl$dcmpinf       fz_ws.l(dcmpi.o)
    0x0801cca8   0x00000078   Code   RO         2135    x$fpl$deqf          fz_ws.l(deqf.o)
    0x0801cd20   0x0000005a   Code   RO         1883    x$fpl$dfixu         fz_ws.l(dfixu.o)
    0x0801cd7a   0x00000026   Code   RO         1887    x$fpl$dfltu         fz_ws.l(dflt_clz.o)
    0x0801cda0   0x00000078   Code   RO         2160    x$fpl$dleqf         fz_ws.l(dleqf.o)
    0x0801ce18   0x00000154   Code   RO         1893    x$fpl$dmul          fz_ws.l(dmul.o)
    0x0801cf6c   0x0000009c   Code   RO         1953    x$fpl$dnaninf       fz_ws.l(dnaninf.o)
    0x0801d008   0x0000000c   Code   RO         1955    x$fpl$dretinf       fz_ws.l(dretinf.o)
    0x0801d014   0x0000006c   Code   RO         2137    x$fpl$drleqf        fz_ws.l(drleqf.o)
    0x0801d080   0x00000056   Code   RO         1895    x$fpl$f2d           fz_ws.l(f2d.o)
    0x0801d0d6   0x00000002   PAD
    0x0801d0d8   0x000000c4   Code   RO         1897    x$fpl$fadd          fz_ws.l(faddsub_clz.o)
    0x0801d19c   0x00000184   Code   RO         1904    x$fpl$fdiv          fz_ws.l(fdiv.o)
    0x0801d320   0x0000003e   Code   RO         1907    x$fpl$ffixu         fz_ws.l(ffixu.o)
    0x0801d35e   0x00000002   PAD
    0x0801d360   0x00000030   Code   RO         1912    x$fpl$fflt          fz_ws.l(fflt_clz.o)
    0x0801d390   0x00000026   Code   RO         1911    x$fpl$ffltu         fz_ws.l(fflt_clz.o)
    0x0801d3b6   0x00000002   PAD
    0x0801d3b8   0x00000102   Code   RO         1917    x$fpl$fmul          fz_ws.l(fmul.o)
    0x0801d4ba   0x0000008c   Code   RO         1957    x$fpl$fnaninf       fz_ws.l(fnaninf.o)
    0x0801d546   0x0000000a   Code   RO         1959    x$fpl$fretinf       fz_ws.l(fretinf.o)
    0x0801d550   0x000000ea   Code   RO         1899    x$fpl$fsub          fz_ws.l(faddsub_clz.o)
    0x0801d63a   0x00000004   Code   RO         1919    x$fpl$printf1       fz_ws.l(printf1.o)
    0x0801d63e   0x00000064   Code   RO         2232    x$fpl$retnan        fz_ws.l(retnan.o)
    0x0801d6a2   0x0000005c   Code   RO         2162    x$fpl$scalbn        fz_ws.l(scalbn.o)
    0x0801d6fe   0x00000004   Code   RO         2033    x$fpl$scanf1        fz_ws.l(scanf1.o)
    0x0801d702   0x00000008   Code   RO         2108    x$fpl$scanf2        fz_ws.l(scanf2.o)
    0x0801d70a   0x00000030   Code   RO         2238    x$fpl$trapveneer    fz_ws.l(trapv.o)
    0x0801d73a   0x00000000   Code   RO         1961    x$fpl$usenofp       fz_ws.l(usenofp.o)
    0x0801d73a   0x00000141   Data   RO         1324    .constdata          base64.o
    0x0801d87b   0x00000011   Data   RO         1839    .constdata          c_w.l(__printf_flags_wp.o)
    0x0801d88c   0x0000000c   Data   RO         1950    .constdata          c_w.l(_monlen.o)
    0x0801d898   0x00000094   Data   RO         2000    .constdata          c_w.l(bigflt0.o)
    0x0801d92c   0x00000043   Data   RO         1171    .conststring        gsm_serverprocess.o
    0x0801d96f   0x00000001   PAD
    0x0801d970   0x00000046   Data   RO         1413    .conststring        nhienlieu.o
    0x0801d9b6   0x00000002   PAD
    0x0801d9b8   0x00000020   Data   RO         2256    Region$$Table       anon$$obj.o
    0x0801d9d8   0x00000008   Data   RO         2103    c$$dinf             fz_ws.l(fpconst.o)
    0x0801d9e0   0x0000001c   Data   RO         2024    locale$$data        c_w.l(lc_numeric_c.o)
    0x0801d9fc   0x00000110   Data   RO         2043    locale$$data        c_w.l(lc_ctype_c.o)


    Execution Region RW_IRAM1 (Base: 0x20000000, Size: 0x00008ac0, Max: 0x00020000, ABSOLUTE, COMPRESSED[0x000003f8])

    Base Addr    Size         Type   Attr      Idx    E Section Name        Object

    0x20000000   0x00000007   Data   RW            5    .data               led.o
    0x20000007   0x00000003   Data   RW          229    .data               buzz.o
    0x2000000a   0x00000004   Data   RW          327    .data               interrupt.o
    0x2000000e   0x00000002   PAD
    0x20000010   0x00000028   Data   RW          538    .data               measurement.o
    0x20000038   0x00000012   Data   RW          604    .data               olddataprocess.o
    0x2000004a   0x00000001   Data   RW          689    .data               updatefimware.o
    0x2000004b   0x00000001   PAD
    0x2000004c   0x00000003   Data   RW          717    .data               bgt_data.o
    0x2000004f   0x00000002   Data   RW          789    .data               bgt_laixe.o
    0x20000051   0x00000003   Data   RW          817    .data               bgt_alarm.o
    0x20000054   0x00000005   Data   RW          846    .data               bgt_process.o
    0x20000059   0x00000001   Data   RW          903    .data               hp2010.o
    0x2000005a   0x00000007   Data   RW          935    .data               gps_process.o
    0x20000061   0x00000001   PAD
    0x20000062   0x00000009   Data   RW         1054    .data               gsm_gprs.o
    0x2000006b   0x00000001   PAD
    0x2000006c   0x00000002   Data   RW         1139    .data               gsm_hardware.o
    0x2000006e   0x00000002   PAD
    0x20000070   0x00000012   Data   RW         1209    .data               rtc.o
    0x20000082   0x00000001   Data   RW         1237    .data               fram.o
    0x20000083   0x00000001   PAD
    0x20000084   0x00000008   Data   RW         1268    .data               dataflash.o
    0x2000008c   0x000008e8   Data   RW         1297    .data               des.o
    0x20000974   0x00000006   Data   RW         1384    .data               amthanh.o
    0x2000097a   0x00000010   Data   RW         1633    .data               stm32f2xx_rcc.o
    0x2000098a   0x00000002   PAD
    0x2000098c   0x00000014   Data   RW         1786    .data               system_stm32f2xx.o
    0x200009a0   0x00000004   Data   RW         1854    .data               c_w.l(strtok.o)
    0x200009a4   0x00001ab0   Zero   RW          149    .bss                main.o
    0x20002454   0x000000ce   Zero   RW          373    .bss                cauhinh.o
    0x20002522   0x0000000a   Zero   RW          407    .bss                initsystem.o
    0x2000252c   0x000000b0   Zero   RW          484    .bss                tatdongco.o
    0x200025dc   0x0000001e   Zero   RW          537    .bss                measurement.o
    0x200025fa   0x00000204   Zero   RW          566    .bss                configuration.o
    0x200027fe   0x00000002   PAD
    0x20002800   0x0000010e   Zero   RW          603    .bss                olddataprocess.o
    0x2000290e   0x00000002   PAD
    0x20002910   0x0000012c   Zero   RW          716    .bss                bgt_data.o
    0x20002a3c   0x0000020e   Zero   RW          760    .bss                bgt_rfid.o
    0x20002c4a   0x00000002   PAD
    0x20002c4c   0x00000070   Zero   RW          788    .bss                bgt_laixe.o
    0x20002cbc   0x00000078   Zero   RW          845    .bss                bgt_process.o
    0x20002d34   0x00000158   Zero   RW          874    .bss                bgt_command.o
    0x20002e8c   0x0000040e   Zero   RW          902    .bss                hp2010.o
    0x2000329a   0x00000002   PAD
    0x2000329c   0x0000003c   Zero   RW          934    .bss                gps_process.o
    0x200032d8   0x00000428   Zero   RW          963    .bss                gps_hardware.o
    0x20003700   0x000005e1   Zero   RW         1022    .bss                gsm_sms.o
    0x20003ce1   0x00000001   PAD
    0x20003ce2   0x00002238   Zero   RW         1053    .bss                gsm_gprs.o
    0x20005f1a   0x00000002   PAD
    0x20005f1c   0x00000440   Zero   RW         1107    .bss                gsm_message.o
    0x2000635c   0x00000818   Zero   RW         1138    .bss                gsm_hardware.o
    0x20006b74   0x00001004   Zero   RW         1170    .bss                gsm_serverprocess.o
    0x20007b78   0x00000016   Zero   RW         1208    .bss                rtc.o
    0x20007b8e   0x00000002   PAD
    0x20007b90   0x00000080   Zero   RW         1296    .bss                des.o
    0x20007c10   0x00000402   Zero   RW         1323    .bss                base64.o
    0x20008012   0x0000040a   Zero   RW         1351    .bss                mahoa.o
    0x2000841c   0x00000018   Zero   RW         1412    .bss                nhienlieu.o
    0x20008434   0x0000002c   Zero   RW         1873    .bss                c_w.l(localtime.o)
    0x20008460   0x00000060   Zero   RW         1963    .bss                c_w.l(libspace.o)
    0x200084c0   0x00000200   Zero   RW         1776    HEAP                startup_stm32f2xx.o
    0x200086c0   0x00000400   Zero   RW         1775    STACK               startup_stm32f2xx.o


==============================================================================

Image component sizes


      Code (inc. data)   RO Data    RW Data    ZI Data      Debug   Object Name

       380         38          0          6          0       1720   amthanh.o
       520         14        321          0       1026       2413   base64.o
       328         44          0          3          0       1138   bgt_alarm.o
      3476        542          0          0        344       4889   bgt_command.o
      2252         82          0          3        300       9478   bgt_data.o
      1548        184          0          2        112       5032   bgt_laixe.o
       376         28          0          5        120       2524   bgt_process.o
      1884        256          0          0        526       4823   bgt_rfid.o
       208         14          0          3          0       1798   buzz.o
      3724        756          0          0        206       6344   cauhinh.o
      1200        294          0          0        516       2645   configuration.o
      1192         80          0          8          0       4688   dataflash.o
       752         12          0          0          0       5071   debug.o
      1136         56          0       2280        128       2950   des.o
       408         34          0          0          0       2300   flash_if.o
      1448         54          0          1          0       6679   fram.o
      1012        142          0          0       1064       2549   gps_hardware.o
      1600         68          0          7         60       4832   gps_process.o
      2496        456          0          9       8760       4772   gsm_gprs.o
      1856        334          0          2       2072       5168   gsm_hardware.o
       940        168          0          0          0       2287   gsm_m95.o
      9548       1124          0          0       1088      14508   gsm_message.o
       280         52          0          0          0        924   gsm_process.o
      4060        968         67          0       4100       6778   gsm_serverprocess.o
      2900        604          0          0       1505       6073   gsm_sms.o
       884        202          0          0          0      25208   hardwaremanager.o
      2344        274          0          1       1038       5229   hp2010.o
      1000        142          0          0         10      29410   initsystem.o
       804         78          0          4          0       8932   interrupt.o
       848        158          0          7          0     338573   led.o
       256          4          0          0       1034       1902   mahoa.o
       312         14          0          0       6832       9107   main.o
      1988        310          0         40         30       6442   measurement.o
       224         20          0          0          0       1929   misc.o
       320         64         70          0         24       1479   nhienlieu.o
      1900        386          0         18        270       4578   olddataprocess.o
      1444        292          0         18         22       4714   rtc.o
        64         26        388          0       1536        808   startup_stm32f2xx.o
      1124         24          0          0          0      10602   stm32f2xx_adc.o
       936         32          0          0          0       6457   stm32f2xx_dma.o
       284         10          0          0          0       2383   stm32f2xx_exti.o
      1212         26          0          0          0       7049   stm32f2xx_flash.o
       604         36          0          0          0       4089   stm32f2xx_gpio.o
        64          6          0          0          0       1321   stm32f2xx_iwdg.o
       216         12          0          0          0       2300   stm32f2xx_pwr.o
      1416         48          0         16          0      11071   stm32f2xx_rcc.o
      2824         36          0          0          0      12177   stm32f2xx_rtc.o
       936         22          0          0          0       6488   stm32f2xx_spi.o
       140         12          0          0          0       1559   stm32f2xx_syscfg.o
      3234         60          0          0          0      22976   stm32f2xx_tim.o
      1050         26          0          0          0       7820   stm32f2xx_usart.o
       480         40          0         20          0       1779   system_stm32f2xx.o
       448        146          0          0        176       5943   tatdongco.o
       784        344          0          1          0       1793   updatefimware.o
       952         20          0          0          0       5618   utilities.o
       120          4          0          0          0       1025   watchdog.o

    ----------------------------------------------------------------------
     74740       9278        881       2464      32912     663144   Object Totals
         0          0         32          0          0          0   (incl. Generated)
         4          0          3         10         13          0   (incl. Padding)

    ----------------------------------------------------------------------

      Code (inc. data)   RO Data    RW Data    ZI Data      Debug   Library Member Name

        44          6          0          0          0         84   __2sprintf.o
        90          0          0          0          0          0   __dczerorl2.o
         8          0          0          0          0         68   __main.o
       312          4         17          0          0         92   __printf_flags_wp.o
        14          0          0          0          0         68   __printf_wp.o
         0          0          0          0          0          0   __rtentry.o
        12          0          0          0          0          0   __rtentry2.o
         6          0          0          0          0          0   __rtentry4.o
        52          8          0          0          0          0   __scatter.o
        28          0          0          0          0          0   __scatter_zi.o
        28          0          0          0          0         68   _chval.o
         0          0         12          0          0          0   _monlen.o
        44          0          0          0          0        108   _printf_char.o
        48          6          0          0          0         96   _printf_char_common.o
         6          0          0          0          0          0   _printf_d.o
       120         16          0          0          0         92   _printf_dec.o
         6          0          0          0          0          0   _printf_f.o
      1050          0          0          0          0        216   _printf_fp_dec.o
       128         16          0          0          0         84   _printf_fp_infnan.o
       178          0          0          0          0         88   _printf_intcommon.o
        78          0          0          0          0        108   _printf_pad.o
         0          0          0          0          0          0   _printf_percent.o
         4          0          0          0          0          0   _printf_percent_end.o
         6          0          0          0          0          0   _printf_s.o
        82          0          0          0          0         80   _printf_str.o
         6          0          0          0          0          0   _printf_u.o
        22          0          0          0          0        100   _rserrno.o
        64          0          0          0          0         84   _sgetc.o
        10          0          0          0          0         68   _sputc.o
       158          0          0          0          0         92   _strtoul.o
        26          0          0          0          0         80   atoi.o
       220          4        148          0          0         96   bigflt0.o
      2074        132          0          0          0        940   btod.o
        18          0          0          0          0         80   exit.o
         6          0          0          0          0        152   heapauxi.o
         0          0          0          0          0          0   indicate_semi.o
        18          0          0          0          0         76   isspace.o
        44         10        272          0          0         76   lc_ctype_c.o
        44         10         28          0          0         76   lc_numeric_c.o
         2          0          0          0          0          0   libinit.o
        30          0          0          0          0          0   libinit2.o
         2          0          0          0          0          0   libshutdown.o
         2          0          0          0          0          0   libshutdown2.o
         8          4          0          0         96         68   libspace.o
        38          0          0          0          0         68   llshl.o
       138          0          0          0          0         80   lludiv10.o
        12          6          0          0         44         68   localtime.o
       184          6          0          0          0         80   localtime_internal.o
       428         10          0          0          0        116   mktime.o
        16          4          0          0          0         76   rt_ctype_table.o
         8          4          0          0          0         68   rt_errno_addr_intlibspace.o
         8          4          0          0          0         68   rt_locale_intlibspace.o
        78          0          0          0          0         80   rt_memclr_w.o
       138          0          0          0          0         68   rt_memcpy_v6.o
       100          0          0          0          0         80   rt_memcpy_w.o
         2          0          0          0          0          0   rtexit.o
        10          0          0          0          0          0   rtexit2.o
      1188         12          0          0          0        148   scanf_fp.o
       800         14          0          0          0        100   scanf_hexfp.o
       308         16          0          0          0        100   scanf_infnan.o
        24          0          0          0          0         68   strcat.o
       128          0          0          0          0         68   strcmpv7m.o
        72          0          0          0          0         80   strcpy.o
        32          0          0          0          0         80   strcspn.o
        62          0          0          0          0         76   strlen.o
        28          0          0          0          0         80   strspn.o
        36          0          0          0          0         80   strstr.o
       164         14          0          0          0        120   strtod.o
        12          6          0          4          0         68   strtok.o
        68          4          0          0          0         84   strtok_int.o
       112          0          0          0          0         88   strtol.o
        12          4          0          0          0         68   sys_exit.o
        74          0          0          0          0         80   sys_stackheap_outer.o
         2          0          0          0          0         68   use_no_semi.o
        98          4          0          0          0         92   d2f.o
        16          4          0          0          0         68   dcheck1.o
        24          0          0          0          0         68   dcmpi.o
       120          4          0          0          0         92   deqf.o
        90          4          0          0          0         92   dfixu.o
        38          0          0          0          0         68   dflt_clz.o
       120          4          0          0          0         92   dleqf.o
       340         12          0          0          0        104   dmul.o
       156          4          0          0          0         92   dnaninf.o
        12          0          0          0          0         68   dretinf.o
       108          0          0          0          0         80   drleqf.o
        86          4          0          0          0         84   f2d.o
       430          8          0          0          0        168   faddsub_clz.o
       388         76          0          0          0         96   fdiv.o
        62          4          0          0          0         84   ffixu.o
        86          0          0          0          0        136   fflt_clz.o
       258          4          0          0          0         84   fmul.o
       140          4          0          0          0         84   fnaninf.o
         0          0          8          0          0          0   fpconst.o
        10          0          0          0          0         68   fretinf.o
         4          0          0          0          0         68   printf1.o
       100          0          0          0          0         68   retnan.o
        92          0          0          0          0         68   scalbn.o
         4          0          0          0          0         68   scanf1.o
         8          0          0          0          0         84   scanf2.o
        48          0          0          0          0         68   trapv.o
         0          0          0          0          0          0   usenofp.o
        42          0          0          0          0         84   atof.o
        30          6          0          0          0        136   dunder.o
        40          0          0          0          0         68   fpclassify.o
        88          8          0          0          0         76   frexp.o
       138          0          0          0          0        160   ldexp.o
       152          4          0          0          0        168   narrow.o

    ----------------------------------------------------------------------
     12738        474        485          4        140       8384   Library Totals
        30          0          0          0          0          0   (incl. Padding)

    ----------------------------------------------------------------------

      Code (inc. data)   RO Data    RW Data    ZI Data      Debug   Library Name

      9380        320        477          4        140       5548   c_w.l
      2838        136          8          0          0       2144   fz_ws.l
       490         18          0          0          0        692   m_ws.l

    ----------------------------------------------------------------------
     12738        474        485          4        140       8384   Library Totals

    ----------------------------------------------------------------------

==============================================================================


      Code (inc. data)   RO Data    RW Data    ZI Data      Debug   

     87478       9752       1366       2468      33052     661384   Grand Totals
     87478       9752       1366       1016      33052     661384   ELF Image Totals (compressed)
     87478       9752       1366       1016          0          0   ROM Totals

==============================================================================

    Total RO  Size (Code + RO Data)                88844 (  86.76kB)
    Total RW  Size (RW Data + ZI Data)             35520 (  34.69kB)
    Total ROM Size (Code + RO Data + RW Data)      89860 (  87.75kB)

==============================================================================

