Component: ARM Compiler 5.06 update 5 (build 528) Tool: armlink [4d35e2]

==============================================================================

Section Cross References

    led.o(.text) refers to stm32f2xx_rcc.o(.text) for RCC_AHB1PeriphClockCmd
    led.o(.text) refers to stm32f2xx_gpio.o(.text) for GPIO_Init
    led.o(.text) refers to gps_process.o(.text) for GPS_GetValid
    led.o(.text) refers to dataflash.o(.text) for FLASH_GetTrangThai
    led.o(.text) refers to led.o(.data) for Led
    led.o(.text) refers to main.o(.bss) for xSystem
    led.o(.text) refers to bgt_rfid.o(.bss) for RFID
    main.o(.text) refers to gsm_message.o(.text) for Message_Tick100ms
    main.o(.text) refers to gps_process.o(.text) for GPS_Manage
    main.o(.text) refers to measurement.o(.text) for Measure_Tick1000ms
    main.o(.text) refers to hardwaremanager.o(.text) for Hardware_XoaCoLoi
    main.o(.text) refers to bgt_rfid.o(.text) for RFID_Tick1s
    main.o(.text) refers to olddataprocess.o(.text) for OldData_Tick1s
    main.o(.text) refers to hp2010.o(.text) for HP2010_Tick1s
    main.o(.text) refers to gsm_hardware.o(.text) for GSM_Tick1s
    main.o(.text) refers to gsm_gprs.o(.text) for GSM_Tick100ms
    main.o(.text) refers to bgt_process.o(.text) for BGT_Tick100ms
    main.o(.text) refers to bgt_alarm.o(.text) for Alarm_Tick100ms
    main.o(.text) refers to initsystem.o(.text) for System_Initialize
    main.o(.text) refers to watchdog.o(.text) for Watchdog_Reset
    main.o(.text) refers to configuration.o(.text) for Config_Process
    main.o(.text) refers to utilities.o(.text) for mem_set
    main.o(.text) refers to main.o(.bss) for xSystem
    main.o(.text) refers to bgt_rfid.o(.bss) for RFID
    buzz.o(.text) refers to stm32f2xx_rcc.o(.text) for RCC_AHB1PeriphClockCmd
    buzz.o(.text) refers to stm32f2xx_gpio.o(.text) for GPIO_Init
    buzz.o(.text) refers to buzz.o(.data) for Buzz
    buzz.o(.text) refers to cauhinh.o(.bss) for xCauHinh
    debug.o(.text) refers to stm32f2xx_usart.o(.text) for USART_DeInit
    debug.o(.text) refers to stm32f2xx_rcc.o(.text) for RCC_APB2PeriphClockCmd
    debug.o(.text) refers to stm32f2xx_gpio.o(.text) for GPIO_PinAFConfig
    debug.o(.text) refers to misc.o(.text) for NVIC_PriorityGroupConfig
    debug.o(.text) refers to main.o(.bss) for xSystem
    utilities.o(.text) refers to watchdog.o(.text) for Watchdog_Reset
    utilities.o(.text) refers to main.o(.text) for XuLyHamQuanTrong
    utilities.o(.text) refers to strlen.o(.text) for strlen
    utilities.o(.text) refers to main.o(.bss) for xSystem
    interrupt.o(.text) refers to amthanh.o(.text) for AmThanh_Tick1ms
    interrupt.o(.text) refers to stm32f2xx_exti.o(.text) for EXTI_GetITStatus
    interrupt.o(.text) refers to measurement.o(.text) for Measure_TinhKm
    interrupt.o(.text) refers to stm32f2xx_tim.o(.text) for TIM_GetITStatus
    interrupt.o(.text) refers to buzz.o(.text) for Buzz_Tick
    interrupt.o(.text) refers to watchdog.o(.text) for Watchdog_Tick
    interrupt.o(.text) refers to led.o(.text) for Led_Tick10ms
    interrupt.o(.text) refers to nhienlieu.o(.text) for NhienLieu_Tick10ms
    interrupt.o(.text) refers to bgt_process.o(.text) for BGT_Tick200ms
    interrupt.o(.text) refers to rtc.o(.text) for RTC_ProcessSystem
    interrupt.o(.text) refers to stm32f2xx_usart.o(.text) for USART_GetITStatus
    interrupt.o(.text) refers to configuration.o(.text) for Config_ReceiveData
    interrupt.o(.text) refers to gps_hardware.o(.text) for GPS_ReceiveData
    interrupt.o(.text) refers to gsm_hardware.o(.text) for GSM_ReceiveData
    interrupt.o(.text) refers to hp2010.o(.text) for HP2010_NhanDuLieu
    interrupt.o(.text) refers to bgt_rfid.o(.text) for RFID_ReceiveData
    interrupt.o(.text) refers to main.o(.bss) for xSystem
    interrupt.o(.text) refers to gsm_hardware.o(.bss) for GSM
    interrupt.o(.text) refers to interrupt.o(.data) for tmpCount
    interrupt.o(.text) refers to configuration.o(.bss) for Config
    interrupt.o(.text) refers to bgt_rfid.o(.bss) for RFID
    interrupt.o(.text) refers to hp2010.o(.bss) for HP2010
    interrupt.o(.text) refers to gsm_message.o(.bss) for Message
    interrupt.o(.text) refers to measurement.o(.bss) for Measure
    interrupt.o(.text) refers to measurement.o(.data) for NumberOfPulse
    interrupt.o(.text) refers to gps_hardware.o(.bss) for GPS
    cauhinh.o(.text) refers to _printf_percent.o(.ARM.Collect$$_printf_percent$$00000000) for _printf_percent
    cauhinh.o(.text) refers to _printf_s.o(.ARM.Collect$$_printf_percent$$00000014) for _printf_s
    cauhinh.o(.text) refers to _printf_str.o(.text) for _printf_str
    cauhinh.o(.text) refers to _printf_u.o(.ARM.Collect$$_printf_percent$$0000000A) for _printf_u
    cauhinh.o(.text) refers to _printf_dec.o(.text) for _printf_int_dec
    cauhinh.o(.text) refers to utilities.o(.text) for mem_set
    cauhinh.o(.text) refers to __2sprintf.o(.text) for __2sprintf
[...]
    SPI_Cmd                                  0x08019e4f   Thumb Code    24  stm32f2xx_spi.o(.text)
    I2S_Cmd                                  0x08019e67   Thumb Code    24  stm32f2xx_spi.o(.text)
    SPI_DataSizeConfig                       0x08019e7f   Thumb Code    18  stm32f2xx_spi.o(.text)
    SPI_BiDirectionalLineConfig              0x08019e91   Thumb Code    28  stm32f2xx_spi.o(.text)
    SPI_NSSInternalSoftwareConfig            0x08019ead   Thumb Code    30  stm32f2xx_spi.o(.text)
    SPI_SSOutputCmd                          0x08019ecb   Thumb Code    24  stm32f2xx_spi.o(.text)
    SPI_TIModeCmd                            0x08019ee3   Thumb Code    24  stm32f2xx_spi.o(.text)
    SPI_I2S_ReceiveData                      0x08019efb   Thumb Code     6  stm32f2xx_spi.o(.text)
    SPI_I2S_SendData                         0x08019f01   Thumb Code     4  stm32f2xx_spi.o(.text)
    SPI_CalculateCRC                         0x08019f05   Thumb Code    24  stm32f2xx_spi.o(.text)
    SPI_TransmitCRC                          0x08019f1d   Thumb Code    10  stm32f2xx_spi.o(.text)
    SPI_GetCRC                               0x08019f27   Thumb Code    16  stm32f2xx_spi.o(.text)
    SPI_GetCRCPolynomial                     0x08019f37   Thumb Code     6  stm32f2xx_spi.o(.text)
    SPI_I2S_DMACmd                           0x08019f3d   Thumb Code    18  stm32f2xx_spi.o(.text)
    SPI_I2S_ITConfig                         0x08019f4f   Thumb Code    32  stm32f2xx_spi.o(.text)
    SPI_I2S_GetFlagStatus                    0x08019f6f   Thumb Code    18  stm32f2xx_spi.o(.text)
    SPI_I2S_ClearFlag                        0x08019f81   Thumb Code     6  stm32f2xx_spi.o(.text)
    SPI_I2S_GetITStatus                      0x08019f87   Thumb Code    52  stm32f2xx_spi.o(.text)
    SPI_I2S_ClearITPendingBit                0x08019fbb   Thumb Code    20  stm32f2xx_spi.o(.text)
    SYSCFG_DeInit                            0x08019fe5   Thumb Code    22  stm32f2xx_syscfg.o(.text)
    SYSCFG_MemoryRemapConfig                 0x08019ffb   Thumb Code     6  stm32f2xx_syscfg.o(.text)
    SYSCFG_EXTILineConfig                    0x0801a001   Thumb Code    66  stm32f2xx_syscfg.o(.text)
    SYSCFG_ETH_MediaInterfaceConfig          0x0801a043   Thumb Code     6  stm32f2xx_syscfg.o(.text)
    SYSCFG_CompensationCellCmd               0x0801a049   Thumb Code     6  stm32f2xx_syscfg.o(.text)
    SYSCFG_GetCompensationCellStatus         0x0801a04f   Thumb Code    22  stm32f2xx_syscfg.o(.text)
    TIM_DeInit                               0x0801a071   Thumb Code   346  stm32f2xx_tim.o(.text)
    TIM_TimeBaseInit                         0x0801a1cb   Thumb Code   104  stm32f2xx_tim.o(.text)
    TIM_TimeBaseStructInit                   0x0801a233   Thumb Code    18  stm32f2xx_tim.o(.text)
    TIM_PrescalerConfig                      0x0801a245   Thumb Code     6  stm32f2xx_tim.o(.text)
    TIM_CounterModeConfig                    0x0801a24b   Thumb Code    18  stm32f2xx_tim.o(.text)
    TIM_SetCounter                           0x0801a25d   Thumb Code     4  stm32f2xx_tim.o(.text)
    TIM_SetAutoreload                        0x0801a261   Thumb Code     4  stm32f2xx_tim.o(.text)
    TIM_GetCounter                           0x0801a265   Thumb Code     6  stm32f2xx_tim.o(.text)
    TIM_GetPrescaler                         0x0801a26b   Thumb Code     6  stm32f2xx_tim.o(.text)
    TIM_UpdateDisableConfig                  0x0801a271   Thumb Code    24  stm32f2xx_tim.o(.text)
    TIM_UpdateRequestConfig                  0x0801a289   Thumb Code    24  stm32f2xx_tim.o(.text)
    TIM_ARRPreloadConfig                     0x0801a2a1   Thumb Code    24  stm32f2xx_tim.o(.text)
    TIM_SelectOnePulseMode                   0x0801a2b9   Thumb Code    18  stm32f2xx_tim.o(.text)
    TIM_SetClockDivision                     0x0801a2cb   Thumb Code    18  stm32f2xx_tim.o(.text)
    TIM_Cmd                                  0x0801a2dd   Thumb Code    24  stm32f2xx_tim.o(.text)
    TIM_OC1Init                              0x0801a2f5   Thumb Code   114  stm32f2xx_tim.o(.text)
    TIM_OC2Init                              0x0801a367   Thumb Code   154  stm32f2xx_tim.o(.text)
    TIM_OC3Init                              0x0801a401   Thumb Code   204  stm32f2xx_tim.o(.text)
    TIM_OC4Init                              0x0801a4cd   Thumb Code   112  stm32f2xx_tim.o(.text)
    TIM_OCStructInit                         0x0801a53d   Thumb Code    20  stm32f2xx_tim.o(.text)
    TIM_SelectOCxM                           0x0801a551   Thumb Code    86  stm32f2xx_tim.o(.text)
    TIM_SetCompare1                          0x0801a5a7   Thumb Code     4  stm32f2xx_tim.o(.text)
    TIM_SetCompare2                          0x0801a5ab   Thumb Code     4  stm32f2xx_tim.o(.text)
    TIM_SetCompare3                          0x0801a5af   Thumb Code     4  stm32f2xx_tim.o(.text)
    TIM_SetCompare4                          0x0801a5b3   Thumb Code     4  stm32f2xx_tim.o(.text)
    TIM_ForcedOC1Config                      0x0801a5b7   Thumb Code    18  stm32f2xx_tim.o(.text)
    TIM_ForcedOC2Config                      0x0801a5c9   Thumb Code    26  stm32f2xx_tim.o(.text)
    TIM_ForcedOC3Config                      0x0801a5e3   Thumb Code    18  stm32f2xx_tim.o(.text)
    TIM_ForcedOC4Config                      0x0801a5f5   Thumb Code    26  stm32f2xx_tim.o(.text)
    TIM_OC1PreloadConfig                     0x0801a60f   Thumb Code    18  stm32f2xx_tim.o(.text)
    TIM_OC2PreloadConfig                     0x0801a621   Thumb Code    26  stm32f2xx_tim.o(.text)
    TIM_OC3PreloadConfig                     0x0801a63b   Thumb Code    18  stm32f2xx_tim.o(.text)
    TIM_OC4PreloadConfig                     0x0801a64d   Thumb Code    26  stm32f2xx_tim.o(.text)
    TIM_OC1FastConfig                        0x0801a667   Thumb Code    18  stm32f2xx_tim.o(.text)
    TIM_OC2FastConfig                        0x0801a679   Thumb Code    26  stm32f2xx_tim.o(.text)
    TIM_OC3FastConfig                        0x0801a693   Thumb Code    18  stm32f2xx_tim.o(.text)
    TIM_OC4FastConfig                        0x0801a6a5   Thumb Code    26  stm32f2xx_tim.o(.text)
    TIM_ClearOC1Ref                          0x0801a6bf   Thumb Code    18  stm32f2xx_tim.o(.text)
    TIM_ClearOC2Ref                          0x0801a6d1   Thumb Code    24  stm32f2xx_tim.o(.text)
    TIM_ClearOC3Ref                          0x0801a6e9   Thumb Code    18  stm32f2xx_tim.o(.text)
    TIM_ClearOC4Ref                          0x0801a6fb   Thumb Code    24  stm32f2xx_tim.o(.text)
    TIM_OC1PolarityConfig                    0x0801a713   Thumb Code    18  stm32f2xx_tim.o(.text)
    TIM_OC1NPolarityConfig                   0x0801a725   Thumb Code    18  stm32f2xx_tim.o(.text)
    TIM_OC2PolarityConfig                    0x0801a737   Thumb Code    26  stm32f2xx_tim.o(.text)
    TIM_OC2NPolarityConfig                   0x0801a751   Thumb Code    26  stm32f2xx_tim.o(.text)
    TIM_OC3PolarityConfig                    0x0801a76b   Thumb Code    26  stm32f2xx_tim.o(.text)
    TIM_OC3NPolarityConfig                   0x0801a785   Thumb Code    26  stm32f2xx_tim.o(.text)
    TIM_OC4PolarityConfig                    0x0801a79f   Thumb Code    26  stm32f2xx_tim.o(.text)
    TIM_CCxCmd                               0x0801a7b9   Thumb Code    30  stm32f2xx_tim.o(.text)
    TIM_CCxNCmd                              0x0801a7d7   Thumb Code    30  stm32f2xx_tim.o(.text)
    TIM_SetIC4Prescaler                      0x0801a7f5   Thumb Code    26  stm32f2xx_tim.o(.text)
    TIM_SetIC3Prescaler                      0x0801a85f   Thumb Code    18  stm32f2xx_tim.o(.text)
    TIM_SetIC2Prescaler                      0x0801a8b9   Thumb Code    26  stm32f2xx_tim.o(.text)
    TIM_SetIC1Prescaler                      0x0801a92d   Thumb Code    18  stm32f2xx_tim.o(.text)
    TIM_ICInit                               0x0801a979   Thumb Code   110  stm32f2xx_tim.o(.text)
    TIM_ICStructInit                         0x0801a9e7   Thumb Code    18  stm32f2xx_tim.o(.text)
    TIM_PWMIConfig                           0x0801a9f9   Thumb Code   124  stm32f2xx_tim.o(.text)
    TIM_GetCapture1                          0x0801aa75   Thumb Code     6  stm32f2xx_tim.o(.text)
    TIM_GetCapture2                          0x0801aa7b   Thumb Code     6  stm32f2xx_tim.o(.text)
    TIM_GetCapture3                          0x0801aa81   Thumb Code     6  stm32f2xx_tim.o(.text)
    TIM_GetCapture4                          0x0801aa87   Thumb Code     6  stm32f2xx_tim.o(.text)
    TIM_BDTRConfig                           0x0801aa8d   Thumb Code    32  stm32f2xx_tim.o(.text)
    TIM_BDTRStructInit                       0x0801aaad   Thumb Code    18  stm32f2xx_tim.o(.text)
    TIM_CtrlPWMOutputs                       0x0801aabf   Thumb Code    30  stm32f2xx_tim.o(.text)
    TIM_SelectCOM                            0x0801aadd   Thumb Code    24  stm32f2xx_tim.o(.text)
    TIM_CCPreloadControl                     0x0801aaf5   Thumb Code    24  stm32f2xx_tim.o(.text)
    TIM_ITConfig                             0x0801ab0d   Thumb Code    18  stm32f2xx_tim.o(.text)
    TIM_GenerateEvent                        0x0801ab1f   Thumb Code     4  stm32f2xx_tim.o(.text)
    TIM_GetFlagStatus                        0x0801ab23   Thumb Code    18  stm32f2xx_tim.o(.text)
    TIM_ClearFlag                            0x0801ab35   Thumb Code     6  stm32f2xx_tim.o(.text)
    TIM_GetITStatus                          0x0801ab3b   Thumb Code    34  stm32f2xx_tim.o(.text)
    TIM_ClearITPendingBit                    0x0801ab5d   Thumb Code     6  stm32f2xx_tim.o(.text)
    TIM_DMAConfig                            0x0801ab63   Thumb Code    10  stm32f2xx_tim.o(.text)
    TIM_DMACmd                               0x0801ab6d   Thumb Code    18  stm32f2xx_tim.o(.text)
    TIM_SelectCCDMA                          0x0801ab7f   Thumb Code    24  stm32f2xx_tim.o(.text)
    TIM_InternalClockConfig                  0x0801ab97   Thumb Code    12  stm32f2xx_tim.o(.text)
    TIM_SelectInputTrigger                   0x0801aba3   Thumb Code    18  stm32f2xx_tim.o(.text)
    TIM_ITRxExternalClockConfig              0x0801abb5   Thumb Code    24  stm32f2xx_tim.o(.text)
    TIM_TIxExternalClockConfig               0x0801abcd   Thumb Code    62  stm32f2xx_tim.o(.text)
    TIM_ETRConfig                            0x0801ac0b   Thumb Code    28  stm32f2xx_tim.o(.text)
    TIM_ETRClockMode1Config                  0x0801ac27   Thumb Code    54  stm32f2xx_tim.o(.text)
    TIM_ETRClockMode2Config                  0x0801ac5d   Thumb Code    32  stm32f2xx_tim.o(.text)
    TIM_SelectOutputTrigger                  0x0801ac7d   Thumb Code    18  stm32f2xx_tim.o(.text)
    TIM_SelectSlaveMode                      0x0801ac8f   Thumb Code    18  stm32f2xx_tim.o(.text)
    TIM_SelectMasterSlaveMode                0x0801aca1   Thumb Code    18  stm32f2xx_tim.o(.text)
    TIM_EncoderInterfaceConfig               0x0801acb3   Thumb Code    66  stm32f2xx_tim.o(.text)
    TIM_SelectHallSensor                     0x0801acf5   Thumb Code    24  stm32f2xx_tim.o(.text)
    TIM_RemapConfig                          0x0801ad0d   Thumb Code     6  stm32f2xx_tim.o(.text)
    USART_DeInit                             0x0801ad15   Thumb Code   156  stm32f2xx_usart.o(.text)
    USART_Init                               0x0801adb1   Thumb Code   204  stm32f2xx_usart.o(.text)
    USART_StructInit                         0x0801ae7d   Thumb Code    24  stm32f2xx_usart.o(.text)
    USART_ClockInit                          0x0801ae95   Thumb Code    32  stm32f2xx_usart.o(.text)
    USART_ClockStructInit                    0x0801aeb5   Thumb Code    12  stm32f2xx_usart.o(.text)
    USART_Cmd                                0x0801aec1   Thumb Code    24  stm32f2xx_usart.o(.text)
    USART_SetPrescaler                       0x0801aed9   Thumb Code    16  stm32f2xx_usart.o(.text)
    USART_OverSampling8Cmd                   0x0801aee9   Thumb Code    22  stm32f2xx_usart.o(.text)
    USART_OneBitMethodCmd                    0x0801aeff   Thumb Code    24  stm32f2xx_usart.o(.text)
    USART_SendData                           0x0801af17   Thumb Code     8  stm32f2xx_usart.o(.text)
    USART_ReceiveData                        0x0801af1f   Thumb Code    10  stm32f2xx_usart.o(.text)
    USART_SetAddress                         0x0801af29   Thumb Code    18  stm32f2xx_usart.o(.text)
    USART_ReceiverWakeUpCmd                  0x0801af3b   Thumb Code    24  stm32f2xx_usart.o(.text)
    USART_WakeUpConfig                       0x0801af53   Thumb Code    18  stm32f2xx_usart.o(.text)
    USART_LINBreakDetectLengthConfig         0x0801af65   Thumb Code    18  stm32f2xx_usart.o(.text)
    USART_LINCmd                             0x0801af77   Thumb Code    24  stm32f2xx_usart.o(.text)
    USART_SendBreak                          0x0801af8f   Thumb Code    10  stm32f2xx_usart.o(.text)
    USART_HalfDuplexCmd                      0x0801af99   Thumb Code    24  stm32f2xx_usart.o(.text)
    USART_SetGuardTime                       0x0801afb1   Thumb Code    16  stm32f2xx_usart.o(.text)
    USART_SmartCardCmd                       0x0801afc1   Thumb Code    24  stm32f2xx_usart.o(.text)
    USART_SmartCardNACKCmd                   0x0801afd9   Thumb Code    24  stm32f2xx_usart.o(.text)
    USART_IrDAConfig                         0x0801aff1   Thumb Code    18  stm32f2xx_usart.o(.text)
    USART_IrDACmd                            0x0801b003   Thumb Code    24  stm32f2xx_usart.o(.text)
    USART_DMACmd                             0x0801b01b   Thumb Code    18  stm32f2xx_usart.o(.text)
    USART_ITConfig                           0x0801b02d   Thumb Code    74  stm32f2xx_usart.o(.text)
    USART_GetFlagStatus                      0x0801b077   Thumb Code    26  stm32f2xx_usart.o(.text)
    USART_ClearFlag                          0x0801b091   Thumb Code    18  stm32f2xx_usart.o(.text)
    USART_GetITStatus                        0x0801b0a3   Thumb Code   110  stm32f2xx_usart.o(.text)
    USART_ClearITPendingBit                  0x0801b111   Thumb Code    30  stm32f2xx_usart.o(.text)
    Reset_Handler                            0x0801b131   Thumb Code     8  startup_stm32f2xx.o(.text)
    NMI_Handler                              0x0801b139   Thumb Code     2  startup_stm32f2xx.o(.text)
    HardFault_Handler                        0x0801b13b   Thumb Code     2  startup_stm32f2xx.o(.text)
    MemManage_Handler                        0x0801b13d   Thumb Code     2  startup_stm32f2xx.o(.text)
    BusFault_Handler                         0x0801b13f   Thumb Code     2  startup_stm32f2xx.o(.text)
    UsageFault_Handler                       0x0801b141   Thumb Code     2  startup_stm32f2xx.o(.text)
    SVC_Handler                              0x0801b143   Thumb Code     2  startup_stm32f2xx.o(.text)
    DebugMon_Handler                         0x0801b145   Thumb Code     2  startup_stm32f2xx.o(.text)
    PendSV_Handler                           0x0801b147   Thumb Code     2  startup_stm32f2xx.o(.text)
    ADC_IRQHandler                           0x0801b14b   Thumb Code     0  startup_stm32f2xx.o(.text)
    CAN1_RX0_IRQHandler                      0x0801b14b   Thumb Code     0  startup_stm32f2xx.o(.text)
    CAN1_RX1_IRQHandler                      0x0801b14b   Thumb Code     0  startup_stm32f2xx.o(.text)
    CAN1_SCE_IRQHandler                      0x0801b14b   Thumb Code     0  startup_stm32f2xx.o(.text)
    CAN1_TX_IRQHandler                       0x0801b14b   Thumb Code     0  startup_stm32f2xx.o(.text)
    CAN2_RX0_IRQHandler                      0x0801b14b   Thumb Code     0  startup_stm32f2xx.o(.text)
    CAN2_RX1_IRQHandler                      0x0801b14b   Thumb Code     0  startup_stm32f2xx.o(.text)
    CAN2_SCE_IRQHandler                      0x0801b14b   Thumb Code     0  startup_stm32f2xx.o(.text)
    CAN2_TX_IRQHandler                       0x0801b14b   Thumb Code     0  startup_stm32f2xx.o(.text)
    CRYP_IRQHandler                          0x0801b14b   Thumb Code     0  startup_stm32f2xx.o(.text)
    DCMI_IRQHandler                          0x0801b14b   Thumb Code     0  startup_stm32f2xx.o(.text)
    DMA1_Stream0_IRQHandler                  0x0801b14b   Thumb Code     0  startup_stm32f2xx.o(.text)
    DMA1_Stream1_IRQHandler                  0x0801b14b   Thumb Code     0  startup_stm32f2xx.o(.text)
    DMA1_Stream2_IRQHandler                  0x0801b14b   Thumb Code     0  startup_stm32f2xx.o(.text)
    DMA1_Stream3_IRQHandler                  0x0801b14b   Thumb Code     0  startup_stm32f2xx.o(.text)
    DMA1_Stream4_IRQHandler                  0x0801b14b   Thumb Code     0  startup_stm32f2xx.o(.text)
    DMA1_Stream5_IRQHandler                  0x0801b14b   Thumb Code     0  startup_stm32f2xx.o(.text)
    DMA1_Stream6_IRQHandler                  0x0801b14b   Thumb Code     0  startup_stm32f2xx.o(.text)
    DMA1_Stream7_IRQHandler                  0x0801b14b   Thumb Code     0  startup_stm32f2xx.o(.text)
    DMA2_Stream0_IRQHandler                  0x0801b14b   Thumb Code     0  startup_stm32f2xx.o(.text)
    DMA2_Stream1_IRQHandler                  0x0801b14b   Thumb Code     0  startup_stm32f2xx.o(.text)
    DMA2_Stream2_IRQHandler                  0x0801b14b   Thumb Code     0  startup_stm32f2xx.o(.text)
    DMA2_Stream3_IRQHandler                  0x0801b14b   Thumb Code     0  startup_stm32f2xx.o(.text)
    DMA2_Stream4_IRQHandler                  0x0801b14b   Thumb Code     0  startup_stm32f2xx.o(.text)
    DMA2_Stream5_IRQHandler                  0x0801b14b   Thumb Code     0  startup_stm32f2xx.o(.text)
    DMA2_Stream6_IRQHandler                  0x0801b14b   Thumb Code     0  startup_stm32f2xx.o(.text)
    DMA2_Stream7_IRQHandler                  0x0801b14b   Thumb Code     0  startup_stm32f2xx.o(.text)
    ETH_IRQHandler                           0x0801b14b   Thumb Code     0  startup_stm32f2xx.o(.text)
    ETH_WKUP_IRQHandler                      0x0801b14b   Thumb Code     0  startup_stm32f2xx.o(.text)
    EXTI0_IRQHandler                         0x0801b14b   Thumb Code     0  startup_stm32f2xx.o(.text)
    EXTI15_10_IRQHandler                     0x0801b14b   Thumb Code     0  startup_stm32f2xx.o(.text)
    EXTI1_IRQHandler                         0x0801b14b   Thumb Code     0  startup_stm32f2xx.o(.text)
    EXTI2_IRQHandler                         0x0801b14b   Thumb Code     0  startup_stm32f2xx.o(.text)
    EXTI3_IRQHandler                         0x0801b14b   Thumb Code     0  startup_stm32f2xx.o(.text)
    EXTI4_IRQHandler                         0x0801b14b   Thumb Code     0  startup_stm32f2xx.o(.text)
    FLASH_IRQHandler                         0x0801b14b   Thumb Code     0  startup_stm32f2xx.o(.text)
    FSMC_IRQHandler                          0x0801b14b   Thumb Code     0  startup_stm32f2xx.o(.text)
    HASH_RNG_IRQHandler                      0x0801b14b   Thumb Code     0  startup_stm32f2xx.o(.text)
    I2C1_ER_IRQHandler                       0x0801b14b   Thumb Code     0  startup_stm32f2xx.o(.text)
    I2C1_EV_IRQHandler                       0x0801b14b   Thumb Code     0  startup_stm32f2xx.o(.text)
    I2C2_ER_IRQHandler                       0x0801b14b   Thumb Code     0  startup_stm32f2xx.o(.text)
    I2C2_EV_IRQHandler                       0x0801b14b   Thumb Code     0  startup_stm32f2xx.o(.text)
    I2C3_ER_IRQHandler                       0x0801b14b   Thumb Code     0  startup_stm32f2xx.o(.text)
    I2C3_EV_IRQHandler                       0x0801b14b   Thumb Code     0  startup_stm32f2xx.o(.text)
    OTG_FS_IRQHandler                        0x0801b14b   Thumb Code     0  startup_stm32f2xx.o(.text)
    OTG_FS_WKUP_IRQHandler                   0x0801b14b   Thumb Code     0  startup_stm32f2xx.o(.text)
    OTG_HS_EP1_IN_IRQHandler                 0x0801b14b   Thumb Code     0  startup_stm32f2xx.o(.text)
    OTG_HS_EP1_OUT_IRQHandler                0x0801b14b   Thumb Code     0  startup_stm32f2xx.o(.text)
    OTG_HS_IRQHandler                        0x0801b14b   Thumb Code     0  startup_stm32f2xx.o(.text)
    OTG_HS_WKUP_IRQHandler                   0x0801b14b   Thumb Code     0  startup_stm32f2xx.o(.text)
    PVD_IRQHandler                           0x0801b14b   Thumb Code     0  startup_stm32f2xx.o(.text)
    RCC_IRQHandler                           0x0801b14b   Thumb Code     0  startup_stm32f2xx.o(.text)
    RTC_Alarm_IRQHandler                     0x0801b14b   Thumb Code     0  startup_stm32f2xx.o(.text)
    RTC_WKUP_IRQHandler                      0x0801b14b   Thumb Code     0  startup_stm32f2xx.o(.text)
    SDIO_IRQHandler                          0x0801b14b   Thumb Code     0  startup_stm32f2xx.o(.text)
    SPI1_IRQHandler                          0x0801b14b   Thumb Code     0  startup_stm32f2xx.o(.text)
    SPI2_IRQHandler                          0x0801b14b   Thumb Code     0  startup_stm32f2xx.o(.text)
    SPI3_IRQHandler                          0x0801b14b   Thumb Code     0  startup_stm32f2xx.o(.text)
    TAMP_STAMP_IRQHandler                    0x0801b14b   Thumb Code     0  startup_stm32f2xx.o(.text)
    TIM1_BRK_TIM9_IRQHandler                 0x0801b14b   Thumb Code     0  startup_stm32f2xx.o(.text)
    TIM1_CC_IRQHandler                       0x0801b14b   Thumb Code     0  startup_stm32f2xx.o(.text)
    TIM1_TRG_COM_TIM11_IRQHandler            0x0801b14b   Thumb Code     0  startup_stm32f2xx.o(.text)
    TIM1_UP_TIM10_IRQHandler                 0x0801b14b   Thumb Code     0  startup_stm32f2xx.o(.text)
    TIM4_IRQHandler                          0x0801b14b   Thumb Code     0  startup_stm32f2xx.o(.text)
    TIM5_IRQHandler                          0x0801b14b   Thumb Code     0  startup_stm32f2xx.o(.text)
    TIM6_DAC_IRQHandler                      0x0801b14b   Thumb Code     0  startup_stm32f2xx.o(.text)
    TIM7_IRQHandler                          0x0801b14b   Thumb Code     0  startup_stm32f2xx.o(.text)
    TIM8_BRK_TIM12_IRQHandler                0x0801b14b   Thumb Code     0  startup_stm32f2xx.o(.text)
    TIM8_CC_IRQHandler                       0x0801b14b   Thumb Code     0  startup_stm32f2xx.o(.text)
    TIM8_TRG_COM_TIM14_IRQHandler            0x0801b14b   Thumb Code     0  startup_stm32f2xx.o(.text)
    TIM8_UP_TIM13_IRQHandler                 0x0801b14b   Thumb Code     0  startup_stm32f2xx.o(.text)
    USART6_IRQHandler                        0x0801b14b   Thumb Code     0  startup_stm32f2xx.o(.text)
    WWDG_IRQHandler                          0x0801b14b   Thumb Code     0  startup_stm32f2xx.o(.text)
    __user_initial_stackheap                 0x0801b14d   Thumb Code     0  startup_stm32f2xx.o(.text)
    SystemInit                               0x0801b231   Thumb Code    74  system_stm32f2xx.o(.text)
    SystemCoreClockUpdate                    0x0801b27b   Thumb Code   174  system_stm32f2xx.o(.text)
    __2sprintf                               0x0801b351   Thumb Code    38  __2sprintf.o(.text)
    _printf_pre_padding                      0x0801b37d   Thumb Code    44  _printf_pad.o(.text)
    _printf_post_padding                     0x0801b3a9   Thumb Code    34  _printf_pad.o(.text)
    _printf_str                              0x0801b3cb   Thumb Code    82  _printf_str.o(.text)
    _printf_int_dec                          0x0801b41d   Thumb Code   104  _printf_dec.o(.text)
    __printf                                 0x0801b495   Thumb Code   308  __printf_flags_wp.o(.text)
    atoi                                     0x0801b5cd   Thumb Code    26  atoi.o(.text)
    strtok                                   0x0801b5e9   Thumb Code     6  strtok.o(.text)
    strstr                                   0x0801b5f5   Thumb Code    36  strstr.o(.text)
    strcpy                                   0x0801b619   Thumb Code    72  strcpy.o(.text)
    strlen                                   0x0801b661   Thumb Code    62  strlen.o(.text)
    strcat                                   0x0801b69f   Thumb Code    24  strcat.o(.text)
    __aeabi_memcpy                           0x0801b6b7   Thumb Code     0  rt_memcpy_v6.o(.text)
    __rt_memcpy                              0x0801b6b7   Thumb Code   138  rt_memcpy_v6.o(.text)
    _memcpy_lastbytes                        0x0801b71d   Thumb Code     0  rt_memcpy_v6.o(.text)
    __aeabi_memcpy4                          0x0801b741   Thumb Code     0  rt_memcpy_w.o(.text)
    __aeabi_memcpy8                          0x0801b741   Thumb Code     0  rt_memcpy_w.o(.text)
    __rt_memcpy_w                            0x0801b741   Thumb Code   100  rt_memcpy_w.o(.text)
    _memcpy_lastbytes_aligned                0x0801b789   Thumb Code     0  rt_memcpy_w.o(.text)
    __aeabi_memclr4                          0x0801b7a5   Thumb Code     0  rt_memclr_w.o(.text)
    __aeabi_memclr8                          0x0801b7a5   Thumb Code     0  rt_memclr_w.o(.text)
    __rt_memclr_w                            0x0801b7a5   Thumb Code    78  rt_memclr_w.o(.text)
    _memset_w                                0x0801b7a9   Thumb Code     0  rt_memclr_w.o(.text)
    strcmp                                   0x0801b7f5   Thumb Code   128  strcmpv7m.o(.text)
    localtime                                0x0801b875   Thumb Code     6  localtime.o(.text)
    mktime                                   0x0801b8bf   Thumb Code   356  mktime.o(.text)
    __use_two_region_memory                  0x0801ba2d   Thumb Code     2  heapauxi.o(.text)
    __rt_heap_escrow$2region                 0x0801ba2f   Thumb Code     2  heapauxi.o(.text)
    __rt_heap_expand$2region                 0x0801ba31   Thumb Code     2  heapauxi.o(.text)
    __aeabi_errno_addr                       0x0801ba35   Thumb Code     8  rt_errno_addr_intlibspace.o(.text)
    __errno$intlibspace                      0x0801ba35   Thumb Code     0  rt_errno_addr_intlibspace.o(.text)
    __rt_errno_addr$intlibspace              0x0801ba35   Thumb Code     0  rt_errno_addr_intlibspace.o(.text)
    __read_errno                             0x0801ba3d   Thumb Code    10  _rserrno.o(.text)
    __set_errno                              0x0801ba47   Thumb Code    12  _rserrno.o(.text)
    _printf_int_common                       0x0801ba53   Thumb Code   178  _printf_intcommon.o(.text)
    __lib_sel_fp_printf                      0x0801bb05   Thumb Code     2  _printf_fp_dec.o(.text)
    _printf_fp_dec_real                      0x0801bcb7   Thumb Code   620  _printf_fp_dec.o(.text)
    _printf_char_common                      0x0801bf2f   Thumb Code    32  _printf_char_common.o(.text)
    _sputc                                   0x0801bf55   Thumb Code    10  _sputc.o(.text)
    _printf_cs_common                        0x0801bf5f   Thumb Code    20  _printf_char.o(.text)
    _printf_char                             0x0801bf73   Thumb Code    16  _printf_char.o(.text)
    _printf_string                           0x0801bf83   Thumb Code     8  _printf_char.o(.text)
    __strtod_int                             0x0801bfc9   Thumb Code    90  strtod.o(.text)
    strtol                                   0x0801c031   Thumb Code   112  strtol.o(.text)
    __strtok_internal                        0x0801c0a1   Thumb Code    64  strtok_int.o(.text)
    _localtime_r                             0x0801c0e5   Thumb Code   178  localtime_internal.o(.text)
    _n$localtime_r                           0x0801c0e5   Thumb Code     0  localtime_internal.o(.text)
    __user_libspace                          0x0801c19d   Thumb Code     8  libspace.o(.text)
    __user_perproc_libspace                  0x0801c19d   Thumb Code     0  libspace.o(.text)
    __user_perthread_libspace                0x0801c19d   Thumb Code     0  libspace.o(.text)
    __rt_ctype_table                         0x0801c1a5   Thumb Code    16  rt_ctype_table.o(.text)
    __rt_locale                              0x0801c1b5   Thumb Code     8  rt_locale_intlibspace.o(.text)
    _ll_udiv10                               0x0801c1bd   Thumb Code   138  lludiv10.o(.text)
    isspace                                  0x0801c247   Thumb Code    18  isspace.o(.text)
    _printf_fp_infnan                        0x0801c259   Thumb Code   112  _printf_fp_infnan.o(.text)
    _sgetc                                   0x0801c2d9   Thumb Code    30  _sgetc.o(.text)
    _sbackspace                              0x0801c2f7   Thumb Code    34  _sgetc.o(.text)
    _strtoul                                 0x0801c319   Thumb Code   158  _strtoul.o(.text)
    _btod_etento                             0x0801c3b9   Thumb Code   224  bigflt0.o(.text)
    strcspn                                  0x0801c49d   Thumb Code    32  strcspn.o(.text)
    strspn                                   0x0801c4bd   Thumb Code    28  strspn.o(.text)
    __user_setup_stackheap                   0x0801c4d9   Thumb Code    74  sys_stackheap_outer.o(.text)
    _chval                                   0x0801c523   Thumb Code    28  _chval.o(.text)
    _scanf_really_real                       0x0801c78d   Thumb Code   684  scanf_fp.o(.text)
    exit                                     0x0801ca39   Thumb Code    18  exit.o(.text)
    _scanf_really_hex_real                   0x0801ca4d   Thumb Code   786  scanf_hexfp.o(.text)
    _scanf_really_infnan                     0x0801cd6d   Thumb Code   292  scanf_infnan.o(.text)
    _sys_exit                                0x0801cea1   Thumb Code     8  sys_exit.o(.text)
    __aeabi_llsl                             0x0801cead   Thumb Code     0  llshl.o(.text)
    _ll_shift_l                              0x0801cead   Thumb Code    38  llshl.o(.text)
    __I$use$semihosting                      0x0801ced3   Thumb Code     0  use_no_semi.o(.text)
    __use_no_semihosting_swi                 0x0801ced3   Thumb Code     2  use_no_semi.o(.text)
    __semihosting_library_function           0x0801ced5   Thumb Code     0  indicate_semi.o(.text)
    _btod_d2e                                0x0801ced5   Thumb Code    62  btod.o(CL$$btod_d2e)
    _d2e_denorm_low                          0x0801cf13   Thumb Code    70  btod.o(CL$$btod_d2e_denorm_low)
    _d2e_norm_op1                            0x0801cf59   Thumb Code    96  btod.o(CL$$btod_d2e_norm_op1)
    __btod_div_common                        0x0801cfb9   Thumb Code   696  btod.o(CL$$btod_div_common)
    _e2d                                     0x0801d2f1   Thumb Code   122  btod.o(CL$$btod_e2d)
    _e2e                                     0x0801d375   Thumb Code   220  btod.o(CL$$btod_e2e)
    _btod_ediv                               0x0801d451   Thumb Code    42  btod.o(CL$$btod_ediv)
    _btod_edivd                              0x0801d47b   Thumb Code    42  btod.o(CL$$btod_edivd)
    _btod_emul                               0x0801d4a5   Thumb Code    42  btod.o(CL$$btod_emul)
    _btod_emuld                              0x0801d4cf   Thumb Code    42  btod.o(CL$$btod_emuld)
    __btod_mult_common                       0x0801d4f9   Thumb Code   580  btod.o(CL$$btod_mult_common)
    __ARM_fpclassify                         0x0801d73d   Thumb Code    40  fpclassify.o(i.__ARM_fpclassify)
    __mathlib_dbl_overflow                   0x0801d765   Thumb Code    14  dunder.o(i.__mathlib_dbl_overflow)
    __mathlib_dbl_underflow                  0x0801d775   Thumb Code    10  dunder.o(i.__mathlib_dbl_underflow)
    __mathlib_narrow                         0x0801d785   Thumb Code    16  narrow.o(i.__mathlib_narrow)
    __mathlib_tofloat                        0x0801d795   Thumb Code   184  narrow.o(i.__mathlib_tofloat)
    __support_ldexp                          0x0801d851   Thumb Code    22  ldexp.o(i.__support_ldexp)
    _is_digit                                0x0801d867   Thumb Code    14  __printf_wp.o(i._is_digit)
    atof                                     0x0801d875   Thumb Code    42  atof.o(i.atof)
    frexp                                    0x0801d8a1   Thumb Code    80  frexp.o(i.frexp)
    ldexp                                    0x0801d8f9   Thumb Code   116  ldexp.o(i.ldexp)
    _get_lc_numeric                          0x0801d96d   Thumb Code    44  lc_numeric_c.o(locale$$code)
    _get_lc_ctype                            0x0801d999   Thumb Code    44  lc_ctype_c.o(locale$$code)
    __aeabi_d2f                              0x0801d9c5   Thumb Code     0  d2f.o(x$fpl$d2f)
    _d2f                                     0x0801d9c5   Thumb Code    98  d2f.o(x$fpl$d2f)
    __fpl_dcheck_NaN1                        0x0801da29   Thumb Code    10  dcheck1.o(x$fpl$dcheck1)
    __fpl_dcmp_Inf                           0x0801da39   Thumb Code    24  dcmpi.o(x$fpl$dcmpinf)
    __aeabi_cdcmpeq                          0x0801da51   Thumb Code     0  deqf.o(x$fpl$deqf)
    _dcmpeq                                  0x0801da51   Thumb Code   120  deqf.o(x$fpl$deqf)
    __aeabi_d2uiz                            0x0801dac9   Thumb Code     0  dfixu.o(x$fpl$dfixu)
    _dfixu                                   0x0801dac9   Thumb Code    90  dfixu.o(x$fpl$dfixu)
    __aeabi_ui2d                             0x0801db23   Thumb Code     0  dflt_clz.o(x$fpl$dfltu)
    _dfltu                                   0x0801db23   Thumb Code    38  dflt_clz.o(x$fpl$dfltu)
    __aeabi_cdcmple                          0x0801db49   Thumb Code     0  dleqf.o(x$fpl$dleqf)
    _dcmple                                  0x0801db49   Thumb Code   120  dleqf.o(x$fpl$dleqf)
    __fpl_dcmple_InfNaN                      0x0801dbab   Thumb Code     0  dleqf.o(x$fpl$dleqf)
    __aeabi_dmul                             0x0801dbc1   Thumb Code     0  dmul.o(x$fpl$dmul)
    _dmul                                    0x0801dbc1   Thumb Code   332  dmul.o(x$fpl$dmul)
    __fpl_dnaninf                            0x0801dd15   Thumb Code   156  dnaninf.o(x$fpl$dnaninf)
    __fpl_dretinf                            0x0801ddb1   Thumb Code    12  dretinf.o(x$fpl$dretinf)
    __aeabi_cdrcmple                         0x0801ddbd   Thumb Code     0  drleqf.o(x$fpl$drleqf)
    _drcmple                                 0x0801ddbd   Thumb Code   108  drleqf.o(x$fpl$drleqf)
    __aeabi_f2d                              0x0801de29   Thumb Code     0  f2d.o(x$fpl$f2d)
    _f2d                                     0x0801de29   Thumb Code    86  f2d.o(x$fpl$f2d)
    __aeabi_fadd                             0x0801de81   Thumb Code     0  faddsub_clz.o(x$fpl$fadd)
    _fadd                                    0x0801de81   Thumb Code   196  faddsub_clz.o(x$fpl$fadd)
    __fpl_fcmp_Inf                           0x0801df45   Thumb Code    24  fcmpi.o(x$fpl$fcmpinf)
    __aeabi_fdiv                             0x0801df5d   Thumb Code     0  fdiv.o(x$fpl$fdiv)
    _fdiv                                    0x0801df5d   Thumb Code   384  fdiv.o(x$fpl$fdiv)
    __aeabi_f2uiz                            0x0801e0e1   Thumb Code     0  ffixu.o(x$fpl$ffixu)
    _ffixu                                   0x0801e0e1   Thumb Code    62  ffixu.o(x$fpl$ffixu)
    __aeabi_i2f                              0x0801e121   Thumb Code     0  fflt_clz.o(x$fpl$fflt)
    _fflt                                    0x0801e121   Thumb Code    48  fflt_clz.o(x$fpl$fflt)
    __aeabi_ui2f                             0x0801e151   Thumb Code     0  fflt_clz.o(x$fpl$ffltu)
    _ffltu                                   0x0801e151   Thumb Code    38  fflt_clz.o(x$fpl$ffltu)
    __aeabi_cfcmple                          0x0801e179   Thumb Code     0  fleqf.o(x$fpl$fleqf)
    _fcmple                                  0x0801e179   Thumb Code   104  fleqf.o(x$fpl$fleqf)
    __fpl_fcmple_InfNaN                      0x0801e1cb   Thumb Code     0  fleqf.o(x$fpl$fleqf)
    __aeabi_fmul                             0x0801e1e1   Thumb Code     0  fmul.o(x$fpl$fmul)
    _fmul                                    0x0801e1e1   Thumb Code   258  fmul.o(x$fpl$fmul)
    __fpl_fnaninf                            0x0801e2e3   Thumb Code   140  fnaninf.o(x$fpl$fnaninf)
    __fpl_fretinf                            0x0801e36f   Thumb Code    10  fretinf.o(x$fpl$fretinf)
    __aeabi_fsub                             0x0801e379   Thumb Code     0  faddsub_clz.o(x$fpl$fsub)
    _fsub                                    0x0801e379   Thumb Code   234  faddsub_clz.o(x$fpl$fsub)
    __ieee_status                            0x0801e463   Thumb Code     6  istatus.o(x$fpl$ieeestatus)
    _printf_fp_dec                           0x0801e469   Thumb Code     4  printf1.o(x$fpl$printf1)
    __fpl_return_NaN                         0x0801e46d   Thumb Code   100  retnan.o(x$fpl$retnan)
    __ARM_scalbn                             0x0801e4d1   Thumb Code    92  scalbn.o(x$fpl$scalbn)
    _scanf_real                              0x0801e52d   Thumb Code     4  scanf1.o(x$fpl$scanf1)
    _scanf_hex_real                          0x0801e531   Thumb Code     4  scanf2.o(x$fpl$scanf2)
    _scanf_infnan                            0x0801e535   Thumb Code     4  scanf2.o(x$fpl$scanf2)
    __fpl_cmpreturn                          0x0801e539   Thumb Code    48  trapv.o(x$fpl$trapveneer)
    __I$use$fp                               0x0801e568   Number         0  usenofp.o(x$fpl$usenofp)
    _monlen                                  0x0801e6f4   Data          12  _monlen.o(.constdata)
    Region$$Table$$Base                      0x0801e824   Number         0  anon$$obj.o(Region$$Table)
    Region$$Table$$Limit                     0x0801e844   Number         0  anon$$obj.o(Region$$Table)
    __aeabi_HUGE_VAL                         0x0801e844   Data           0  fpconst.o(c$$dinf)
    __aeabi_HUGE_VALL                        0x0801e844   Data           0  fpconst.o(c$$dinf)
    __aeabi_INFINITY                         0x0801e844   Data           0  fpconst.o(c$$dinf)
    __dInf                                   0x0801e844   Data           0  fpconst.o(c$$dinf)
    __huge_val                               0x0801e844   Data           0  fpconst.o(c$$dinf)
    __dbl_max                                0x0801e84c   Data           0  fpconst.o(c$$dmax)
    __ctype                                  0x0801e87d   Data           0  lc_ctype_c.o(locale$$data)
    Led                                      0x20000000   Data           7  led.o(.data)
    Buzz                                     0x20000007   Data           2  buzz.o(.data)
    tmpBuzz                                  0x20000009   Data           1  buzz.o(.data)
    tmpCount                                 0x2000000a   Data           2  interrupt.o(.data)
    NumberOfPulse                            0x20000010   Data           4  measurement.o(.data)
    VanTocCo                                 0x20000014   Data           4  measurement.o(.data)
    VanTocGPS                                0x20000018   Data           2  measurement.o(.data)
    PowerADCValue                            0x2000001a   Data           2  measurement.o(.data)
    MeasureTime                              0x2000001c   Data           2  measurement.o(.data)
    DangDiChuyenTheoCo                       0x2000001e   Data           1  measurement.o(.data)
    DangDiChuyenTheoGPS                      0x2000001f   Data           1  measurement.o(.data)
    SoBanTinDiChuyenLienTucGPS               0x20000020   Data           4  measurement.o(.data)
    SoBanTinDungLienTucGPS                   0x20000024   Data           4  measurement.o(.data)
    SoBanTinDiChuyenLienTucTheoCo            0x20000028   Data           4  measurement.o(.data)
    SoBanTinDungLienTucTheoCo                0x2000002c   Data           4  measurement.o(.data)
    u8_OldYear                               0x20000038   Data           1  olddataprocess.o(.data)
    u8_OldMonth                              0x20000039   Data           1  olddataprocess.o(.data)
    u8_OldDay                                0x2000003a   Data           1  olddataprocess.o(.data)
    u8_OldHour                               0x2000003b   Data           1  olddataprocess.o(.data)
    u8_OldMinute                             0x2000003c   Data           1  olddataprocess.o(.data)
    u8_OldSecond                             0x2000003d   Data           1  olddataprocess.o(.data)
    CalYear                                  0x2000003e   Data           1  olddataprocess.o(.data)
    CalMonth                                 0x2000003f   Data           1  olddataprocess.o(.data)
    CalDay                                   0x20000040   Data           1  olddataprocess.o(.data)
    CalHour                                  0x20000041   Data           1  olddataprocess.o(.data)
    CalMinute                                0x20000042   Data           1  olddataprocess.o(.data)
    CalSecond                                0x20000043   Data           1  olddataprocess.o(.data)
    CalYearDH                                0x20000044   Data           1  olddataprocess.o(.data)
    CalMonthDH                               0x20000045   Data           1  olddataprocess.o(.data)
    CalDayDH                                 0x20000046   Data           1  olddataprocess.o(.data)
    CalHourDH                                0x20000047   Data           1  olddataprocess.o(.data)
    CalMinuteDH                              0x20000048   Data           1  olddataprocess.o(.data)
    CalSecondDH                              0x20000049   Data           1  olddataprocess.o(.data)
    FLASHStatus                              0x2000004a   Data           1  updatefimware.o(.data)
    Alarm                                    0x20000051   Data           3  bgt_alarm.o(.data)
    LastGPSStatus                            0x2000005a   Data           1  gps_process.o(.data)
    GPSResetCount                            0x2000005c   Data           2  gps_process.o(.data)
    IsBaudrateValid                          0x2000005e   Data           1  gps_process.o(.data)
    BaudRateCount                            0x2000005f   Data           1  gps_process.o(.data)
    GPRS                                     0x20000062   Data           3  gsm_gprs.o(.data)
    SendDataTimeOut                          0x20000068   Data           2  gsm_gprs.o(.data)
    NewCommandToExec                         0x2000006a   Data           1  gsm_gprs.o(.data)
    ThoiGianNhacMay                          0x2000006c   Data           2  gsm_hardware.o(.data)
    RTC_TimeStruct                           0x20000070   Data           4  rtc.o(.data)
    RTC_DateStruct                           0x20000074   Data           4  rtc.o(.data)
    AsynchPrediv                             0x20000078   Data           4  rtc.o(.data)
    SynchPrediv                              0x2000007c   Data           4  rtc.o(.data)
    XuLyDuLieuNgayMoi                        0x20000080   Data           1  rtc.o(.data)
    OldMinute                                0x20000081   Data           1  rtc.o(.data)
    TimeFLashErase                           0x20000088   Data           4  dataflash.o(.data)
    AmThanh                                  0x20000974   Data           6  amthanh.o(.data)
    SystemCoreClock                          0x2000098c   Data           4  system_stm32f2xx.o(.data)
    AHBPrescTable                            0x20000990   Data          16  system_stm32f2xx.o(.data)
    xSystem                                  0x200009a4   Data        4784  main.o(.bss)
    SMSBuffer                                0x20001c54   Data        2048  main.o(.bss)
    xCauHinh                                 0x20002454   Data         258  cauhinh.o(.bss)
    GPSVersion                               0x20002556   Data          10  initsystem.o(.bss)
    KhoaXe                                   0x20002560   Data         176  tatdongco.o(.bss)
    Measure                                  0x20002610   Data          12  measurement.o(.bss)
    ADC_RegularConvertedValueTab             0x2000261c   Data          18  measurement.o(.bss)
    Config                                   0x2000262e   Data         516  configuration.o(.bss)
    OldData                                  0x20002834   Data          20  olddataprocess.o(.bss)
    OldDataBuffer                            0x20002848   Data         200  olddataprocess.o(.bss)
    OldDataDongHo                            0x20002910   Data          50  olddataprocess.o(.bss)
    BGT                                      0x20002944   Data         272  bgt_data.o(.bss)
    DiChuyen                                 0x20002a54   Data          28  bgt_data.o(.bss)
    RFID                                     0x20002a70   Data         526  bgt_rfid.o(.bss)
    xThongTinLaiXe                           0x20002c80   Data         112  bgt_laixe.o(.bss)
    BufferSpeed                              0x20002cf0   Data         120  bgt_process.o(.bss)
    BGT_Command                              0x20002d68   Data          12  bgt_command.o(.bss)
    HP2010                                   0x20002ec0   Data        1038  hp2010.o(.bss)
    GPSConvert                               0x200032d0   Data          12  gps_process.o(.bss)
    GPSControl                               0x200032dc   Data          36  gps_process.o(.bss)
    GPSTemp                                  0x20003300   Data          36  gps_process.o(.bss)
    GPS                                      0x20003324   Data        1064  gps_hardware.o(.bss)
    SMSMemory                                0x2000374c   Data        1365  gsm_sms.o(.bss)
    SoDienThoai                              0x20003ca1   Data          20  gsm_sms.o(.bss)
    SendSMSBuffer                            0x20003cb5   Data         120  gsm_sms.o(.bss)
    GPRSData                                 0x20003d2e   Data        8630  gsm_gprs.o(.bss)
    SendDataCMDBuf                           0x20005ee4   Data          30  gsm_gprs.o(.bss)
    ATCOMMAND                                0x20005f02   Data         100  gsm_gprs.o(.bss)
    Message                                  0x20005f68   Data        1088  gsm_message.o(.bss)
    GSM                                      0x200063a8   Data        2072  gsm_hardware.o(.bss)
    TempGSM                                  0x20006bc0   Data        2072  gsm_hardware.o(.bss)
    xServer                                  0x200073d8   Data        4100  gsm_serverprocess.o(.bss)
    RTC_InitStructure                        0x200083dc   Data          12  rtc.o(.bss)
    tmpDateTime                              0x200083e8   Data          10  rtc.o(.bss)
    Base64                                   0x20008474   Data        1026  base64.o(.bss)
    MaHoa                                    0x20008876   Data        1034  mahoa.o(.bss)
    NhienLieu                                0x20008c80   Data          24  nhienlieu.o(.bss)
    __libspace_start                         0x20008cc4   Data          96  libspace.o(.bss)
    __temporary_stack_top$libspace           0x20008d24   Data           0  libspace.o(.bss)



==============================================================================

Memory Map of the image

  Image Entry point : 0x08008185

  Load Region LR_IROM1 (Base: 0x08008000, Size: 0x00017324, Max: 0x0007c000, ABSOLUTE, COMPRESSED[0x00016d78])

    Execution Region ER_IROM1 (Exec base: 0x08008000, Load base: 0x08008000, Size: 0x00016980, Max: 0x0007c000, ABSOLUTE)

    Exec Addr    Load Addr    Size         Type   Attr      Idx    E Section Name        Object

    0x08008000   0x08008000   0x00000184   Data   RO         1782    RESET               startup_stm32f2xx.o
    0x08008184   0x08008184   0x00000008   Code   RO         1884  * !!!main             c_w.l(__main.o)
    0x0800818c   0x0800818c   0x00000034   Code   RO         2270    !!!scatter          c_w.l(__scatter.o)
    0x080081c0   0x080081c0   0x0000005a   Code   RO         2268    !!dczerorl2         c_w.l(__dczerorl2.o)
    0x0800821a   0x0800821a   0x00000002   PAD
    0x0800821c   0x0800821c   0x0000001c   Code   RO         2272    !!handler_zi        c_w.l(__scatter_zi.o)
    0x08008238   0x08008238   0x00000000   Code   RO         1855    .ARM.Collect$$_printf_percent$$00000000  c_w.l(_printf_percent.o)
    0x08008238   0x08008238   0x00000006   Code   RO         1854    .ARM.Collect$$_printf_percent$$00000003  c_w.l(_printf_f.o)
    0x0800823e   0x0800823e   0x00000006   Code   RO         1852    .ARM.Collect$$_printf_percent$$00000009  c_w.l(_printf_d.o)
    0x08008244   0x08008244   0x00000006   Code   RO         1853    .ARM.Collect$$_printf_percent$$0000000A  c_w.l(_printf_u.o)
    0x0800824a   0x0800824a   0x00000006   Code   RO         1851    .ARM.Collect$$_printf_percent$$00000014  c_w.l(_printf_s.o)
    0x08008250   0x08008250   0x00000004   Code   RO         1950    .ARM.Collect$$_printf_percent$$00000017  c_w.l(_printf_percent_end.o)
    0x08008254   0x08008254   0x00000002   Code   RO         2062    .ARM.Collect$$libinit$$00000000  c_w.l(libinit.o)
    0x08008256   0x08008256   0x00000000   Code   RO         2064    .ARM.Collect$$libinit$$00000002  c_w.l(libinit2.o)
    0x08008256   0x08008256   0x00000000   Code   RO         2066    .ARM.Collect$$libinit$$00000004  c_w.l(libinit2.o)
    0x08008256   0x08008256   0x00000000   Code   RO         2069    .ARM.Collect$$libinit$$0000000A  c_w.l(libinit2.o)
    0x08008256   0x08008256   0x00000000   Code   RO         2071    .ARM.Collect$$libinit$$0000000C  c_w.l(libinit2.o)
    0x08008256   0x08008256   0x00000000   Code   RO         2073    .ARM.Collect$$libinit$$0000000E  c_w.l(libinit2.o)
    0x08008256   0x08008256   0x00000006   Code   RO         2074    .ARM.Collect$$libinit$$0000000F  c_w.l(libinit2.o)
    0x0800825c   0x0800825c   0x00000000   Code   RO         2076    .ARM.Collect$$libinit$$00000011  c_w.l(libinit2.o)
    0x0800825c   0x0800825c   0x0000000c   Code   RO         2077    .ARM.Collect$$libinit$$00000012  c_w.l(libinit2.o)
    0x08008268   0x08008268   0x00000000   Code   RO         2078    .ARM.Collect$$libinit$$00000013  c_w.l(libinit2.o)
    0x08008268   0x08008268   0x00000000   Code   RO         2080    .ARM.Collect$$libinit$$00000015  c_w.l(libinit2.o)
    0x08008268   0x08008268   0x0000000a   Code   RO         2081    .ARM.Collect$$libinit$$00000016  c_w.l(libinit2.o)
    0x08008272   0x08008272   0x00000000   Code   RO         2082    .ARM.Collect$$libinit$$00000017  c_w.l(libinit2.o)
    0x08008272   0x08008272   0x00000000   Code   RO         2084    .ARM.Collect$$libinit$$00000019  c_w.l(libinit2.o)
    0x08008272   0x08008272   0x00000000   Code   RO         2086    .ARM.Collect$$libinit$$0000001B  c_w.l(libinit2.o)
    0x08008272   0x08008272   0x00000000   Code   RO         2088    .ARM.Collect$$libinit$$0000001D  c_w.l(libinit2.o)
    0x08008272   0x08008272   0x00000000   Code   RO         2090    .ARM.Collect$$libinit$$0000001F  c_w.l(libinit2.o)
    0x08008272   0x08008272   0x00000000   Code   RO         2092    .ARM.Collect$$libinit$$00000021  c_w.l(libinit2.o)
    0x08008272   0x08008272   0x00000000   Code   RO         2094    .ARM.Collect$$libinit$$00000023  c_w.l(libinit2.o)
    0x08008272   0x08008272   0x00000000   Code   RO         2096    .ARM.Collect$$libinit$$00000025  c_w.l(libinit2.o)
    0x08008272   0x08008272   0x00000000   Code   RO         2100    .ARM.Collect$$libinit$$0000002C  c_w.l(libinit2.o)
    0x08008272   0x08008272   0x00000000   Code   RO         2102    .ARM.Collect$$libinit$$0000002E  c_w.l(libinit2.o)
    0x08008272   0x08008272   0x00000000   Code   RO         2104    .ARM.Collect$$libinit$$00000030  c_w.l(libinit2.o)
    0x08008272   0x08008272   0x00000000   Code   RO         2106    .ARM.Collect$$libinit$$00000032  c_w.l(libinit2.o)
    0x08008272   0x08008272   0x00000002   Code   RO         2107    .ARM.Collect$$libinit$$00000033  c_w.l(libinit2.o)
    0x08008274   0x08008274   0x00000002   Code   RO         2167    .ARM.Collect$$libshutdown$$00000000  c_w.l(libshutdown.o)
    0x08008276   0x08008276   0x00000000   Code   RO         2196    .ARM.Collect$$libshutdown$$00000002  c_w.l(libshutdown2.o)
    0x08008276   0x08008276   0x00000000   Code   RO         2198    .ARM.Collect$$libshutdown$$00000004  c_w.l(libshutdown2.o)
    0x08008276   0x08008276   0x00000000   Code   RO         2201    .ARM.Collect$$libshutdown$$00000007  c_w.l(libshutdown2.o)
    0x08008276   0x08008276   0x00000000   Code   RO         2204    .ARM.Collect$$libshutdown$$0000000A  c_w.l(libshutdown2.o)
    0x08008276   0x08008276   0x00000000   Code   RO         2206    .ARM.Collect$$libshutdown$$0000000C  c_w.l(libshutdown2.o)
    0x08008276   0x08008276   0x00000000   Code   RO         2209    .ARM.Collect$$libshutdown$$0000000F  c_w.l(libshutdown2.o)
    0x08008276   0x08008276   0x00000002   Code   RO         2210    .ARM.Collect$$libshutdown$$00000010  c_w.l(libshutdown2.o)
    0x08008278   0x08008278   0x00000000   Code   RO         1932    .ARM.Collect$$rtentry$$00000000  c_w.l(__rtentry.o)
    0x08008278   0x08008278   0x00000000   Code   RO         1975    .ARM.Collect$$rtentry$$00000002  c_w.l(__rtentry2.o)
    0x08008278   0x08008278   0x00000006   Code   RO         1987    .ARM.Collect$$rtentry$$00000004  c_w.l(__rtentry4.o)
    0x0800827e   0x0800827e   0x00000000   Code   RO         1977    .ARM.Collect$$rtentry$$00000009  c_w.l(__rtentry2.o)
    0x0800827e   0x0800827e   0x00000004   Code   RO         1978    .ARM.Collect$$rtentry$$0000000A  c_w.l(__rtentry2.o)
    0x08008282   0x08008282   0x00000000   Code   RO         1980    .ARM.Collect$$rtentry$$0000000C  c_w.l(__rtentry2.o)
    0x08008282   0x08008282   0x00000008   Code   RO         1981    .ARM.Collect$$rtentry$$0000000D  c_w.l(__rtentry2.o)
    0x0800828a   0x0800828a   0x00000002   Code   RO         2108    .ARM.Collect$$rtexit$$00000000  c_w.l(rtexit.o)
    0x0800828c   0x0800828c   0x00000000   Code   RO         2131    .ARM.Collect$$rtexit$$00000002  c_w.l(rtexit2.o)
    0x0800828c   0x0800828c   0x00000004   Code   RO         2132    .ARM.Collect$$rtexit$$00000003  c_w.l(rtexit2.o)
    0x08008290   0x08008290   0x00000006   Code   RO         2133    .ARM.Collect$$rtexit$$00000004  c_w.l(rtexit2.o)
    0x08008296   0x08008296   0x00000002   PAD
    0x08008298   0x08008298   0x0000029c   Code   RO            4    .text               led.o
    0x08008534   0x08008534   0x00000134   Code   RO          148    .text               main.o
    0x08008668   0x08008668   0x000000e4   Code   RO          228    .text               buzz.o
    0x0800874c   0x0800874c   0x000002f0   Code   RO          268    .text               debug.o
    0x08008a3c   0x08008a3c   0x000003b8   Code   RO          305    .text               utilities.o
    0x08008df4   0x08008df4   0x00000324   Code   RO          336    .text               interrupt.o
    0x08009118   0x08009118   0x00001030   Code   RO          382    .text               cauhinh.o
    0x0800a148   0x0800a148   0x000003e8   Code   RO          416    .text               initsystem.o
    0x0800a530   0x0800a530   0x00000078   Code   RO          469    .text               watchdog.o
    0x0800a5a8   0x0800a5a8   0x000001c0   Code   RO          493    .text               tatdongco.o
    0x0800a768   0x0800a768   0x000007c4   Code   RO          540    .text               measurement.o
    0x0800af2c   0x0800af2c   0x00000520   Code   RO          569    .text               configuration.o
    0x0800b44c   0x0800b44c   0x0000076c   Code   RO          606    .text               olddataprocess.o
    0x0800bbb8   0x0800bbb8   0x00000374   Code   RO          639    .text               hardwaremanager.o
    0x0800bf2c   0x0800bf2c   0x00000198   Code   RO          668    .text               flash_if.o
    0x0800c0c4   0x0800c0c4   0x00000310   Code   RO          692    .text               updatefimware.o
    0x0800c3d4   0x0800c3d4   0x000008cc   Code   RO          719    .text               bgt_data.o
    0x0800cca0   0x0800cca0   0x0000075c   Code   RO          763    .text               bgt_rfid.o
    0x0800d3fc   0x0800d3fc   0x00000608   Code   RO          791    .text               bgt_laixe.o
    0x0800da04   0x0800da04   0x00000148   Code   RO          820    .text               bgt_alarm.o
    0x0800db4c   0x0800db4c   0x00000178   Code   RO          848    .text               bgt_process.o
    0x0800dcc4   0x0800dcc4   0x00000d94   Code   RO          877    .text               bgt_command.o
    0x0800ea58   0x0800ea58   0x00000928   Code   RO          905    .text               hp2010.o
    0x0800f380   0x0800f380   0x00000948   Code   RO          937    .text               gps_process.o
    0x0800fcc8   0x0800fcc8   0x000004d0   Code   RO          966    .text               gps_hardware.o
    0x08010198   0x08010198   0x000003a4   Code   RO          994    .text               gsm_m95.o
    0x0801053c   0x0801053c   0x00000c84   Code   RO         1025    .text               gsm_sms.o
    0x080111c0   0x080111c0   0x00000dd4   Code   RO         1058    .text               gsm_gprs.o
    0x08011f94   0x08011f94   0x00000118   Code   RO         1087    .text               gsm_process.o
    0x080120ac   0x080120ac   0x00002688   Code   RO         1112    .text               gsm_message.o
    0x08014734   0x08014734   0x00000874   Code   RO         1143    .text               gsm_hardware.o
    0x08014fa8   0x08014fa8   0x00000fec   Code   RO         1175    .text               gsm_serverprocess.o
    0x08015f94   0x08015f94   0x000005a4   Code   RO         1213    .text               rtc.o
    0x08016538   0x08016538   0x000005a8   Code   RO         1242    .text               fram.o
    0x08016ae0   0x08016ae0   0x000004a8   Code   RO         1272    .text               dataflash.o
    0x08016f88   0x08016f88   0x00000470   Code   RO         1301    .text               des.o
    0x080173f8   0x080173f8   0x00000208   Code   RO         1328    .text               base64.o
    0x08017600   0x08017600   0x00000100   Code   RO         1356    .text               mahoa.o
    0x08017700   0x08017700   0x0000017c   Code   RO         1389    .text               amthanh.o
    0x0801787c   0x0801787c   0x000000f8   Code   RO         1417    .text               nhienlieu.o
    0x08017974   0x08017974   0x000000e0   Code   RO         1445    .text               misc.o
    0x08017a54   0x08017a54   0x00000464   Code   RO         1469    .text               stm32f2xx_adc.o
    0x08017eb8   0x08017eb8   0x000003a8   Code   RO         1493    .text               stm32f2xx_dma.o
    0x08018260   0x08018260   0x0000011c   Code   RO         1517    .text               stm32f2xx_exti.o
    0x0801837c   0x0801837c   0x000004bc   Code   RO         1541    .text               stm32f2xx_flash.o
    0x08018838   0x08018838   0x0000025c   Code   RO         1565    .text               stm32f2xx_gpio.o
    0x08018a94   0x08018a94   0x00000040   Code   RO         1589    .text               stm32f2xx_iwdg.o
    0x08018ad4   0x08018ad4   0x000000d8   Code   RO         1613    .text               stm32f2xx_pwr.o
    0x08018bac   0x08018bac   0x00000588   Code   RO         1637    .text               stm32f2xx_rcc.o
    0x08019134   0x08019134   0x00000b08   Code   RO         1663    .text               stm32f2xx_rtc.o
    0x08019c3c   0x08019c3c   0x000003a8   Code   RO         1687    .text               stm32f2xx_spi.o
    0x08019fe4   0x08019fe4   0x0000008c   Code   RO         1711    .text               stm32f2xx_syscfg.o
    0x0801a070   0x0801a070   0x00000ca2   Code   RO         1735    .text               stm32f2xx_tim.o
    0x0801ad12   0x0801ad12   0x00000002   PAD
    0x0801ad14   0x0801ad14   0x0000041a   Code   RO         1759    .text               stm32f2xx_usart.o
    0x0801b12e   0x0801b12e   0x00000002   PAD
    0x0801b130   0x0801b130   0x00000040   Code   RO         1783    .text               startup_stm32f2xx.o
    0x0801b170   0x0801b170   0x000001e0   Code   RO         1790    .text               system_stm32f2xx.o
    0x0801b350   0x0801b350   0x0000002c   Code   RO         1819    .text               c_w.l(__2sprintf.o)
    0x0801b37c   0x0801b37c   0x0000004e   Code   RO         1825    .text               c_w.l(_printf_pad.o)
    0x0801b3ca   0x0801b3ca   0x00000052   Code   RO         1827    .text               c_w.l(_printf_str.o)
    0x0801b41c   0x0801b41c   0x00000078   Code   RO         1829    .text               c_w.l(_printf_dec.o)
    0x0801b494   0x0801b494   0x00000138   Code   RO         1843    .text               c_w.l(__printf_flags_wp.o)
    0x0801b5cc   0x0801b5cc   0x0000001a   Code   RO         1856    .text               c_w.l(atoi.o)
    0x0801b5e6   0x0801b5e6   0x00000002   PAD
    0x0801b5e8   0x0801b5e8   0x0000000c   Code   RO         1858    .text               c_w.l(strtok.o)
    0x0801b5f4   0x0801b5f4   0x00000024   Code   RO         1861    .text               c_w.l(strstr.o)
    0x0801b618   0x0801b618   0x00000048   Code   RO         1863    .text               c_w.l(strcpy.o)
    0x0801b660   0x0801b660   0x0000003e   Code   RO         1865    .text               c_w.l(strlen.o)
    0x0801b69e   0x0801b69e   0x00000018   Code   RO         1867    .text               c_w.l(strcat.o)
    0x0801b6b6   0x0801b6b6   0x0000008a   Code   RO         1869    .text               c_w.l(rt_memcpy_v6.o)
    0x0801b740   0x0801b740   0x00000064   Code   RO         1871    .text               c_w.l(rt_memcpy_w.o)
    0x0801b7a4   0x0801b7a4   0x0000004e   Code   RO         1873    .text               c_w.l(rt_memclr_w.o)
    0x0801b7f2   0x0801b7f2   0x00000002   PAD
    0x0801b7f4   0x0801b7f4   0x00000080   Code   RO         1875    .text               c_w.l(strcmpv7m.o)
    0x0801b874   0x0801b874   0x0000000c   Code   RO         1877    .text               c_w.l(localtime.o)
    0x0801b880   0x0801b880   0x000001ac   Code   RO         1880    .text               c_w.l(mktime.o)
    0x0801ba2c   0x0801ba2c   0x00000006   Code   RO         1882    .text               c_w.l(heapauxi.o)
    0x0801ba32   0x0801ba32   0x00000002   PAD
    0x0801ba34   0x0801ba34   0x00000008   Code   RO         1936    .text               c_w.l(rt_errno_addr_intlibspace.o)
    0x0801ba3c   0x0801ba3c   0x00000016   Code   RO         1938    .text               c_w.l(_rserrno.o)
    0x0801ba52   0x0801ba52   0x000000b2   Code   RO         1940    .text               c_w.l(_printf_intcommon.o)
    0x0801bb04   0x0801bb04   0x0000041e   Code   RO         1942    .text               c_w.l(_printf_fp_dec.o)
    0x0801bf22   0x0801bf22   0x00000002   PAD
    0x0801bf24   0x0801bf24   0x00000030   Code   RO         1944    .text               c_w.l(_printf_char_common.o)
    0x0801bf54   0x0801bf54   0x0000000a   Code   RO         1946    .text               c_w.l(_sputc.o)
    0x0801bf5e   0x0801bf5e   0x0000002c   Code   RO         1948    .text               c_w.l(_printf_char.o)
    0x0801bf8a   0x0801bf8a   0x00000002   PAD
    0x0801bf8c   0x0801bf8c   0x000000a4   Code   RO         1951    .text               c_w.l(strtod.o)
    0x0801c030   0x0801c030   0x00000070   Code   RO         1953    .text               c_w.l(strtol.o)
    0x0801c0a0   0x0801c0a0   0x00000044   Code   RO         1955    .text               c_w.l(strtok_int.o)
    0x0801c0e4   0x0801c0e4   0x000000b8   Code   RO         1958    .text               c_w.l(localtime_internal.o)
    0x0801c19c   0x0801c19c   0x00000008   Code   RO         1971    .text               c_w.l(libspace.o)
    0x0801c1a4   0x0801c1a4   0x00000010   Code   RO         1989    .text               c_w.l(rt_ctype_table.o)
    0x0801c1b4   0x0801c1b4   0x00000008   Code   RO         1994    .text               c_w.l(rt_locale_intlibspace.o)
    0x0801c1bc   0x0801c1bc   0x0000008a   Code   RO         1996    .text               c_w.l(lludiv10.o)
    0x0801c246   0x0801c246   0x00000012   Code   RO         1998    .text               c_w.l(isspace.o)
    0x0801c258   0x0801c258   0x00000080   Code   RO         2000    .text               c_w.l(_printf_fp_infnan.o)
    0x0801c2d8   0x0801c2d8   0x00000040   Code   RO         2004    .text               c_w.l(_sgetc.o)
    0x0801c318   0x0801c318   0x0000009e   Code   RO         2006    .text               c_w.l(_strtoul.o)
    0x0801c3b6   0x0801c3b6   0x00000002   PAD
    0x0801c3b8   0x0801c3b8   0x000000e4   Code   RO         2008    .text               c_w.l(bigflt0.o)
    0x0801c49c   0x0801c49c   0x00000020   Code   RO         2036    .text               c_w.l(strcspn.o)
    0x0801c4bc   0x0801c4bc   0x0000001c   Code   RO         2038    .text               c_w.l(strspn.o)
    0x0801c4d8   0x0801c4d8   0x0000004a   Code   RO         2046    .text               c_w.l(sys_stackheap_outer.o)
    0x0801c522   0x0801c522   0x0000001c   Code   RO         2048    .text               c_w.l(_chval.o)
    0x0801c53e   0x0801c53e   0x00000002   PAD
    0x0801c540   0x0801c540   0x000004f8   Code   RO         2050    .text               c_w.l(scanf_fp.o)
    0x0801ca38   0x0801ca38   0x00000012   Code   RO         2055    .text               c_w.l(exit.o)
    0x0801ca4a   0x0801ca4a   0x00000002   PAD
    0x0801ca4c   0x0801ca4c   0x00000320   Code   RO         2137    .text               c_w.l(scanf_hexfp.o)
    0x0801cd6c   0x0801cd6c   0x00000134   Code   RO         2139    .text               c_w.l(scanf_infnan.o)
    0x0801cea0   0x0801cea0   0x0000000c   Code   RO         2155    .text               c_w.l(sys_exit.o)
    0x0801ceac   0x0801ceac   0x00000026   Code   RO         2159    .text               c_w.l(llshl.o)
    0x0801ced2   0x0801ced2   0x00000002   Code   RO         2186    .text               c_w.l(use_no_semi.o)
    0x0801ced4   0x0801ced4   0x00000000   Code   RO         2188    .text               c_w.l(indicate_semi.o)
    0x0801ced4   0x0801ced4   0x0000003e   Code   RO         2011    CL$$btod_d2e        c_w.l(btod.o)
    0x0801cf12   0x0801cf12   0x00000046   Code   RO         2013    CL$$btod_d2e_denorm_low  c_w.l(btod.o)
    0x0801cf58   0x0801cf58   0x00000060   Code   RO         2012    CL$$btod_d2e_norm_op1  c_w.l(btod.o)
    0x0801cfb8   0x0801cfb8   0x00000338   Code   RO         2021    CL$$btod_div_common  c_w.l(btod.o)
    0x0801d2f0   0x0801d2f0   0x00000084   Code   RO         2019    CL$$btod_e2d        c_w.l(btod.o)
    0x0801d374   0x0801d374   0x000000dc   Code   RO         2018    CL$$btod_e2e        c_w.l(btod.o)
    0x0801d450   0x0801d450   0x0000002a   Code   RO         2015    CL$$btod_ediv       c_w.l(btod.o)
    0x0801d47a   0x0801d47a   0x0000002a   Code   RO         2017    CL$$btod_edivd      c_w.l(btod.o)
    0x0801d4a4   0x0801d4a4   0x0000002a   Code   RO         2014    CL$$btod_emul       c_w.l(btod.o)
    0x0801d4ce   0x0801d4ce   0x0000002a   Code   RO         2016    CL$$btod_emuld      c_w.l(btod.o)
    0x0801d4f8   0x0801d4f8   0x00000244   Code   RO         2020    CL$$btod_mult_common  c_w.l(btod.o)
    0x0801d73c   0x0801d73c   0x00000028   Code   RO         2044    i.__ARM_fpclassify  m_ws.l(fpclassify.o)
    0x0801d764   0x0801d764   0x0000000e   Code   RO         2217    i.__mathlib_dbl_overflow  m_ws.l(dunder.o)
    0x0801d772   0x0801d772   0x00000002   PAD
    0x0801d774   0x0801d774   0x00000010   Code   RO         2219    i.__mathlib_dbl_underflow  m_ws.l(dunder.o)
    0x0801d784   0x0801d784   0x00000010   Code   RO         2124    i.__mathlib_narrow  m_ws.l(narrow.o)
    0x0801d794   0x0801d794   0x000000bc   Code   RO         2125    i.__mathlib_tofloat  m_ws.l(narrow.o)
    0x0801d850   0x0801d850   0x00000016   Code   RO         2175    i.__support_ldexp   m_ws.l(ldexp.o)
    0x0801d866   0x0801d866   0x0000000e   Code   RO         1841    i._is_digit         c_w.l(__printf_wp.o)
    0x0801d874   0x0801d874   0x0000002a   Code   RO         1929    i.atof              m_ws.l(atof.o)
    0x0801d89e   0x0801d89e   0x00000002   PAD
    0x0801d8a0   0x0801d8a0   0x00000058   Code   RO         2150    i.frexp             m_ws.l(frexp.o)
    0x0801d8f8   0x0801d8f8   0x00000074   Code   RO         2176    i.ldexp             m_ws.l(ldexp.o)
    0x0801d96c   0x0801d96c   0x0000002c   Code   RO         2034    locale$$code        c_w.l(lc_numeric_c.o)
    0x0801d998   0x0801d998   0x0000002c   Code   RO         2053    locale$$code        c_w.l(lc_ctype_c.o)
    0x0801d9c4   0x0801d9c4   0x00000062   Code   RO         1886    x$fpl$d2f           fz_ws.l(d2f.o)
    0x0801da26   0x0801da26   0x00000002   PAD
    0x0801da28   0x0801da28   0x00000010   Code   RO         2211    x$fpl$dcheck1       fz_ws.l(dcheck1.o)
    0x0801da38   0x0801da38   0x00000018   Code   RO         2168    x$fpl$dcmpinf       fz_ws.l(dcmpi.o)
    0x0801da50   0x0801da50   0x00000078   Code   RO         2145    x$fpl$deqf          fz_ws.l(deqf.o)
    0x0801dac8   0x0801dac8   0x0000005a   Code   RO         1888    x$fpl$dfixu         fz_ws.l(dfixu.o)
    0x0801db22   0x0801db22   0x00000026   Code   RO         1892    x$fpl$dfltu         fz_ws.l(dflt_clz.o)
    0x0801db48   0x0801db48   0x00000078   Code   RO         2170    x$fpl$dleqf         fz_ws.l(dleqf.o)
    0x0801dbc0   0x0801dbc0   0x00000154   Code   RO         1898    x$fpl$dmul          fz_ws.l(dmul.o)
    0x0801dd14   0x0801dd14   0x0000009c   Code   RO         1960    x$fpl$dnaninf       fz_ws.l(dnaninf.o)
    0x0801ddb0   0x0801ddb0   0x0000000c   Code   RO         1962    x$fpl$dretinf       fz_ws.l(dretinf.o)
    0x0801ddbc   0x0801ddbc   0x0000006c   Code   RO         2147    x$fpl$drleqf        fz_ws.l(drleqf.o)
    0x0801de28   0x0801de28   0x00000056   Code   RO         1900    x$fpl$f2d           fz_ws.l(f2d.o)
    0x0801de7e   0x0801de7e   0x00000002   PAD
    0x0801de80   0x0801de80   0x000000c4   Code   RO         1902    x$fpl$fadd          fz_ws.l(faddsub_clz.o)
    0x0801df44   0x0801df44   0x00000018   Code   RO         1964    x$fpl$fcmpinf       fz_ws.l(fcmpi.o)
    0x0801df5c   0x0801df5c   0x00000184   Code   RO         1909    x$fpl$fdiv          fz_ws.l(fdiv.o)
    0x0801e0e0   0x0801e0e0   0x0000003e   Code   RO         1912    x$fpl$ffixu         fz_ws.l(ffixu.o)
    0x0801e11e   0x0801e11e   0x00000002   PAD
    0x0801e120   0x0801e120   0x00000030   Code   RO         1917    x$fpl$fflt          fz_ws.l(fflt_clz.o)
    0x0801e150   0x0801e150   0x00000026   Code   RO         1916    x$fpl$ffltu         fz_ws.l(fflt_clz.o)
    0x0801e176   0x0801e176   0x00000002   PAD
    0x0801e178   0x0801e178   0x00000068   Code   RO         1922    x$fpl$fleqf         fz_ws.l(fleqf.o)
    0x0801e1e0   0x0801e1e0   0x00000102   Code   RO         1924    x$fpl$fmul          fz_ws.l(fmul.o)
    0x0801e2e2   0x0801e2e2   0x0000008c   Code   RO         1966    x$fpl$fnaninf       fz_ws.l(fnaninf.o)
    0x0801e36e   0x0801e36e   0x0000000a   Code   RO         1968    x$fpl$fretinf       fz_ws.l(fretinf.o)
    0x0801e378   0x0801e378   0x000000ea   Code   RO         1904    x$fpl$fsub          fz_ws.l(faddsub_clz.o)
    0x0801e462   0x0801e462   0x00000006   Code   RO         2040    x$fpl$ieeestatus    fz_ws.l(istatus.o)
    0x0801e468   0x0801e468   0x00000004   Code   RO         1926    x$fpl$printf1       fz_ws.l(printf1.o)
    0x0801e46c   0x0801e46c   0x00000064   Code   RO         2242    x$fpl$retnan        fz_ws.l(retnan.o)
    0x0801e4d0   0x0801e4d0   0x0000005c   Code   RO         2172    x$fpl$scalbn        fz_ws.l(scalbn.o)
    0x0801e52c   0x0801e52c   0x00000004   Code   RO         2042    x$fpl$scanf1        fz_ws.l(scanf1.o)
    0x0801e530   0x0801e530   0x00000008   Code   RO         2118    x$fpl$scanf2        fz_ws.l(scanf2.o)
    0x0801e538   0x0801e538   0x00000030   Code   RO         2248    x$fpl$trapveneer    fz_ws.l(trapv.o)
    0x0801e568   0x0801e568   0x00000000   Code   RO         1970    x$fpl$usenofp       fz_ws.l(usenofp.o)
    0x0801e568   0x0801e568   0x0000003a   Data   RO         1027    .constdata          gsm_sms.o
    0x0801e5a2   0x0801e5a2   0x00000141   Data   RO         1330    .constdata          base64.o
    0x0801e6e3   0x0801e6e3   0x00000011   Data   RO         1844    .constdata          c_w.l(__printf_flags_wp.o)
    0x0801e6f4   0x0801e6f4   0x0000000c   Data   RO         1957    .constdata          c_w.l(_monlen.o)
    0x0801e700   0x0801e700   0x00000094   Data   RO         2009    .constdata          c_w.l(bigflt0.o)
    0x0801e794   0x0801e794   0x0000004c   Data   RO         1028    .conststring        gsm_sms.o
    0x0801e7e0   0x0801e7e0   0x00000043   Data   RO         1177    .conststring        gsm_serverprocess.o
    0x0801e823   0x0801e823   0x00000001   PAD
    0x0801e824   0x0801e824   0x00000020   Data   RO         2266    Region$$Table       anon$$obj.o
    0x0801e844   0x0801e844   0x00000008   Data   RO         2112    c$$dinf             fz_ws.l(fpconst.o)
    0x0801e84c   0x0801e84c   0x00000008   Data   RO         2115    c$$dmax             fz_ws.l(fpconst.o)
    0x0801e854   0x0801e854   0x0000001c   Data   RO         2033    locale$$data        c_w.l(lc_numeric_c.o)
    0x0801e870   0x0801e870   0x00000110   Data   RO         2052    locale$$data        c_w.l(lc_ctype_c.o)


    Execution Region RW_IRAM1 (Exec base: 0x20000000, Load base: 0x0801e980, Size: 0x00009328, Max: 0x00020000, ABSOLUTE, COMPRESSED[0x000003f8])

    Exec Addr    Load Addr    Size         Type   Attr      Idx    E Section Name        Object

    0x20000000   COMPRESSED   0x00000007   Data   RW            5    .data               led.o
    0x20000007   COMPRESSED   0x00000003   Data   RW          229    .data               buzz.o
    0x2000000a   COMPRESSED   0x00000004   Data   RW          337    .data               interrupt.o
    0x2000000e   COMPRESSED   0x00000002   PAD
    0x20000010   COMPRESSED   0x00000028   Data   RW          542    .data               measurement.o
    0x20000038   COMPRESSED   0x00000012   Data   RW          608    .data               olddataprocess.o
    0x2000004a   COMPRESSED   0x00000001   Data   RW          693    .data               updatefimware.o
    0x2000004b   COMPRESSED   0x00000001   PAD
    0x2000004c   COMPRESSED   0x00000003   Data   RW          721    .data               bgt_data.o
    0x2000004f   COMPRESSED   0x00000002   Data   RW          793    .data               bgt_laixe.o
    0x20000051   COMPRESSED   0x00000003   Data   RW          821    .data               bgt_alarm.o
    0x20000054   COMPRESSED   0x00000005   Data   RW          850    .data               bgt_process.o
    0x20000059   COMPRESSED   0x00000001   Data   RW          907    .data               hp2010.o
    0x2000005a   COMPRESSED   0x00000007   Data   RW          939    .data               gps_process.o
    0x20000061   COMPRESSED   0x00000001   PAD
    0x20000062   COMPRESSED   0x00000009   Data   RW         1060    .data               gsm_gprs.o
    0x2000006b   COMPRESSED   0x00000001   PAD
    0x2000006c   COMPRESSED   0x00000002   Data   RW         1145    .data               gsm_hardware.o
    0x2000006e   COMPRESSED   0x00000002   PAD
    0x20000070   COMPRESSED   0x00000012   Data   RW         1215    .data               rtc.o
    0x20000082   COMPRESSED   0x00000001   Data   RW         1243    .data               fram.o
    0x20000083   COMPRESSED   0x00000001   PAD
    0x20000084   COMPRESSED   0x00000008   Data   RW         1274    .data               dataflash.o
    0x2000008c   COMPRESSED   0x000008e8   Data   RW         1303    .data               des.o
    0x20000974   COMPRESSED   0x00000006   Data   RW         1390    .data               amthanh.o
    0x2000097a   COMPRESSED   0x00000010   Data   RW         1638    .data               stm32f2xx_rcc.o
    0x2000098a   COMPRESSED   0x00000002   PAD
    0x2000098c   COMPRESSED   0x00000014   Data   RW         1791    .data               system_stm32f2xx.o
    0x200009a0   COMPRESSED   0x00000004   Data   RW         1859    .data               c_w.l(strtok.o)
    0x200009a4        -       0x00001ab0   Zero   RW          149    .bss                main.o
    0x20002454        -       0x00000102   Zero   RW          383    .bss                cauhinh.o
    0x20002556        -       0x0000000a   Zero   RW          417    .bss                initsystem.o
    0x20002560        -       0x000000b0   Zero   RW          494    .bss                tatdongco.o
    0x20002610        -       0x0000001e   Zero   RW          541    .bss                measurement.o
    0x2000262e        -       0x00000204   Zero   RW          570    .bss                configuration.o
    0x20002832   COMPRESSED   0x00000002   PAD
    0x20002834        -       0x0000010e   Zero   RW          607    .bss                olddataprocess.o
    0x20002942   COMPRESSED   0x00000002   PAD
    0x20002944        -       0x0000012c   Zero   RW          720    .bss                bgt_data.o
    0x20002a70        -       0x0000020e   Zero   RW          764    .bss                bgt_rfid.o
    0x20002c7e   COMPRESSED   0x00000002   PAD
    0x20002c80        -       0x00000070   Zero   RW          792    .bss                bgt_laixe.o
    0x20002cf0        -       0x00000078   Zero   RW          849    .bss                bgt_process.o
    0x20002d68        -       0x00000158   Zero   RW          878    .bss                bgt_command.o
    0x20002ec0        -       0x0000040e   Zero   RW          906    .bss                hp2010.o
    0x200032ce   COMPRESSED   0x00000002   PAD
    0x200032d0        -       0x00000054   Zero   RW          938    .bss                gps_process.o
    0x20003324        -       0x00000428   Zero   RW          967    .bss                gps_hardware.o
    0x2000374c        -       0x000005e1   Zero   RW         1026    .bss                gsm_sms.o
    0x20003d2d   COMPRESSED   0x00000001   PAD
    0x20003d2e        -       0x00002238   Zero   RW         1059    .bss                gsm_gprs.o
    0x20005f66   COMPRESSED   0x00000002   PAD
    0x20005f68        -       0x00000440   Zero   RW         1113    .bss                gsm_message.o
    0x200063a8        -       0x00001030   Zero   RW         1144    .bss                gsm_hardware.o
    0x200073d8        -       0x00001004   Zero   RW         1176    .bss                gsm_serverprocess.o
    0x200083dc        -       0x00000016   Zero   RW         1214    .bss                rtc.o
    0x200083f2   COMPRESSED   0x00000002   PAD
    0x200083f4        -       0x00000080   Zero   RW         1302    .bss                des.o
    0x20008474        -       0x00000402   Zero   RW         1329    .bss                base64.o
    0x20008876        -       0x0000040a   Zero   RW         1357    .bss                mahoa.o
    0x20008c80        -       0x00000018   Zero   RW         1418    .bss                nhienlieu.o
    0x20008c98        -       0x0000002c   Zero   RW         1878    .bss                c_w.l(localtime.o)
    0x20008cc4        -       0x00000060   Zero   RW         1972    .bss                c_w.l(libspace.o)
    0x20008d24   COMPRESSED   0x00000004   PAD
    0x20008d28        -       0x00000200   Zero   RW         1781    HEAP                startup_stm32f2xx.o
    0x20008f28        -       0x00000400   Zero   RW         1780    STACK               startup_stm32f2xx.o


==============================================================================

Image component sizes


      Code (inc. data)   RO Data    RW Data    ZI Data      Debug   Object Name

       380         38          0          6          0       1684   amthanh.o
       520         14        321          0       1026       2361   base64.o
       328         44          0          3          0       1102   bgt_alarm.o
      3476        542          0          0        344       4833   bgt_command.o
      2252         82          0          3        300       9358   bgt_data.o
      1544        184          0          2        112       4980   bgt_laixe.o
       376         28          0          5        120       2468   bgt_process.o
      1884        256          0          0        526       4783   bgt_rfid.o
       228         18          0          3          0       4438   buzz.o
      4144        870          0          0        258       6644   cauhinh.o
      1312        366          0          0        516       2601   configuration.o
      1192         80          0          8          0       4640   dataflash.o
       752         12          0          0          0       5035   debug.o
      1136         56          0       2280        128       2898   des.o
       408         34          0          0          0       2268   flash_if.o
      1448         54          0          1          0       6599   fram.o
      1232        198          0          0       1064       2645   gps_hardware.o
      2376         84          0          7         84       6311   gps_process.o
      3540        524          0          9       8760       5436   gsm_gprs.o
      2164        384          0          2       4144       6164   gsm_hardware.o
       932        166          0          0          0       2251   gsm_m95.o
      9864       1226          0          0       1088      14668   gsm_message.o
       280         52          0          0          0        904   gsm_process.o
      4076        984         67          0       4100       6702   gsm_serverprocess.o
      3204        660        134          0       1505       6501   gsm_sms.o
       884        202          0          0          0      25188   hardwaremanager.o
      2344        274          0          1       1038       5173   hp2010.o
      1000        142          0          0         10      29390   initsystem.o
       804         78          0          4          0       8816   interrupt.o
       668         16          0          7          0     340349   led.o
       256          4          0          0       1034       1846   mahoa.o
       308         14          0          0       6832       8915   main.o
      1988        310          0         40         30       6382   measurement.o
       224         20          0          0          0       1929   misc.o
       248         22          0          0         24       1439   nhienlieu.o
      1900        386          0         18        270       4522   olddataprocess.o
      1444        292          0         18         22       4662   rtc.o
        64         26        388          0       1536        792   startup_stm32f2xx.o
      1124         24          0          0          0      10602   stm32f2xx_adc.o
       936         32          0          0          0       6457   stm32f2xx_dma.o
       284         10          0          0          0       2383   stm32f2xx_exti.o
      1212         26          0          0          0       7049   stm32f2xx_flash.o
       604         36          0          0          0       4089   stm32f2xx_gpio.o
        64          6          0          0          0       1321   stm32f2xx_iwdg.o
       216         12          0          0          0       2300   stm32f2xx_pwr.o
      1416         48          0         16          0      11071   stm32f2xx_rcc.o
      2824         36          0          0          0      12177   stm32f2xx_rtc.o
       936         22          0          0          0       6488   stm32f2xx_spi.o
       140         12          0          0          0       1559   stm32f2xx_syscfg.o
      3234         60          0          0          0      22976   stm32f2xx_tim.o
      1050         26          0          0          0       7820   stm32f2xx_usart.o
       480         40          0         20          0       1727   system_stm32f2xx.o
       448        146          0          0        176       3271   tatdongco.o
       784        344          0          1          0       1737   updatefimware.o
       952         20          0          0          0       5582   utilities.o
       120          4          0          0          0       1009   watchdog.o

    ----------------------------------------------------------------------
     78008       9646        943       2464      35060     667295   Object Totals
         0          0         32          0          0          0   (incl. Generated)
         4          0          1         10         13          0   (incl. Padding)

    ----------------------------------------------------------------------

      Code (inc. data)   RO Data    RW Data    ZI Data      Debug   Library Member Name

        44          6          0          0          0         84   __2sprintf.o
        90          0          0          0          0          0   __dczerorl2.o
         8          0          0          0          0         68   __main.o
       312          4         17          0          0         92   __printf_flags_wp.o
        14          0          0          0          0         68   __printf_wp.o
         0          0          0          0          0          0   __rtentry.o
        12          0          0          0          0          0   __rtentry2.o
         6          0          0          0          0          0   __rtentry4.o
        52          8          0          0          0          0   __scatter.o
        28          0          0          0          0          0   __scatter_zi.o
        28          0          0          0          0         68   _chval.o
         0          0         12          0          0          0   _monlen.o
        44          0          0          0          0        108   _printf_char.o
        48          6          0          0          0         96   _printf_char_common.o
         6          0          0          0          0          0   _printf_d.o
       120         16          0          0          0         92   _printf_dec.o
         6          0          0          0          0          0   _printf_f.o
      1054          0          0          0          0        216   _printf_fp_dec.o
       128         16          0          0          0         84   _printf_fp_infnan.o
       178          0          0          0          0         88   _printf_intcommon.o
        78          0          0          0          0        108   _printf_pad.o
         0          0          0          0          0          0   _printf_percent.o
         4          0          0          0          0          0   _printf_percent_end.o
         6          0          0          0          0          0   _printf_s.o
        82          0          0          0          0         80   _printf_str.o
         6          0          0          0          0          0   _printf_u.o
        22          0          0          0          0        100   _rserrno.o
        64          0          0          0          0         84   _sgetc.o
        10          0          0          0          0         68   _sputc.o
       158          0          0          0          0         92   _strtoul.o
        26          0          0          0          0         80   atoi.o
       228          4        148          0          0         96   bigflt0.o
      2152        136          0          0          0        960   btod.o
        18          0          0          0          0         80   exit.o
         6          0          0          0          0        152   heapauxi.o
         0          0          0          0          0          0   indicate_semi.o
        18          0          0          0          0         76   isspace.o
        44         10        272          0          0         76   lc_ctype_c.o
        44         10         28          0          0         76   lc_numeric_c.o
         2          0          0          0          0          0   libinit.o
        30          0          0          0          0          0   libinit2.o
         2          0          0          0          0          0   libshutdown.o
         2          0          0          0          0          0   libshutdown2.o
         8          4          0          0         96         68   libspace.o
        38          0          0          0          0         68   llshl.o
       138          0          0          0          0         80   lludiv10.o
        12          6          0          0         44         68   localtime.o
       184          6          0          0          0         80   localtime_internal.o
       428         10          0          0          0        116   mktime.o
        16          4          0          0          0         76   rt_ctype_table.o
         8          4          0          0          0         68   rt_errno_addr_intlibspace.o
         8          4          0          0          0         68   rt_locale_intlibspace.o
        78          0          0          0          0         80   rt_memclr_w.o
       138          0          0          0          0         68   rt_memcpy_v6.o
       100          0          0          0          0         80   rt_memcpy_w.o
         2          0          0          0          0          0   rtexit.o
        10          0          0          0          0          0   rtexit2.o
      1272         16          0          0          0        168   scanf_fp.o
       800         14          0          0          0        100   scanf_hexfp.o
       308         16          0          0          0        100   scanf_infnan.o
        24          0          0          0          0         68   strcat.o
       128          0          0          0          0         68   strcmpv7m.o
        72          0          0          0          0         80   strcpy.o
        32          0          0          0          0         80   strcspn.o
        62          0          0          0          0         76   strlen.o
        28          0          0          0          0         80   strspn.o
        36          0          0          0          0         80   strstr.o
       164         14          0          0          0        120   strtod.o
        12          6          0          4          0         68   strtok.o
        68          4          0          0          0         84   strtok_int.o
       112          0          0          0          0         88   strtol.o
        12          4          0          0          0         68   sys_exit.o
        74          0          0          0          0         80   sys_stackheap_outer.o
         2          0          0          0          0         68   use_no_semi.o
        98          4          0          0          0         92   d2f.o
        16          4          0          0          0         68   dcheck1.o
        24          0          0          0          0         68   dcmpi.o
       120          4          0          0          0         92   deqf.o
        90          4          0          0          0         92   dfixu.o
        38          0          0          0          0         68   dflt_clz.o
       120          4          0          0          0         92   dleqf.o
       340         12          0          0          0        104   dmul.o
       156          4          0          0          0         92   dnaninf.o
        12          0          0          0          0         68   dretinf.o
       108          0          0          0          0         80   drleqf.o
        86          4          0          0          0         84   f2d.o
       430          8          0          0          0        168   faddsub_clz.o
        24          0          0          0          0         68   fcmpi.o
       388         76          0          0          0         96   fdiv.o
        62          4          0          0          0         84   ffixu.o
        86          0          0          0          0        136   fflt_clz.o
       104          4          0          0          0         84   fleqf.o
       258          4          0          0          0         84   fmul.o
       140          4          0          0          0         84   fnaninf.o
         0          0         16          0          0          0   fpconst.o
        10          0          0          0          0         68   fretinf.o
         6          0          0          0          0         68   istatus.o
         4          0          0          0          0         68   printf1.o
       100          0          0          0          0         68   retnan.o
        92          0          0          0          0         68   scalbn.o
         4          0          0          0          0         68   scanf1.o
         8          0          0          0          0         84   scanf2.o
        48          0          0          0          0         68   trapv.o
         0          0          0          0          0          0   usenofp.o
        42          0          0          0          0         84   atof.o
        30          6          0          0          0        136   dunder.o
        40          0          0          0          0         68   fpclassify.o
        88          8          0          0          0         76   frexp.o
       138          0          0          0          0        160   ldexp.o
       204          4          0          0          0        168   narrow.o

    ----------------------------------------------------------------------
     13100        486        493          4        144       8644   Library Totals
        32          0          0          0          4          0   (incl. Padding)

    ----------------------------------------------------------------------

      Code (inc. data)   RO Data    RW Data    ZI Data      Debug   Library Name

      9554        328        477          4        140       5588   c_w.l
      2972        140         16          0          0       2364   fz_ws.l
       542         18          0          0          0        692   m_ws.l

    ----------------------------------------------------------------------
     13100        486        493          4        144       8644   Library Totals

    ----------------------------------------------------------------------

==============================================================================


      Code (inc. data)   RO Data    RW Data    ZI Data      Debug   

     91108      10132       1436       2468      35204     665587   Grand Totals
     91108      10132       1436       1016      35204     665587   ELF Image Totals (compressed)
     91108      10132       1436       1016          0          0   ROM Totals

==============================================================================

    Total RO  Size (Code + RO Data)                92544 (  90.38kB)
    Total RW  Size (RW Data + ZI Data)             37672 (  36.79kB)
    Total ROM Size (Code + RO Data + RW Data)      93560 (  91.37kB)

==============================================================================

