Component: ARM Compiler 5.06 update 6 (build 750) Tool: armlink [4d35ed]

==============================================================================

Section Cross References

    main.o(.text) refers to stm32f2xx_tim.o(.text) for TIM_SetCounter
    main.o(.text) refers to stm32f2xx_iwdg.o(.text) for IWDG_ReloadCounter
    main.o(.text) refers to gps_process.o(.text) for GPS_Process
    main.o(.text) refers to gsm_gprs.o(.text) for MC60_Process_100ms
    main.o(.text) refers to uart.o(.text) for Ring_Buffer_Read
    main.o(.text) refers to initsystem.o(.text) for System_KhoiTaoCacBien
    main.o(.text) refers to flash.o(.text) for FLASH_Writepage
    main.o(.text) refers to system_stm32f2xx.o(.text) for SystemInit
    main.o(.text) refers to misc.o(.text) for NVIC_SetVectorTable
    main.o(.text) refers to mc60_gsm.o(.text) for MC60_GSM_Init
    main.o(.text) refers to camera.o(.text) for UART4_Init
    main.o(.text) refers to rtc.o(.text) for RTC_Init1
    main.o(.text) refers to tim.o(.text) for TIM2_Init
    main.o(.text) refers to led.o(.text) for LED_Init
    main.o(.text) refers to debug.o(.text) for Config_Process
    main.o(.text) refers to rt_memclr.o(.text) for __aeabi_memclr
    main.o(.text) refers to rt_memclr_w.o(.text) for __aeabi_memclr4
    main.o(.text) refers to gsm_process.o(.text) for MC60_ProcessDataGSMReceive
    main.o(.text) refers to structure_data.o(.bss) for xSystem
    main.o(.text) refers to system_stm32f2xx.o(.data) for SystemCoreClock
    initsystem.o(.text) refers to main.o(.text) for Buffer_Init
    initsystem.o(.text) refers to noretval__2sprintf.o(.text) for __2sprintf
    initsystem.o(.text) refers to structure_data.o(.bss) for xSystem
    interrup.o(.text) refers to stm32f2xx_usart.o(.text) for USART_GetITStatus
    interrup.o(.text) refers to uart.o(.text) for Ring_Buffer_Write
    interrup.o(.text) refers to stm32f2xx_tim.o(.text) for TIM_GetITStatus
    interrup.o(.text) refers to stm32f2xx_rtc.o(.text) for RTC_GetITStatus
    interrup.o(.text) refers to structure_data.o(.bss) for UART1_Data
    flash.o(.text) refers to stm32f2xx_spi.o(.text) for SPI_I2S_GetFlagStatus
    flash.o(.text) refers to stm32f2xx_gpio.o(.text) for GPIO_ResetBits
    flash.o(.text) refers to stm32f2xx_rcc.o(.text) for RCC_APB2PeriphClockCmd
    flash.o(.text) refers to main.o(.text) for delay_ms
    flash.o(.text) refers to uart.o(.text) for Sendstring
    flash.o(.text) refers to structure_data.o(.bss) for Camera
    tim.o(.text) refers to stm32f2xx_rcc.o(.text) for RCC_APB1PeriphClockCmd
    tim.o(.text) refers to misc.o(.text) for NVIC_Init
    tim.o(.text) refers to stm32f2xx_tim.o(.text) for TIM_TimeBaseInit
    uart.o(.text) refers to _printf_percent.o(.ARM.Collect$$_printf_percent$$00000000) for _printf_percent
    uart.o(.text) refers to _printf_d.o(.ARM.Collect$$_printf_percent$$00000009) for _printf_d
    uart.o(.text) refers to _printf_dec.o(.text) for _printf_int_dec
    uart.o(.text) refers to stm32f2xx_usart.o(.text) for USART_DeInit
    uart.o(.text) refers to stm32f2xx_rcc.o(.text) for RCC_AHB1PeriphClockCmd
    uart.o(.text) refers to stm32f2xx_gpio.o(.text) for GPIO_PinAFConfig
    uart.o(.text) refers to misc.o(.text) for NVIC_PriorityGroupConfig
    uart.o(.text) refers to noretval__2sprintf.o(.text) for __2sprintf
    uart.o(.text) refers to structure_data.o(.bss) for Config
    rtc.o(.text) refers to _printf_percent.o(.ARM.Collect$$_printf_percent$$00000000) for _printf_percent
    rtc.o(.text) refers to _printf_d.o(.ARM.Collect$$_printf_percent$$00000009) for _printf_d
    rtc.o(.text) refers to _printf_dec.o(.text) for _printf_int_dec
    rtc.o(.text) refers to noretval__2sprintf.o(.text) for __2sprintf
    rtc.o(.text) refers to uart.o(.text) for Sendstring
    rtc.o(.text) refers to mktime.o(.text) for mktime
    rtc.o(.text) refers to misc.o(.text) for NVIC_PriorityGroupConfig
    rtc.o(.text) refers to stm32f2xx_rcc.o(.text) for RCC_APB1PeriphClockCmd
    rtc.o(.text) refers to stm32f2xx_pwr.o(.text) for PWR_BackupAccessCmd
    rtc.o(.text) refers to stm32f2xx_rtc.o(.text) for RTC_Init
    rtc.o(.text) refers to rtc.o(.bss) for RTC_InitStructure
    rtc.o(.text) refers to rtc.o(.data) for RTC_TimeStruct
    rtc.o(.text) refers to structure_data.o(.bss) for xSystem
    debug.o(.text) refers to _printf_percent.o(.ARM.Collect$$_printf_percent$$00000000) for _printf_percent
    debug.o(.text) refers to _printf_d.o(.ARM.Collect$$_printf_percent$$00000009) for _printf_d
    debug.o(.text) refers to _printf_f.o(.ARM.Collect$$_printf_percent$$00000003) for _printf_f
    debug.o(.text) refers to _printf_dec.o(.text) for _printf_int_dec
    debug.o(.text) refers to printf1.o(x$fpl$printf1) for _printf_fp_dec
    debug.o(.text) refers to _printf_pad.o(.text) for _printf_pre_padding
    debug.o(.text) refers to _printf_x.o(.ARM.Collect$$_printf_percent$$0000000C) for _printf_x
    debug.o(.text) refers to _printf_hex_int.o(.text) for _printf_longlong_hex
[...]
    MC60_CheckConnect                        0x0800402b   Thumb Code    60  mc60_gsm.o(.text)
    MC60_PWROn                               0x08004067   Thumb Code    74  mc60_gsm.o(.text)
    MC60_SoftwareInit                        0x080040b1   Thumb Code    34  mc60_gsm.o(.text)
    MC60_IOInit                              0x080040d3   Thumb Code    82  mc60_gsm.o(.text)
    MC60_HardwareInit                        0x08004125   Thumb Code   224  mc60_gsm.o(.text)
    MC60_GSM_Init                            0x08004205   Thumb Code    20  mc60_gsm.o(.text)
    MC60_SendBytes                           0x08004219   Thumb Code    28  mc60_gsm.o(.text)
    SMS_Delete_15SMS                         0x08004235   Thumb Code   194  mc60_gsm.o(.text)
    MC60_SMS_Init                            0x080042f7   Thumb Code     8  mc60_gsm.o(.text)
    MC60_GPRS_Init                           0x080042ff   Thumb Code    32  mc60_gsm.o(.text)
    MC60_GPRSConfig                          0x0800431f   Thumb Code   752  mc60_gsm.o(.text)
    MC60_GetIMEI                             0x0800460f   Thumb Code   204  mc60_gsm.o(.text)
    MC60_GSMConfig                           0x080046db   Thumb Code  1002  mc60_gsm.o(.text)
    GSM_Init                                 0x08004ac5   Thumb Code    44  mc60_gsm.o(.text)
    MC60_Resetstep                           0x08004af1   Thumb Code   112  mc60_gsm.o(.text)
    NVIC_PriorityGroupConfig                 0x08004c31   Thumb Code    10  misc.o(.text)
    NVIC_Init                                0x08004c3b   Thumb Code   106  misc.o(.text)
    NVIC_SetVectorTable                      0x08004ca5   Thumb Code    14  misc.o(.text)
    NVIC_SystemLPConfig                      0x08004cb3   Thumb Code    34  misc.o(.text)
    SysTick_CLKSourceConfig                  0x08004cd5   Thumb Code    40  misc.o(.text)
    GPIO_DeInit                              0x08004d11   Thumb Code   220  stm32f2xx_gpio.o(.text)
    GPIO_Init                                0x08004ded   Thumb Code   144  stm32f2xx_gpio.o(.text)
    GPIO_StructInit                          0x08004e7d   Thumb Code    18  stm32f2xx_gpio.o(.text)
    GPIO_PinLockConfig                       0x08004e8f   Thumb Code    34  stm32f2xx_gpio.o(.text)
    GPIO_ReadInputDataBit                    0x08004eb1   Thumb Code    18  stm32f2xx_gpio.o(.text)
    GPIO_ReadInputData                       0x08004ec3   Thumb Code     8  stm32f2xx_gpio.o(.text)
    GPIO_ReadOutputDataBit                   0x08004ecb   Thumb Code    18  stm32f2xx_gpio.o(.text)
    GPIO_ReadOutputData                      0x08004edd   Thumb Code     8  stm32f2xx_gpio.o(.text)
    GPIO_SetBits                             0x08004ee5   Thumb Code     4  stm32f2xx_gpio.o(.text)
    GPIO_ResetBits                           0x08004ee9   Thumb Code     4  stm32f2xx_gpio.o(.text)
    GPIO_WriteBit                            0x08004eed   Thumb Code    10  stm32f2xx_gpio.o(.text)
    GPIO_Write                               0x08004ef7   Thumb Code     4  stm32f2xx_gpio.o(.text)
    GPIO_ToggleBits                          0x08004efb   Thumb Code     8  stm32f2xx_gpio.o(.text)
    GPIO_PinAFConfig                         0x08004f03   Thumb Code    70  stm32f2xx_gpio.o(.text)
    IWDG_WriteAccessCmd                      0x08004f6d   Thumb Code     6  stm32f2xx_iwdg.o(.text)
    IWDG_SetPrescaler                        0x08004f73   Thumb Code     6  stm32f2xx_iwdg.o(.text)
    IWDG_SetReload                           0x08004f79   Thumb Code     6  stm32f2xx_iwdg.o(.text)
    IWDG_ReloadCounter                       0x08004f7f   Thumb Code    10  stm32f2xx_iwdg.o(.text)
    IWDG_Enable                              0x08004f89   Thumb Code    10  stm32f2xx_iwdg.o(.text)
    IWDG_GetFlagStatus                       0x08004f93   Thumb Code    20  stm32f2xx_iwdg.o(.text)
    PWR_DeInit                               0x08004fad   Thumb Code    22  stm32f2xx_pwr.o(.text)
    PWR_BackupAccessCmd                      0x08004fc3   Thumb Code     6  stm32f2xx_pwr.o(.text)
    PWR_PVDLevelConfig                       0x08004fc9   Thumb Code    18  stm32f2xx_pwr.o(.text)
    PWR_PVDCmd                               0x08004fdb   Thumb Code     6  stm32f2xx_pwr.o(.text)
    PWR_WakeUpPinCmd                         0x08004fe1   Thumb Code     8  stm32f2xx_pwr.o(.text)
    PWR_BackupRegulatorCmd                   0x08004fe9   Thumb Code     8  stm32f2xx_pwr.o(.text)
    PWR_FlashPowerDownCmd                    0x08004ff1   Thumb Code     6  stm32f2xx_pwr.o(.text)
    PWR_EnterSTOPMode                        0x08004ff7   Thumb Code    54  stm32f2xx_pwr.o(.text)
    PWR_EnterSTANDBYMode                     0x0800502d   Thumb Code    42  stm32f2xx_pwr.o(.text)
    PWR_GetFlagStatus                        0x08005057   Thumb Code    20  stm32f2xx_pwr.o(.text)
    PWR_ClearFlag                            0x0800506b   Thumb Code    14  stm32f2xx_pwr.o(.text)
    RCC_DeInit                               0x08005085   Thumb Code    60  stm32f2xx_rcc.o(.text)
    RCC_HSEConfig                            0x080050c1   Thumb Code    14  stm32f2xx_rcc.o(.text)
    RCC_GetFlagStatus                        0x080050cf   Thumb Code    60  stm32f2xx_rcc.o(.text)
    RCC_WaitForHSEStartUp                    0x0800510b   Thumb Code    56  stm32f2xx_rcc.o(.text)
    RCC_AdjustHSICalibrationValue            0x08005143   Thumb Code    20  stm32f2xx_rcc.o(.text)
    RCC_HSICmd                               0x08005157   Thumb Code     6  stm32f2xx_rcc.o(.text)
    RCC_LSEConfig                            0x0800515d   Thumb Code    46  stm32f2xx_rcc.o(.text)
    RCC_LSICmd                               0x0800518b   Thumb Code     6  stm32f2xx_rcc.o(.text)
    RCC_PLLConfig                            0x08005191   Thumb Code    32  stm32f2xx_rcc.o(.text)
    RCC_PLLCmd                               0x080051b1   Thumb Code     6  stm32f2xx_rcc.o(.text)
    RCC_PLLI2SConfig                         0x080051b7   Thumb Code    14  stm32f2xx_rcc.o(.text)
    RCC_PLLI2SCmd                            0x080051c5   Thumb Code     6  stm32f2xx_rcc.o(.text)
    RCC_ClockSecuritySystemCmd               0x080051cb   Thumb Code     6  stm32f2xx_rcc.o(.text)
    RCC_MCO1Config                           0x080051d1   Thumb Code    28  stm32f2xx_rcc.o(.text)
    RCC_MCO2Config                           0x080051ed   Thumb Code    28  stm32f2xx_rcc.o(.text)
    RCC_SYSCLKConfig                         0x08005209   Thumb Code    20  stm32f2xx_rcc.o(.text)
    RCC_GetSYSCLKSource                      0x0800521d   Thumb Code    12  stm32f2xx_rcc.o(.text)
    RCC_HCLKConfig                           0x08005229   Thumb Code    20  stm32f2xx_rcc.o(.text)
    RCC_PCLK1Config                          0x0800523d   Thumb Code    20  stm32f2xx_rcc.o(.text)
    RCC_PCLK2Config                          0x08005251   Thumb Code    22  stm32f2xx_rcc.o(.text)
    RCC_GetClocksFreq                        0x08005267   Thumb Code   222  stm32f2xx_rcc.o(.text)
    RCC_RTCCLKConfig                         0x08005345   Thumb Code    54  stm32f2xx_rcc.o(.text)
    RCC_RTCCLKCmd                            0x0800537b   Thumb Code     8  stm32f2xx_rcc.o(.text)
    RCC_BackupResetCmd                       0x08005383   Thumb Code     8  stm32f2xx_rcc.o(.text)
    RCC_I2SCLKConfig                         0x0800538b   Thumb Code     6  stm32f2xx_rcc.o(.text)
    RCC_AHB1PeriphClockCmd                   0x08005391   Thumb Code    34  stm32f2xx_rcc.o(.text)
    RCC_AHB2PeriphClockCmd                   0x080053b3   Thumb Code    34  stm32f2xx_rcc.o(.text)
    RCC_AHB3PeriphClockCmd                   0x080053d5   Thumb Code    34  stm32f2xx_rcc.o(.text)
    RCC_APB1PeriphClockCmd                   0x080053f7   Thumb Code    34  stm32f2xx_rcc.o(.text)
    RCC_APB2PeriphClockCmd                   0x08005419   Thumb Code    34  stm32f2xx_rcc.o(.text)
    RCC_AHB1PeriphResetCmd                   0x0800543b   Thumb Code    34  stm32f2xx_rcc.o(.text)
    RCC_AHB2PeriphResetCmd                   0x0800545d   Thumb Code    72  stm32f2xx_rcc.o(.text)
    RCC_AHB3PeriphResetCmd                   0x080054a5   Thumb Code    34  stm32f2xx_rcc.o(.text)
    RCC_APB1PeriphResetCmd                   0x080054c7   Thumb Code    34  stm32f2xx_rcc.o(.text)
    RCC_APB2PeriphResetCmd                   0x080054e9   Thumb Code    34  stm32f2xx_rcc.o(.text)
    RCC_AHB1PeriphClockLPModeCmd             0x0800550b   Thumb Code    34  stm32f2xx_rcc.o(.text)
    RCC_AHB2PeriphClockLPModeCmd             0x0800552d   Thumb Code    34  stm32f2xx_rcc.o(.text)
    RCC_AHB3PeriphClockLPModeCmd             0x0800554f   Thumb Code    34  stm32f2xx_rcc.o(.text)
    RCC_APB1PeriphClockLPModeCmd             0x08005571   Thumb Code    34  stm32f2xx_rcc.o(.text)
    RCC_APB2PeriphClockLPModeCmd             0x08005593   Thumb Code    34  stm32f2xx_rcc.o(.text)
    RCC_ITConfig                             0x080055b5   Thumb Code    34  stm32f2xx_rcc.o(.text)
    RCC_ClearFlag                            0x080055d7   Thumb Code    18  stm32f2xx_rcc.o(.text)
    RCC_GetITStatus                          0x080055e9   Thumb Code    22  stm32f2xx_rcc.o(.text)
    RCC_ClearITPendingBit                    0x080055ff   Thumb Code     8  stm32f2xx_rcc.o(.text)
    RTC_WaitForSynchro                       0x0800560d   Thumb Code    92  stm32f2xx_rtc.o(.text)
    RTC_EnterInitMode                        0x08005669   Thumb Code    84  stm32f2xx_rtc.o(.text)
    RTC_DeInit                               0x080056bd   Thumb Code   182  stm32f2xx_rtc.o(.text)
    RTC_ExitInitMode                         0x08005773   Thumb Code    18  stm32f2xx_rtc.o(.text)
    RTC_Init                                 0x08005785   Thumb Code    94  stm32f2xx_rtc.o(.text)
    RTC_StructInit                           0x080057e3   Thumb Code    14  stm32f2xx_rtc.o(.text)
    RTC_WriteProtectionCmd                   0x080057f1   Thumb Code    22  stm32f2xx_rtc.o(.text)
    RTC_RefClockCmd                          0x08005807   Thumb Code    76  stm32f2xx_rtc.o(.text)
    RTC_SetTime                              0x08005885   Thumb Code   184  stm32f2xx_rtc.o(.text)
    RTC_TimeStructInit                       0x0800593d   Thumb Code    12  stm32f2xx_rtc.o(.text)
    RTC_GetTime                              0x08005949   Thumb Code    74  stm32f2xx_rtc.o(.text)
    RTC_SetDate                              0x08005993   Thumb Code   190  stm32f2xx_rtc.o(.text)
    RTC_DateStructInit                       0x08005a51   Thumb Code    14  stm32f2xx_rtc.o(.text)
    RTC_GetDate                              0x08005a5f   Thumb Code    68  stm32f2xx_rtc.o(.text)
    RTC_SetAlarm                             0x08005aa3   Thumb Code   234  stm32f2xx_rtc.o(.text)
    RTC_AlarmStructInit                      0x08005b8d   Thumb Code    22  stm32f2xx_rtc.o(.text)
    RTC_GetAlarm                             0x08005ba3   Thumb Code   114  stm32f2xx_rtc.o(.text)
    RTC_AlarmCmd                             0x08005c15   Thumb Code   116  stm32f2xx_rtc.o(.text)
    RTC_WakeUpClockConfig                    0x08005c89   Thumb Code    46  stm32f2xx_rtc.o(.text)
    RTC_SetWakeUpCounter                     0x08005cb7   Thumb Code    24  stm32f2xx_rtc.o(.text)
    RTC_GetWakeUpCounter                     0x08005ccf   Thumb Code    10  stm32f2xx_rtc.o(.text)
    RTC_WakeUpCmd                            0x08005cd9   Thumb Code   120  stm32f2xx_rtc.o(.text)
    RTC_DayLightSavingConfig                 0x08005d51   Thumb Code    54  stm32f2xx_rtc.o(.text)
    RTC_GetStoreOperation                    0x08005d87   Thumb Code    12  stm32f2xx_rtc.o(.text)
    RTC_OutputConfig                         0x08005d93   Thumb Code    54  stm32f2xx_rtc.o(.text)
    RTC_CoarseCalibConfig                    0x08005dc9   Thumb Code    56  stm32f2xx_rtc.o(.text)
    RTC_CoarseCalibCmd                       0x08005e01   Thumb Code    82  stm32f2xx_rtc.o(.text)
    RTC_CalibOutputCmd                       0x08005e53   Thumb Code    50  stm32f2xx_rtc.o(.text)
    RTC_TimeStampCmd                         0x08005e85   Thumb Code    52  stm32f2xx_rtc.o(.text)
    RTC_GetTimeStamp                         0x08005eb9   Thumb Code   144  stm32f2xx_rtc.o(.text)
    RTC_TamperTriggerConfig                  0x08005f49   Thumb Code    38  stm32f2xx_rtc.o(.text)
    RTC_TamperCmd                            0x08005f6f   Thumb Code    34  stm32f2xx_rtc.o(.text)
    RTC_WriteBackupRegister                  0x08005f91   Thumb Code    26  stm32f2xx_rtc.o(.text)
    RTC_ReadBackupRegister                   0x08005fab   Thumb Code    28  stm32f2xx_rtc.o(.text)
    RTC_TamperPinSelection                   0x08005fc7   Thumb Code    26  stm32f2xx_rtc.o(.text)
    RTC_TimeStampPinSelection                0x08005fe1   Thumb Code    26  stm32f2xx_rtc.o(.text)
    RTC_OutputTypeConfig                     0x08005ffb   Thumb Code    26  stm32f2xx_rtc.o(.text)
    RTC_ITConfig                             0x08006015   Thumb Code    90  stm32f2xx_rtc.o(.text)
    RTC_GetFlagStatus                        0x0800606f   Thumb Code    36  stm32f2xx_rtc.o(.text)
    RTC_ClearFlag                            0x08006093   Thumb Code    28  stm32f2xx_rtc.o(.text)
    RTC_GetITStatus                          0x080060af   Thumb Code    58  stm32f2xx_rtc.o(.text)
    RTC_ClearITPendingBit                    0x080060e9   Thumb Code    32  stm32f2xx_rtc.o(.text)
    SPI_I2S_DeInit                           0x08006115   Thumb Code    76  stm32f2xx_spi.o(.text)
    SPI_Init                                 0x08006161   Thumb Code    60  stm32f2xx_spi.o(.text)
    I2S_Init                                 0x0800619d   Thumb Code   350  stm32f2xx_spi.o(.text)
    SPI_StructInit                           0x080062fb   Thumb Code    24  stm32f2xx_spi.o(.text)
    I2S_StructInit                           0x08006313   Thumb Code    20  stm32f2xx_spi.o(.text)
    SPI_Cmd                                  0x08006327   Thumb Code    24  stm32f2xx_spi.o(.text)
    I2S_Cmd                                  0x0800633f   Thumb Code    24  stm32f2xx_spi.o(.text)
    SPI_DataSizeConfig                       0x08006357   Thumb Code    18  stm32f2xx_spi.o(.text)
    SPI_BiDirectionalLineConfig              0x08006369   Thumb Code    28  stm32f2xx_spi.o(.text)
    SPI_NSSInternalSoftwareConfig            0x08006385   Thumb Code    30  stm32f2xx_spi.o(.text)
    SPI_SSOutputCmd                          0x080063a3   Thumb Code    24  stm32f2xx_spi.o(.text)
    SPI_TIModeCmd                            0x080063bb   Thumb Code    24  stm32f2xx_spi.o(.text)
    SPI_I2S_ReceiveData                      0x080063d3   Thumb Code     6  stm32f2xx_spi.o(.text)
    SPI_I2S_SendData                         0x080063d9   Thumb Code     4  stm32f2xx_spi.o(.text)
    SPI_CalculateCRC                         0x080063dd   Thumb Code    24  stm32f2xx_spi.o(.text)
    SPI_TransmitCRC                          0x080063f5   Thumb Code    10  stm32f2xx_spi.o(.text)
    SPI_GetCRC                               0x080063ff   Thumb Code    16  stm32f2xx_spi.o(.text)
    SPI_GetCRCPolynomial                     0x0800640f   Thumb Code     6  stm32f2xx_spi.o(.text)
    SPI_I2S_DMACmd                           0x08006415   Thumb Code    18  stm32f2xx_spi.o(.text)
    SPI_I2S_ITConfig                         0x08006427   Thumb Code    32  stm32f2xx_spi.o(.text)
    SPI_I2S_GetFlagStatus                    0x08006447   Thumb Code    18  stm32f2xx_spi.o(.text)
    SPI_I2S_ClearFlag                        0x08006459   Thumb Code     6  stm32f2xx_spi.o(.text)
    SPI_I2S_GetITStatus                      0x0800645f   Thumb Code    52  stm32f2xx_spi.o(.text)
    SPI_I2S_ClearITPendingBit                0x08006493   Thumb Code    20  stm32f2xx_spi.o(.text)
    TIM_DeInit                               0x080064bd   Thumb Code   346  stm32f2xx_tim.o(.text)
    TIM_TimeBaseInit                         0x08006617   Thumb Code   104  stm32f2xx_tim.o(.text)
    TIM_TimeBaseStructInit                   0x0800667f   Thumb Code    18  stm32f2xx_tim.o(.text)
    TIM_PrescalerConfig                      0x08006691   Thumb Code     6  stm32f2xx_tim.o(.text)
    TIM_CounterModeConfig                    0x08006697   Thumb Code    18  stm32f2xx_tim.o(.text)
    TIM_SetCounter                           0x080066a9   Thumb Code     4  stm32f2xx_tim.o(.text)
    TIM_SetAutoreload                        0x080066ad   Thumb Code     4  stm32f2xx_tim.o(.text)
    TIM_GetCounter                           0x080066b1   Thumb Code     6  stm32f2xx_tim.o(.text)
    TIM_GetPrescaler                         0x080066b7   Thumb Code     6  stm32f2xx_tim.o(.text)
    TIM_UpdateDisableConfig                  0x080066bd   Thumb Code    24  stm32f2xx_tim.o(.text)
    TIM_UpdateRequestConfig                  0x080066d5   Thumb Code    24  stm32f2xx_tim.o(.text)
    TIM_ARRPreloadConfig                     0x080066ed   Thumb Code    24  stm32f2xx_tim.o(.text)
    TIM_SelectOnePulseMode                   0x08006705   Thumb Code    18  stm32f2xx_tim.o(.text)
    TIM_SetClockDivision                     0x08006717   Thumb Code    18  stm32f2xx_tim.o(.text)
    TIM_Cmd                                  0x08006729   Thumb Code    24  stm32f2xx_tim.o(.text)
    TIM_OC1Init                              0x08006741   Thumb Code   114  stm32f2xx_tim.o(.text)
    TIM_OC2Init                              0x080067b3   Thumb Code   154  stm32f2xx_tim.o(.text)
    TIM_OC3Init                              0x0800684d   Thumb Code   204  stm32f2xx_tim.o(.text)
    TIM_OC4Init                              0x08006919   Thumb Code   112  stm32f2xx_tim.o(.text)
    TIM_OCStructInit                         0x08006989   Thumb Code    20  stm32f2xx_tim.o(.text)
    TIM_SelectOCxM                           0x0800699d   Thumb Code    86  stm32f2xx_tim.o(.text)
    TIM_SetCompare1                          0x080069f3   Thumb Code     4  stm32f2xx_tim.o(.text)
    TIM_SetCompare2                          0x080069f7   Thumb Code     4  stm32f2xx_tim.o(.text)
    TIM_SetCompare3                          0x080069fb   Thumb Code     4  stm32f2xx_tim.o(.text)
    TIM_SetCompare4                          0x080069ff   Thumb Code     4  stm32f2xx_tim.o(.text)
    TIM_ForcedOC1Config                      0x08006a03   Thumb Code    18  stm32f2xx_tim.o(.text)
    TIM_ForcedOC2Config                      0x08006a15   Thumb Code    26  stm32f2xx_tim.o(.text)
    TIM_ForcedOC3Config                      0x08006a2f   Thumb Code    18  stm32f2xx_tim.o(.text)
    TIM_ForcedOC4Config                      0x08006a41   Thumb Code    26  stm32f2xx_tim.o(.text)
    TIM_OC1PreloadConfig                     0x08006a5b   Thumb Code    18  stm32f2xx_tim.o(.text)
    TIM_OC2PreloadConfig                     0x08006a6d   Thumb Code    26  stm32f2xx_tim.o(.text)
    TIM_OC3PreloadConfig                     0x08006a87   Thumb Code    18  stm32f2xx_tim.o(.text)
    TIM_OC4PreloadConfig                     0x08006a99   Thumb Code    26  stm32f2xx_tim.o(.text)
    TIM_OC1FastConfig                        0x08006ab3   Thumb Code    18  stm32f2xx_tim.o(.text)
    TIM_OC2FastConfig                        0x08006ac5   Thumb Code    26  stm32f2xx_tim.o(.text)
    TIM_OC3FastConfig                        0x08006adf   Thumb Code    18  stm32f2xx_tim.o(.text)
    TIM_OC4FastConfig                        0x08006af1   Thumb Code    26  stm32f2xx_tim.o(.text)
    TIM_ClearOC1Ref                          0x08006b0b   Thumb Code    18  stm32f2xx_tim.o(.text)
    TIM_ClearOC2Ref                          0x08006b1d   Thumb Code    24  stm32f2xx_tim.o(.text)
    TIM_ClearOC3Ref                          0x08006b35   Thumb Code    18  stm32f2xx_tim.o(.text)
    TIM_ClearOC4Ref                          0x08006b47   Thumb Code    24  stm32f2xx_tim.o(.text)
    TIM_OC1PolarityConfig                    0x08006b5f   Thumb Code    18  stm32f2xx_tim.o(.text)
    TIM_OC1NPolarityConfig                   0x08006b71   Thumb Code    18  stm32f2xx_tim.o(.text)
    TIM_OC2PolarityConfig                    0x08006b83   Thumb Code    26  stm32f2xx_tim.o(.text)
    TIM_OC2NPolarityConfig                   0x08006b9d   Thumb Code    26  stm32f2xx_tim.o(.text)
    TIM_OC3PolarityConfig                    0x08006bb7   Thumb Code    26  stm32f2xx_tim.o(.text)
    TIM_OC3NPolarityConfig                   0x08006bd1   Thumb Code    26  stm32f2xx_tim.o(.text)
    TIM_OC4PolarityConfig                    0x08006beb   Thumb Code    26  stm32f2xx_tim.o(.text)
    TIM_CCxCmd                               0x08006c05   Thumb Code    30  stm32f2xx_tim.o(.text)
    TIM_CCxNCmd                              0x08006c23   Thumb Code    30  stm32f2xx_tim.o(.text)
    TIM_SetIC4Prescaler                      0x08006c41   Thumb Code    26  stm32f2xx_tim.o(.text)
    TIM_SetIC3Prescaler                      0x08006cab   Thumb Code    18  stm32f2xx_tim.o(.text)
    TIM_SetIC2Prescaler                      0x08006d05   Thumb Code    26  stm32f2xx_tim.o(.text)
    TIM_SetIC1Prescaler                      0x08006d79   Thumb Code    18  stm32f2xx_tim.o(.text)
    TIM_ICInit                               0x08006dc5   Thumb Code   110  stm32f2xx_tim.o(.text)
    TIM_ICStructInit                         0x08006e33   Thumb Code    18  stm32f2xx_tim.o(.text)
    TIM_PWMIConfig                           0x08006e45   Thumb Code   124  stm32f2xx_tim.o(.text)
    TIM_GetCapture1                          0x08006ec1   Thumb Code     6  stm32f2xx_tim.o(.text)
    TIM_GetCapture2                          0x08006ec7   Thumb Code     6  stm32f2xx_tim.o(.text)
    TIM_GetCapture3                          0x08006ecd   Thumb Code     6  stm32f2xx_tim.o(.text)
    TIM_GetCapture4                          0x08006ed3   Thumb Code     6  stm32f2xx_tim.o(.text)
    TIM_BDTRConfig                           0x08006ed9   Thumb Code    32  stm32f2xx_tim.o(.text)
    TIM_BDTRStructInit                       0x08006ef9   Thumb Code    18  stm32f2xx_tim.o(.text)
    TIM_CtrlPWMOutputs                       0x08006f0b   Thumb Code    30  stm32f2xx_tim.o(.text)
    TIM_SelectCOM                            0x08006f29   Thumb Code    24  stm32f2xx_tim.o(.text)
    TIM_CCPreloadControl                     0x08006f41   Thumb Code    24  stm32f2xx_tim.o(.text)
    TIM_ITConfig                             0x08006f59   Thumb Code    18  stm32f2xx_tim.o(.text)
    TIM_GenerateEvent                        0x08006f6b   Thumb Code     4  stm32f2xx_tim.o(.text)
    TIM_GetFlagStatus                        0x08006f6f   Thumb Code    18  stm32f2xx_tim.o(.text)
    TIM_ClearFlag                            0x08006f81   Thumb Code     6  stm32f2xx_tim.o(.text)
    TIM_GetITStatus                          0x08006f87   Thumb Code    34  stm32f2xx_tim.o(.text)
    TIM_ClearITPendingBit                    0x08006fa9   Thumb Code     6  stm32f2xx_tim.o(.text)
    TIM_DMAConfig                            0x08006faf   Thumb Code    10  stm32f2xx_tim.o(.text)
    TIM_DMACmd                               0x08006fb9   Thumb Code    18  stm32f2xx_tim.o(.text)
    TIM_SelectCCDMA                          0x08006fcb   Thumb Code    24  stm32f2xx_tim.o(.text)
    TIM_InternalClockConfig                  0x08006fe3   Thumb Code    12  stm32f2xx_tim.o(.text)
    TIM_SelectInputTrigger                   0x08006fef   Thumb Code    18  stm32f2xx_tim.o(.text)
    TIM_ITRxExternalClockConfig              0x08007001   Thumb Code    24  stm32f2xx_tim.o(.text)
    TIM_TIxExternalClockConfig               0x08007019   Thumb Code    62  stm32f2xx_tim.o(.text)
    TIM_ETRConfig                            0x08007057   Thumb Code    28  stm32f2xx_tim.o(.text)
    TIM_ETRClockMode1Config                  0x08007073   Thumb Code    54  stm32f2xx_tim.o(.text)
    TIM_ETRClockMode2Config                  0x080070a9   Thumb Code    32  stm32f2xx_tim.o(.text)
    TIM_SelectOutputTrigger                  0x080070c9   Thumb Code    18  stm32f2xx_tim.o(.text)
    TIM_SelectSlaveMode                      0x080070db   Thumb Code    18  stm32f2xx_tim.o(.text)
    TIM_SelectMasterSlaveMode                0x080070ed   Thumb Code    18  stm32f2xx_tim.o(.text)
    TIM_EncoderInterfaceConfig               0x080070ff   Thumb Code    66  stm32f2xx_tim.o(.text)
    TIM_SelectHallSensor                     0x08007141   Thumb Code    24  stm32f2xx_tim.o(.text)
    TIM_RemapConfig                          0x08007159   Thumb Code     6  stm32f2xx_tim.o(.text)
    USART_DeInit                             0x08007161   Thumb Code   156  stm32f2xx_usart.o(.text)
    USART_Init                               0x080071fd   Thumb Code   204  stm32f2xx_usart.o(.text)
    USART_StructInit                         0x080072c9   Thumb Code    24  stm32f2xx_usart.o(.text)
    USART_ClockInit                          0x080072e1   Thumb Code    32  stm32f2xx_usart.o(.text)
    USART_ClockStructInit                    0x08007301   Thumb Code    12  stm32f2xx_usart.o(.text)
    USART_Cmd                                0x0800730d   Thumb Code    24  stm32f2xx_usart.o(.text)
    USART_SetPrescaler                       0x08007325   Thumb Code    16  stm32f2xx_usart.o(.text)
    USART_OverSampling8Cmd                   0x08007335   Thumb Code    22  stm32f2xx_usart.o(.text)
    USART_OneBitMethodCmd                    0x0800734b   Thumb Code    24  stm32f2xx_usart.o(.text)
    USART_SendData                           0x08007363   Thumb Code     8  stm32f2xx_usart.o(.text)
    USART_ReceiveData                        0x0800736b   Thumb Code    10  stm32f2xx_usart.o(.text)
    USART_SetAddress                         0x08007375   Thumb Code    18  stm32f2xx_usart.o(.text)
    USART_ReceiverWakeUpCmd                  0x08007387   Thumb Code    24  stm32f2xx_usart.o(.text)
    USART_WakeUpConfig                       0x0800739f   Thumb Code    18  stm32f2xx_usart.o(.text)
    USART_LINBreakDetectLengthConfig         0x080073b1   Thumb Code    18  stm32f2xx_usart.o(.text)
    USART_LINCmd                             0x080073c3   Thumb Code    24  stm32f2xx_usart.o(.text)
    USART_SendBreak                          0x080073db   Thumb Code    10  stm32f2xx_usart.o(.text)
    USART_HalfDuplexCmd                      0x080073e5   Thumb Code    24  stm32f2xx_usart.o(.text)
    USART_SetGuardTime                       0x080073fd   Thumb Code    16  stm32f2xx_usart.o(.text)
    USART_SmartCardCmd                       0x0800740d   Thumb Code    24  stm32f2xx_usart.o(.text)
    USART_SmartCardNACKCmd                   0x08007425   Thumb Code    24  stm32f2xx_usart.o(.text)
    USART_IrDAConfig                         0x0800743d   Thumb Code    18  stm32f2xx_usart.o(.text)
    USART_IrDACmd                            0x0800744f   Thumb Code    24  stm32f2xx_usart.o(.text)
    USART_DMACmd                             0x08007467   Thumb Code    18  stm32f2xx_usart.o(.text)
    USART_ITConfig                           0x08007479   Thumb Code    74  stm32f2xx_usart.o(.text)
    USART_GetFlagStatus                      0x080074c3   Thumb Code    26  stm32f2xx_usart.o(.text)
    USART_ClearFlag                          0x080074dd   Thumb Code    18  stm32f2xx_usart.o(.text)
    USART_GetITStatus                        0x080074ef   Thumb Code   110  stm32f2xx_usart.o(.text)
    USART_ClearITPendingBit                  0x0800755d   Thumb Code    30  stm32f2xx_usart.o(.text)
    Reset_Handler                            0x0800757d   Thumb Code     8  startup_stm32f2xx.o(.text)
    NMI_Handler                              0x08007585   Thumb Code     2  startup_stm32f2xx.o(.text)
    HardFault_Handler                        0x08007587   Thumb Code     2  startup_stm32f2xx.o(.text)
    MemManage_Handler                        0x08007589   Thumb Code     2  startup_stm32f2xx.o(.text)
    BusFault_Handler                         0x0800758b   Thumb Code     2  startup_stm32f2xx.o(.text)
    UsageFault_Handler                       0x0800758d   Thumb Code     2  startup_stm32f2xx.o(.text)
    SVC_Handler                              0x0800758f   Thumb Code     2  startup_stm32f2xx.o(.text)
    DebugMon_Handler                         0x08007591   Thumb Code     2  startup_stm32f2xx.o(.text)
    PendSV_Handler                           0x08007593   Thumb Code     2  startup_stm32f2xx.o(.text)
    ADC_IRQHandler                           0x08007597   Thumb Code     0  startup_stm32f2xx.o(.text)
    CAN1_RX0_IRQHandler                      0x08007597   Thumb Code     0  startup_stm32f2xx.o(.text)
    CAN1_RX1_IRQHandler                      0x08007597   Thumb Code     0  startup_stm32f2xx.o(.text)
    CAN1_SCE_IRQHandler                      0x08007597   Thumb Code     0  startup_stm32f2xx.o(.text)
    CAN1_TX_IRQHandler                       0x08007597   Thumb Code     0  startup_stm32f2xx.o(.text)
    CAN2_RX0_IRQHandler                      0x08007597   Thumb Code     0  startup_stm32f2xx.o(.text)
    CAN2_RX1_IRQHandler                      0x08007597   Thumb Code     0  startup_stm32f2xx.o(.text)
    CAN2_SCE_IRQHandler                      0x08007597   Thumb Code     0  startup_stm32f2xx.o(.text)
    CAN2_TX_IRQHandler                       0x08007597   Thumb Code     0  startup_stm32f2xx.o(.text)
    CRYP_IRQHandler                          0x08007597   Thumb Code     0  startup_stm32f2xx.o(.text)
    DCMI_IRQHandler                          0x08007597   Thumb Code     0  startup_stm32f2xx.o(.text)
    DMA1_Stream0_IRQHandler                  0x08007597   Thumb Code     0  startup_stm32f2xx.o(.text)
    DMA1_Stream1_IRQHandler                  0x08007597   Thumb Code     0  startup_stm32f2xx.o(.text)
    DMA1_Stream2_IRQHandler                  0x08007597   Thumb Code     0  startup_stm32f2xx.o(.text)
    DMA1_Stream3_IRQHandler                  0x08007597   Thumb Code     0  startup_stm32f2xx.o(.text)
    DMA1_Stream4_IRQHandler                  0x08007597   Thumb Code     0  startup_stm32f2xx.o(.text)
    DMA1_Stream5_IRQHandler                  0x08007597   Thumb Code     0  startup_stm32f2xx.o(.text)
    DMA1_Stream6_IRQHandler                  0x08007597   Thumb Code     0  startup_stm32f2xx.o(.text)
    DMA1_Stream7_IRQHandler                  0x08007597   Thumb Code     0  startup_stm32f2xx.o(.text)
    DMA2_Stream0_IRQHandler                  0x08007597   Thumb Code     0  startup_stm32f2xx.o(.text)
    DMA2_Stream1_IRQHandler                  0x08007597   Thumb Code     0  startup_stm32f2xx.o(.text)
    DMA2_Stream2_IRQHandler                  0x08007597   Thumb Code     0  startup_stm32f2xx.o(.text)
    DMA2_Stream3_IRQHandler                  0x08007597   Thumb Code     0  startup_stm32f2xx.o(.text)
    DMA2_Stream4_IRQHandler                  0x08007597   Thumb Code     0  startup_stm32f2xx.o(.text)
    DMA2_Stream5_IRQHandler                  0x08007597   Thumb Code     0  startup_stm32f2xx.o(.text)
    DMA2_Stream6_IRQHandler                  0x08007597   Thumb Code     0  startup_stm32f2xx.o(.text)
    DMA2_Stream7_IRQHandler                  0x08007597   Thumb Code     0  startup_stm32f2xx.o(.text)
    ETH_IRQHandler                           0x08007597   Thumb Code     0  startup_stm32f2xx.o(.text)
    ETH_WKUP_IRQHandler                      0x08007597   Thumb Code     0  startup_stm32f2xx.o(.text)
    EXTI0_IRQHandler                         0x08007597   Thumb Code     0  startup_stm32f2xx.o(.text)
    EXTI15_10_IRQHandler                     0x08007597   Thumb Code     0  startup_stm32f2xx.o(.text)
    EXTI1_IRQHandler                         0x08007597   Thumb Code     0  startup_stm32f2xx.o(.text)
    EXTI2_IRQHandler                         0x08007597   Thumb Code     0  startup_stm32f2xx.o(.text)
    EXTI3_IRQHandler                         0x08007597   Thumb Code     0  startup_stm32f2xx.o(.text)
    EXTI4_IRQHandler                         0x08007597   Thumb Code     0  startup_stm32f2xx.o(.text)
    EXTI9_5_IRQHandler                       0x08007597   Thumb Code     0  startup_stm32f2xx.o(.text)
    FLASH_IRQHandler                         0x08007597   Thumb Code     0  startup_stm32f2xx.o(.text)
    FSMC_IRQHandler                          0x08007597   Thumb Code     0  startup_stm32f2xx.o(.text)
    HASH_RNG_IRQHandler                      0x08007597   Thumb Code     0  startup_stm32f2xx.o(.text)
    I2C1_ER_IRQHandler                       0x08007597   Thumb Code     0  startup_stm32f2xx.o(.text)
    I2C1_EV_IRQHandler                       0x08007597   Thumb Code     0  startup_stm32f2xx.o(.text)
    I2C2_ER_IRQHandler                       0x08007597   Thumb Code     0  startup_stm32f2xx.o(.text)
    I2C2_EV_IRQHandler                       0x08007597   Thumb Code     0  startup_stm32f2xx.o(.text)
    I2C3_ER_IRQHandler                       0x08007597   Thumb Code     0  startup_stm32f2xx.o(.text)
    I2C3_EV_IRQHandler                       0x08007597   Thumb Code     0  startup_stm32f2xx.o(.text)
    OTG_FS_IRQHandler                        0x08007597   Thumb Code     0  startup_stm32f2xx.o(.text)
    OTG_FS_WKUP_IRQHandler                   0x08007597   Thumb Code     0  startup_stm32f2xx.o(.text)
    OTG_HS_EP1_IN_IRQHandler                 0x08007597   Thumb Code     0  startup_stm32f2xx.o(.text)
    OTG_HS_EP1_OUT_IRQHandler                0x08007597   Thumb Code     0  startup_stm32f2xx.o(.text)
    OTG_HS_IRQHandler                        0x08007597   Thumb Code     0  startup_stm32f2xx.o(.text)
    OTG_HS_WKUP_IRQHandler                   0x08007597   Thumb Code     0  startup_stm32f2xx.o(.text)
    PVD_IRQHandler                           0x08007597   Thumb Code     0  startup_stm32f2xx.o(.text)
    RCC_IRQHandler                           0x08007597   Thumb Code     0  startup_stm32f2xx.o(.text)
    RTC_Alarm_IRQHandler                     0x08007597   Thumb Code     0  startup_stm32f2xx.o(.text)
    RTC_WKUP_IRQHandler                      0x08007597   Thumb Code     0  startup_stm32f2xx.o(.text)
    SDIO_IRQHandler                          0x08007597   Thumb Code     0  startup_stm32f2xx.o(.text)
    SPI1_IRQHandler                          0x08007597   Thumb Code     0  startup_stm32f2xx.o(.text)
    SPI2_IRQHandler                          0x08007597   Thumb Code     0  startup_stm32f2xx.o(.text)
    SPI3_IRQHandler                          0x08007597   Thumb Code     0  startup_stm32f2xx.o(.text)
    TAMP_STAMP_IRQHandler                    0x08007597   Thumb Code     0  startup_stm32f2xx.o(.text)
    TIM1_BRK_TIM9_IRQHandler                 0x08007597   Thumb Code     0  startup_stm32f2xx.o(.text)
    TIM1_CC_IRQHandler                       0x08007597   Thumb Code     0  startup_stm32f2xx.o(.text)
    TIM1_TRG_COM_TIM11_IRQHandler            0x08007597   Thumb Code     0  startup_stm32f2xx.o(.text)
    TIM1_UP_TIM10_IRQHandler                 0x08007597   Thumb Code     0  startup_stm32f2xx.o(.text)
    TIM4_IRQHandler                          0x08007597   Thumb Code     0  startup_stm32f2xx.o(.text)
    TIM5_IRQHandler                          0x08007597   Thumb Code     0  startup_stm32f2xx.o(.text)
    TIM6_DAC_IRQHandler                      0x08007597   Thumb Code     0  startup_stm32f2xx.o(.text)
    TIM7_IRQHandler                          0x08007597   Thumb Code     0  startup_stm32f2xx.o(.text)
    TIM8_BRK_TIM12_IRQHandler                0x08007597   Thumb Code     0  startup_stm32f2xx.o(.text)
    TIM8_CC_IRQHandler                       0x08007597   Thumb Code     0  startup_stm32f2xx.o(.text)
    TIM8_TRG_COM_TIM14_IRQHandler            0x08007597   Thumb Code     0  startup_stm32f2xx.o(.text)
    TIM8_UP_TIM13_IRQHandler                 0x08007597   Thumb Code     0  startup_stm32f2xx.o(.text)
    UART5_IRQHandler                         0x08007597   Thumb Code     0  startup_stm32f2xx.o(.text)
    USART6_IRQHandler                        0x08007597   Thumb Code     0  startup_stm32f2xx.o(.text)
    WWDG_IRQHandler                          0x08007597   Thumb Code     0  startup_stm32f2xx.o(.text)
    __user_initial_stackheap                 0x08007599   Thumb Code     0  startup_stm32f2xx.o(.text)
    SystemInit                               0x0800767d   Thumb Code    74  system_stm32f2xx.o(.text)
    SystemCoreClockUpdate                    0x080076c7   Thumb Code   174  system_stm32f2xx.o(.text)
    __2sprintf                               0x0800779d   Thumb Code    34  noretval__2sprintf.o(.text)
    _printf_pre_padding                      0x080077c5   Thumb Code    44  _printf_pad.o(.text)
    _printf_post_padding                     0x080077f1   Thumb Code    34  _printf_pad.o(.text)
    _printf_str                              0x08007813   Thumb Code    82  _printf_str.o(.text)
    _printf_int_dec                          0x08007865   Thumb Code   104  _printf_dec.o(.text)
    _printf_int_hex                          0x080078dd   Thumb Code    84  _printf_hex_int.o(.text)
    _printf_longlong_hex                     0x080078dd   Thumb Code     0  _printf_hex_int.o(.text)
    __printf                                 0x08007935   Thumb Code   308  __printf_flags_wp.o(.text)
    atoi                                     0x08007a6d   Thumb Code    26  atoi.o(.text)
    srand                                    0x08007a89   Thumb Code    42  rand.o(.text)
    _rand_init                               0x08007ab3   Thumb Code     4  rand.o(.text)
    strstr                                   0x08007ac5   Thumb Code    36  strstr.o(.text)
    strcpy                                   0x08007ae9   Thumb Code    72  strcpy.o(.text)
    strlen                                   0x08007b31   Thumb Code    62  strlen.o(.text)
    strcat                                   0x08007b6f   Thumb Code    24  strcat.o(.text)
    __aeabi_memcpy4                          0x08007b87   Thumb Code     0  rt_memcpy_w.o(.text)
    __aeabi_memcpy8                          0x08007b87   Thumb Code     0  rt_memcpy_w.o(.text)
    __rt_memcpy_w                            0x08007b87   Thumb Code   100  rt_memcpy_w.o(.text)
    _memcpy_lastbytes_aligned                0x08007bcf   Thumb Code     0  rt_memcpy_w.o(.text)
    __aeabi_memclr                           0x08007beb   Thumb Code     0  rt_memclr.o(.text)
    __rt_memclr                              0x08007beb   Thumb Code    68  rt_memclr.o(.text)
    _memset                                  0x08007bef   Thumb Code     0  rt_memclr.o(.text)
    __aeabi_memclr4                          0x08007c2f   Thumb Code     0  rt_memclr_w.o(.text)
    __aeabi_memclr8                          0x08007c2f   Thumb Code     0  rt_memclr_w.o(.text)
    __rt_memclr_w                            0x08007c2f   Thumb Code    78  rt_memclr_w.o(.text)
    _memset_w                                0x08007c33   Thumb Code     0  rt_memclr_w.o(.text)
    mktime                                   0x08007cbb   Thumb Code   356  mktime.o(.text)
    __use_two_region_memory                  0x08007e29   Thumb Code     2  heapauxi.o(.text)
    __rt_heap_escrow$2region                 0x08007e2b   Thumb Code     2  heapauxi.o(.text)
    __rt_heap_expand$2region                 0x08007e2d   Thumb Code     2  heapauxi.o(.text)
    __aeabi_errno_addr                       0x08007e31   Thumb Code     8  rt_errno_addr_intlibspace.o(.text)
    __errno$intlibspace                      0x08007e31   Thumb Code     0  rt_errno_addr_intlibspace.o(.text)
    __rt_errno_addr$intlibspace              0x08007e31   Thumb Code     0  rt_errno_addr_intlibspace.o(.text)
    __read_errno                             0x08007e39   Thumb Code    10  _rserrno.o(.text)
    __set_errno                              0x08007e43   Thumb Code    12  _rserrno.o(.text)
    _printf_int_common                       0x08007e4f   Thumb Code   178  _printf_intcommon.o(.text)
    __lib_sel_fp_printf                      0x08007f01   Thumb Code     2  _printf_fp_dec.o(.text)
    _printf_fp_dec_real                      0x080080b3   Thumb Code   620  _printf_fp_dec.o(.text)
    _printf_char_common                      0x0800832b   Thumb Code    32  _printf_char_common.o(.text)
    _sputc                                   0x08008351   Thumb Code    10  _sputc.o(.text)
    _printf_cs_common                        0x0800835b   Thumb Code    20  _printf_char.o(.text)
    _printf_char                             0x0800836f   Thumb Code    16  _printf_char.o(.text)
    _printf_string                           0x0800837f   Thumb Code     8  _printf_char.o(.text)
    __strtod_int                             0x080083c5   Thumb Code    90  strtod.o(.text)
    strtol                                   0x0800842d   Thumb Code   112  strtol.o(.text)
    __user_libspace                          0x0800849d   Thumb Code     8  libspace.o(.text)
    __user_perproc_libspace                  0x0800849d   Thumb Code     0  libspace.o(.text)
    __user_perthread_libspace                0x0800849d   Thumb Code     0  libspace.o(.text)
    __rt_ctype_table                         0x080084a5   Thumb Code    16  rt_ctype_table.o(.text)
    __rt_locale                              0x080084b5   Thumb Code     8  rt_locale_intlibspace.o(.text)
    _ll_udiv10                               0x080084bd   Thumb Code   138  lludiv10.o(.text)
    isspace                                  0x08008547   Thumb Code    18  isspace.o(.text)
    _printf_fp_infnan                        0x08008559   Thumb Code   112  _printf_fp_infnan.o(.text)
    _sgetc                                   0x080085d9   Thumb Code    30  _sgetc.o(.text)
    _sbackspace                              0x080085f7   Thumb Code    34  _sgetc.o(.text)
    _strtoul                                 0x08008619   Thumb Code   158  _strtoul.o(.text)
    _btod_etento                             0x080086b9   Thumb Code   224  bigflt0.o(.text)
    __user_setup_stackheap                   0x0800879d   Thumb Code    74  sys_stackheap_outer.o(.text)
    _chval                                   0x080087e7   Thumb Code    28  _chval.o(.text)
    _scanf_really_real                       0x08008a51   Thumb Code   684  scanf_fp.o(.text)
    exit                                     0x08008cfd   Thumb Code    18  exit.o(.text)
    strcmp                                   0x08008d11   Thumb Code   128  strcmpv7m.o(.text)
    __I$use$semihosting                      0x08008d91   Thumb Code     0  use_no_semi.o(.text)
    __use_no_semihosting_swi                 0x08008d91   Thumb Code     2  use_no_semi.o(.text)
    __semihosting_library_function           0x08008d93   Thumb Code     0  indicate_semi.o(.text)
    _scanf_really_hex_real                   0x08008d95   Thumb Code   786  scanf_hexfp.o(.text)
    _scanf_really_infnan                     0x080090b5   Thumb Code   292  scanf_infnan.o(.text)
    _sys_exit                                0x080091e9   Thumb Code     8  sys_exit.o(.text)
    __aeabi_llsl                             0x080091f5   Thumb Code     0  llshl.o(.text)
    _ll_shift_l                              0x080091f5   Thumb Code    38  llshl.o(.text)
    _btod_d2e                                0x0800921b   Thumb Code    62  btod.o(CL$$btod_d2e)
    _d2e_denorm_low                          0x08009259   Thumb Code    70  btod.o(CL$$btod_d2e_denorm_low)
    _d2e_norm_op1                            0x0800929f   Thumb Code    96  btod.o(CL$$btod_d2e_norm_op1)
    __btod_div_common                        0x080092ff   Thumb Code   696  btod.o(CL$$btod_div_common)
    _e2d                                     0x08009639   Thumb Code   122  btod.o(CL$$btod_e2d)
    _e2e                                     0x080096bd   Thumb Code   220  btod.o(CL$$btod_e2e)
    _btod_ediv                               0x08009799   Thumb Code    42  btod.o(CL$$btod_ediv)
    _btod_edivd                              0x080097c3   Thumb Code    42  btod.o(CL$$btod_edivd)
    _btod_emul                               0x080097ed   Thumb Code    42  btod.o(CL$$btod_emul)
    _btod_emuld                              0x08009817   Thumb Code    42  btod.o(CL$$btod_emuld)
    __btod_mult_common                       0x08009841   Thumb Code   580  btod.o(CL$$btod_mult_common)
    __ARM_fpclassify                         0x08009a85   Thumb Code    40  fpclassify.o(i.__ARM_fpclassify)
    __kernel_poly                            0x08009aad   Thumb Code   170  poly.o(i.__kernel_poly)
    __mathlib_dbl_divzero                    0x08009b59   Thumb Code    12  dunder.o(i.__mathlib_dbl_divzero)
    __mathlib_dbl_infnan2                    0x08009b69   Thumb Code     4  dunder.o(i.__mathlib_dbl_infnan2)
    __mathlib_dbl_invalid                    0x08009b6d   Thumb Code    12  dunder.o(i.__mathlib_dbl_invalid)
    __mathlib_dbl_overflow                   0x08009b79   Thumb Code    14  dunder.o(i.__mathlib_dbl_overflow)
    __mathlib_dbl_underflow                  0x08009b89   Thumb Code    10  dunder.o(i.__mathlib_dbl_underflow)
    __mathlib_narrow                         0x08009b99   Thumb Code    16  narrow.o(i.__mathlib_narrow)
    __mathlib_tofloat                        0x08009ba9   Thumb Code   184  narrow.o(i.__mathlib_tofloat)
    __support_ldexp                          0x08009c65   Thumb Code    22  ldexp.o(i.__support_ldexp)
    _is_digit                                0x08009c7b   Thumb Code    14  __printf_wp.o(i._is_digit)
    atof                                     0x08009c89   Thumb Code    42  atof.o(i.atof)
    frexp                                    0x08009cb5   Thumb Code    80  frexp.o(i.frexp)
    ldexp                                    0x08009d0d   Thumb Code   116  ldexp.o(i.ldexp)
    pow                                      0x08009d81   Thumb Code  2512  pow.o(i.pow)
    sqrt                                     0x0800a759   Thumb Code    76  sqrt.o(i.sqrt)
    _get_lc_numeric                          0x0800a7a5   Thumb Code    44  lc_numeric_c.o(locale$$code)
    _get_lc_ctype                            0x0800a7d1   Thumb Code    44  lc_ctype_c.o(locale$$code)
    __aeabi_d2f                              0x0800a7fd   Thumb Code     0  d2f.o(x$fpl$d2f)
    _d2f                                     0x0800a7fd   Thumb Code    98  d2f.o(x$fpl$d2f)
    __aeabi_dadd                             0x0800a861   Thumb Code     0  daddsub_clz.o(x$fpl$dadd)
    _dadd                                    0x0800a861   Thumb Code   332  daddsub_clz.o(x$fpl$dadd)
    __fpl_dcheck_NaN1                        0x0800a9b1   Thumb Code    10  dcheck1.o(x$fpl$dcheck1)
    __fpl_dcmp_Inf                           0x0800a9c1   Thumb Code    24  dcmpi.o(x$fpl$dcmpinf)
    __aeabi_ddiv                             0x0800a9d9   Thumb Code     0  ddiv.o(x$fpl$ddiv)
    _ddiv                                    0x0800a9d9   Thumb Code   552  ddiv.o(x$fpl$ddiv)
    __aeabi_cdcmpeq                          0x0800ac89   Thumb Code     0  deqf.o(x$fpl$deqf)
    _dcmpeq                                  0x0800ac89   Thumb Code   120  deqf.o(x$fpl$deqf)
    __aeabi_d2uiz                            0x0800ad01   Thumb Code     0  dfixu.o(x$fpl$dfixu)
    _dfixu                                   0x0800ad01   Thumb Code    90  dfixu.o(x$fpl$dfixu)
    __aeabi_i2d                              0x0800ad5b   Thumb Code     0  dflt_clz.o(x$fpl$dflt)
    _dflt                                    0x0800ad5b   Thumb Code    46  dflt_clz.o(x$fpl$dflt)
    __aeabi_ui2d                             0x0800ad89   Thumb Code     0  dflt_clz.o(x$fpl$dfltu)
    _dfltu                                   0x0800ad89   Thumb Code    38  dflt_clz.o(x$fpl$dfltu)
    __aeabi_cdcmple                          0x0800adb1   Thumb Code     0  dleqf.o(x$fpl$dleqf)
    _dcmple                                  0x0800adb1   Thumb Code   120  dleqf.o(x$fpl$dleqf)
    __fpl_dcmple_InfNaN                      0x0800ae13   Thumb Code     0  dleqf.o(x$fpl$dleqf)
    __aeabi_dmul                             0x0800ae29   Thumb Code     0  dmul.o(x$fpl$dmul)
    _dmul                                    0x0800ae29   Thumb Code   332  dmul.o(x$fpl$dmul)
    __fpl_dnaninf                            0x0800af7d   Thumb Code   156  dnaninf.o(x$fpl$dnaninf)
    __fpl_dretinf                            0x0800b019   Thumb Code    12  dretinf.o(x$fpl$dretinf)
    __aeabi_cdrcmple                         0x0800b025   Thumb Code     0  drleqf.o(x$fpl$drleqf)
    _drcmple                                 0x0800b025   Thumb Code   108  drleqf.o(x$fpl$drleqf)
    __aeabi_drsub                            0x0800b091   Thumb Code     0  daddsub_clz.o(x$fpl$drsb)
    _drsb                                    0x0800b091   Thumb Code    22  daddsub_clz.o(x$fpl$drsb)
    _dsqrt                                   0x0800b0a9   Thumb Code   456  dsqrt_noumaal.o(x$fpl$dsqrt)
    __aeabi_dsub                             0x0800b275   Thumb Code     0  daddsub_clz.o(x$fpl$dsub)
    _dsub                                    0x0800b275   Thumb Code   464  daddsub_clz.o(x$fpl$dsub)
    __aeabi_f2d                              0x0800b449   Thumb Code     0  f2d.o(x$fpl$f2d)
    _f2d                                     0x0800b449   Thumb Code    86  f2d.o(x$fpl$f2d)
    __aeabi_fadd                             0x0800b4a1   Thumb Code     0  faddsub_clz.o(x$fpl$fadd)
    _fadd                                    0x0800b4a1   Thumb Code   196  faddsub_clz.o(x$fpl$fadd)
    __aeabi_fdiv                             0x0800b565   Thumb Code     0  fdiv.o(x$fpl$fdiv)
    _fdiv                                    0x0800b565   Thumb Code   384  fdiv.o(x$fpl$fdiv)
    __aeabi_f2uiz                            0x0800b6e9   Thumb Code     0  ffixu.o(x$fpl$ffixu)
    _ffixu                                   0x0800b6e9   Thumb Code    62  ffixu.o(x$fpl$ffixu)
    __aeabi_i2f                              0x0800b729   Thumb Code     0  fflt_clz.o(x$fpl$fflt)
    _fflt                                    0x0800b729   Thumb Code    48  fflt_clz.o(x$fpl$fflt)
    __aeabi_fmul                             0x0800b759   Thumb Code     0  fmul.o(x$fpl$fmul)
    _fmul                                    0x0800b759   Thumb Code   258  fmul.o(x$fpl$fmul)
    __fpl_fnaninf                            0x0800b85b   Thumb Code   140  fnaninf.o(x$fpl$fnaninf)
    __fpl_fretinf                            0x0800b8e7   Thumb Code    10  fretinf.o(x$fpl$fretinf)
    __aeabi_fsub                             0x0800b8f1   Thumb Code     0  faddsub_clz.o(x$fpl$fsub)
    _fsub                                    0x0800b8f1   Thumb Code   234  faddsub_clz.o(x$fpl$fsub)
    __ieee_status                            0x0800b9db   Thumb Code     6  istatus.o(x$fpl$ieeestatus)
    _printf_fp_dec                           0x0800b9e1   Thumb Code     4  printf1.o(x$fpl$printf1)
    __fpl_return_NaN                         0x0800b9e5   Thumb Code   100  retnan.o(x$fpl$retnan)
    __ARM_scalbn                             0x0800ba49   Thumb Code    92  scalbn.o(x$fpl$scalbn)
    _scanf_real                              0x0800baa5   Thumb Code     4  scanf1.o(x$fpl$scanf1)
    _scanf_hex_real                          0x0800baa9   Thumb Code     4  scanf2.o(x$fpl$scanf2)
    _scanf_infnan                            0x0800baad   Thumb Code     4  scanf2.o(x$fpl$scanf2)
    __fpl_cmpreturn                          0x0800bab1   Thumb Code    48  trapv.o(x$fpl$trapveneer)
    __I$use$fp                               0x0800bae0   Number         0  usenofp.o(x$fpl$usenofp)
    crctab16                                 0x0800bae0   Data         512  debug.o(.constdata)
    _monlen                                  0x0800bdc8   Data          12  _monlen.o(.constdata)
    __mathlib_zero                           0x0800bdd8   Data           8  qnan.o(.constdata)
    Region$$Table$$Base                      0x0800c1b8   Number         0  anon$$obj.o(Region$$Table)
    Region$$Table$$Limit                     0x0800c1d8   Number         0  anon$$obj.o(Region$$Table)
    __aeabi_HUGE_VAL                         0x0800c1d8   Data           0  fpconst.o(c$$dinf)
    __aeabi_HUGE_VALL                        0x0800c1d8   Data           0  fpconst.o(c$$dinf)
    __aeabi_INFINITY                         0x0800c1d8   Data           0  fpconst.o(c$$dinf)
    __dInf                                   0x0800c1d8   Data           0  fpconst.o(c$$dinf)
    __huge_val                               0x0800c1d8   Data           0  fpconst.o(c$$dinf)
    __dbl_max                                0x0800c1e0   Data           0  fpconst.o(c$$dmax)
    __ctype                                  0x0800c211   Data           0  lc_ctype_c.o(locale$$data)
    RTC_TimeStruct                           0x20000000   Data           4  rtc.o(.data)
    RTC_DateStruct                           0x20000004   Data           4  rtc.o(.data)
    CONGCOM                                  0x20000008   Data           1  structure_data.o(.data)
    GPRS                                     0x20000009   Data           3  structure_data.o(.data)
    SendDataTimeOut                          0x20000010   Data           2  gsm_gprs.o(.data)
    SystemCoreClock                          0x20000024   Data           4  system_stm32f2xx.o(.data)
    AHBPrescTable                            0x20000028   Data          16  system_stm32f2xx.o(.data)
    temptDatatime                            0x20000038   Data          10  rtc.o(.bss)
    RTC_InitStructure                        0x20000044   Data          12  rtc.o(.bss)
    xSystem                                  0x20000050   Data        1120  structure_data.o(.bss)
    GPS_xData                                0x200004b0   Data        1144  structure_data.o(.bss)
    GPS_Temp                                 0x20000928   Data         256  structure_data.o(.bss)
    GPSControl                               0x20000a28   Data         256  structure_data.o(.bss)
    DataGPSConvert                           0x20000b28   Data          24  structure_data.o(.bss)
    GSM                                      0x20000b40   Data         224  structure_data.o(.bss)
    GPS                                      0x20000c20   Data        1144  structure_data.o(.bss)
    Config                                   0x20001098   Data       24580  structure_data.o(.bss)
    DataGPSConverted                         0x2000709c   Data          24  structure_data.o(.bss)
    xConfig                                  0x200070b4   Data         111  structure_data.o(.bss)
    UART1_Data                               0x20007124   Data        4102  structure_data.o(.bss)
    Cam_Data                                 0x2000812a   Data        1032  structure_data.o(.bss)
    Camera                                   0x20008534   Data        6168  structure_data.o(.bss)
    MainIPAddr                               0x20009d4c   Data          60  gsm_gprs.o(.bss)
    _random_number_data                      0x20009d88   Data         228  rand.o(.bss)
    __libspace_start                         0x20009e6c   Data          96  libspace.o(.bss)
    __temporary_stack_top$libspace           0x20009ecc   Data           0  libspace.o(.bss)



==============================================================================

Memory Map of the image

  Image Entry point : 0x08000185

  Load Region LR_IROM1 (Base: 0x08000000, Size: 0x0000c34c, Max: 0x0007c000, ABSOLUTE)

    Execution Region ER_IROM1 (Exec base: 0x08000000, Load base: 0x08000000, Size: 0x0000c314, Max: 0x0007c000, ABSOLUTE)

    Exec Addr    Load Addr    Size         Type   Attr      Idx    E Section Name        Object

    0x08000000   0x08000000   0x00000184   Data   RO         1035    RESET               startup_stm32f2xx.o
    0x08000184   0x08000184   0x00000008   Code   RO         1156  * !!!main             c_w.l(__main.o)
    0x0800018c   0x0800018c   0x00000034   Code   RO         1552    !!!scatter          c_w.l(__scatter.o)
    0x080001c0   0x080001c0   0x0000001a   Code   RO         1554    !!handler_copy      c_w.l(__scatter_copy.o)
    0x080001da   0x080001da   0x00000002   PAD
    0x080001dc   0x080001dc   0x0000001c   Code   RO         1556    !!handler_zi        c_w.l(__scatter_zi.o)
    0x080001f8   0x080001f8   0x00000000   Code   RO         1130    .ARM.Collect$$_printf_percent$$00000000  c_w.l(_printf_percent.o)
    0x080001f8   0x080001f8   0x00000006   Code   RO         1129    .ARM.Collect$$_printf_percent$$00000003  c_w.l(_printf_f.o)
    0x080001fe   0x080001fe   0x00000006   Code   RO         1128    .ARM.Collect$$_printf_percent$$00000009  c_w.l(_printf_d.o)
    0x08000204   0x08000204   0x00000006   Code   RO         1127    .ARM.Collect$$_printf_percent$$0000000C  c_w.l(_printf_x.o)
    0x0800020a   0x0800020a   0x00000006   Code   RO         1125    .ARM.Collect$$_printf_percent$$00000013  c_w.l(_printf_c.o)
    0x08000210   0x08000210   0x00000006   Code   RO         1126    .ARM.Collect$$_printf_percent$$00000014  c_w.l(_printf_s.o)
    0x08000216   0x08000216   0x00000004   Code   RO         1240    .ARM.Collect$$_printf_percent$$00000017  c_w.l(_printf_percent_end.o)
    0x0800021a   0x0800021a   0x00000002   Code   RO         1432    .ARM.Collect$$libinit$$00000000  c_w.l(libinit.o)
    0x0800021c   0x0800021c   0x00000000   Code   RO         1247    .ARM.Collect$$libinit$$00000002  c_w.l(libinit2.o)
    0x0800021c   0x0800021c   0x00000000   Code   RO         1249    .ARM.Collect$$libinit$$00000004  c_w.l(libinit2.o)
    0x0800021c   0x0800021c   0x00000000   Code   RO         1252    .ARM.Collect$$libinit$$0000000A  c_w.l(libinit2.o)
    0x0800021c   0x0800021c   0x00000000   Code   RO         1254    .ARM.Collect$$libinit$$0000000C  c_w.l(libinit2.o)
    0x0800021c   0x0800021c   0x00000004   Code   RO         1255    .ARM.Collect$$libinit$$0000000D  c_w.l(libinit2.o)
    0x08000220   0x08000220   0x00000000   Code   RO         1256    .ARM.Collect$$libinit$$0000000E  c_w.l(libinit2.o)
    0x08000220   0x08000220   0x00000006   Code   RO         1257    .ARM.Collect$$libinit$$0000000F  c_w.l(libinit2.o)
    0x08000226   0x08000226   0x00000000   Code   RO         1259    .ARM.Collect$$libinit$$00000011  c_w.l(libinit2.o)
    0x08000226   0x08000226   0x0000000c   Code   RO         1260    .ARM.Collect$$libinit$$00000012  c_w.l(libinit2.o)
    0x08000232   0x08000232   0x00000000   Code   RO         1261    .ARM.Collect$$libinit$$00000013  c_w.l(libinit2.o)
    0x08000232   0x08000232   0x00000000   Code   RO         1263    .ARM.Collect$$libinit$$00000015  c_w.l(libinit2.o)
    0x08000232   0x08000232   0x0000000a   Code   RO         1264    .ARM.Collect$$libinit$$00000016  c_w.l(libinit2.o)
    0x0800023c   0x0800023c   0x00000000   Code   RO         1265    .ARM.Collect$$libinit$$00000017  c_w.l(libinit2.o)
    0x0800023c   0x0800023c   0x00000000   Code   RO         1267    .ARM.Collect$$libinit$$00000019  c_w.l(libinit2.o)
    0x0800023c   0x0800023c   0x00000000   Code   RO         1269    .ARM.Collect$$libinit$$0000001B  c_w.l(libinit2.o)
    0x0800023c   0x0800023c   0x00000000   Code   RO         1271    .ARM.Collect$$libinit$$0000001D  c_w.l(libinit2.o)
    0x0800023c   0x0800023c   0x00000000   Code   RO         1273    .ARM.Collect$$libinit$$0000001F  c_w.l(libinit2.o)
    0x0800023c   0x0800023c   0x00000000   Code   RO         1275    .ARM.Collect$$libinit$$00000021  c_w.l(libinit2.o)
    0x0800023c   0x0800023c   0x00000000   Code   RO         1277    .ARM.Collect$$libinit$$00000023  c_w.l(libinit2.o)
    0x0800023c   0x0800023c   0x00000000   Code   RO         1279    .ARM.Collect$$libinit$$00000025  c_w.l(libinit2.o)
    0x0800023c   0x0800023c   0x00000000   Code   RO         1283    .ARM.Collect$$libinit$$0000002C  c_w.l(libinit2.o)
    0x0800023c   0x0800023c   0x00000000   Code   RO         1285    .ARM.Collect$$libinit$$0000002E  c_w.l(libinit2.o)
    0x0800023c   0x0800023c   0x00000000   Code   RO         1287    .ARM.Collect$$libinit$$00000030  c_w.l(libinit2.o)
    0x0800023c   0x0800023c   0x00000000   Code   RO         1289    .ARM.Collect$$libinit$$00000032  c_w.l(libinit2.o)
    0x0800023c   0x0800023c   0x00000002   Code   RO         1290    .ARM.Collect$$libinit$$00000033  c_w.l(libinit2.o)
    0x0800023e   0x0800023e   0x00000002   Code   RO         1501    .ARM.Collect$$libshutdown$$00000000  c_w.l(libshutdown.o)
    0x08000240   0x08000240   0x00000000   Code   RO         1519    .ARM.Collect$$libshutdown$$00000002  c_w.l(libshutdown2.o)
    0x08000240   0x08000240   0x00000000   Code   RO         1521    .ARM.Collect$$libshutdown$$00000004  c_w.l(libshutdown2.o)
    0x08000240   0x08000240   0x00000000   Code   RO         1524    .ARM.Collect$$libshutdown$$00000007  c_w.l(libshutdown2.o)
    0x08000240   0x08000240   0x00000000   Code   RO         1527    .ARM.Collect$$libshutdown$$0000000A  c_w.l(libshutdown2.o)
    0x08000240   0x08000240   0x00000000   Code   RO         1529    .ARM.Collect$$libshutdown$$0000000C  c_w.l(libshutdown2.o)
    0x08000240   0x08000240   0x00000000   Code   RO         1532    .ARM.Collect$$libshutdown$$0000000F  c_w.l(libshutdown2.o)
    0x08000240   0x08000240   0x00000002   Code   RO         1533    .ARM.Collect$$libshutdown$$00000010  c_w.l(libshutdown2.o)
    0x08000242   0x08000242   0x00000000   Code   RO         1222    .ARM.Collect$$rtentry$$00000000  c_w.l(__rtentry.o)
    0x08000242   0x08000242   0x00000000   Code   RO         1335    .ARM.Collect$$rtentry$$00000002  c_w.l(__rtentry2.o)
    0x08000242   0x08000242   0x00000006   Code   RO         1347    .ARM.Collect$$rtentry$$00000004  c_w.l(__rtentry4.o)
    0x08000248   0x08000248   0x00000000   Code   RO         1337    .ARM.Collect$$rtentry$$00000009  c_w.l(__rtentry2.o)
    0x08000248   0x08000248   0x00000004   Code   RO         1338    .ARM.Collect$$rtentry$$0000000A  c_w.l(__rtentry2.o)
    0x0800024c   0x0800024c   0x00000000   Code   RO         1340    .ARM.Collect$$rtentry$$0000000C  c_w.l(__rtentry2.o)
    0x0800024c   0x0800024c   0x00000008   Code   RO         1341    .ARM.Collect$$rtentry$$0000000D  c_w.l(__rtentry2.o)
    0x08000254   0x08000254   0x00000002   Code   RO         1439    .ARM.Collect$$rtexit$$00000000  c_w.l(rtexit.o)
    0x08000256   0x08000256   0x00000000   Code   RO         1469    .ARM.Collect$$rtexit$$00000002  c_w.l(rtexit2.o)
    0x08000256   0x08000256   0x00000004   Code   RO         1470    .ARM.Collect$$rtexit$$00000003  c_w.l(rtexit2.o)
    0x0800025a   0x0800025a   0x00000006   Code   RO         1471    .ARM.Collect$$rtexit$$00000004  c_w.l(rtexit2.o)
    0x08000260   0x08000260   0x00000034   Code   RO         1133    .emb_text           c_w.l(rand.o)
    0x08000294   0x08000294   0x00000314   Code   RO            4    .text               main.o
    0x080005a8   0x080005a8   0x00000070   Code   RO          201    .text               initsystem.o
    0x08000618   0x08000618   0x0000024c   Code   RO          249    .text               interrup.o
    0x08000864   0x08000864   0x000005a4   Code   RO          290    .text               flash.o
    0x08000e08   0x08000e08   0x000000b8   Code   RO          315    .text               tim.o
    0x08000ec0   0x08000ec0   0x00000436   Code   RO          342    .text               uart.o
    0x080012f6   0x080012f6   0x00000002   PAD
    0x080012f8   0x080012f8   0x000002f8   Code   RO          371    .text               rtc.o
    0x080015f0   0x080015f0   0x000005d4   Code   RO          426    .text               debug.o
    0x08001bc4   0x08001bc4   0x00000178   Code   RO          465    .text               data.o
    0x08001d3c   0x08001d3c   0x000000a8   Code   RO          490    .text               led.o
    0x08001de4   0x08001de4   0x000002b0   Code   RO          535    .text               camera.o
    0x08002094   0x08002094   0x00000674   Code   RO          560    .text               spiffs.o
    0x08002708   0x08002708   0x00001544   Code   RO          585    .text               gps_process.o
    0x08003c4c   0x08003c4c   0x000002e8   Code   RO          639    .text               gsm_gprs.o
    0x08003f34   0x08003f34   0x00000030   Code   RO          672    .text               gsm_process.o
    0x08003f64   0x08003f64   0x00000ccc   Code   RO          697    .text               mc60_gsm.o
    0x08004c30   0x08004c30   0x000000e0   Code   RO          722    .text               misc.o
    0x08004d10   0x08004d10   0x0000025c   Code   RO          818    .text               stm32f2xx_gpio.o
    0x08004f6c   0x08004f6c   0x00000040   Code   RO          842    .text               stm32f2xx_iwdg.o
    0x08004fac   0x08004fac   0x000000d8   Code   RO          866    .text               stm32f2xx_pwr.o
    0x08005084   0x08005084   0x00000588   Code   RO          890    .text               stm32f2xx_rcc.o
    0x0800560c   0x0800560c   0x00000b08   Code   RO          916    .text               stm32f2xx_rtc.o
    0x08006114   0x08006114   0x000003a8   Code   RO          940    .text               stm32f2xx_spi.o
    0x080064bc   0x080064bc   0x00000ca2   Code   RO          988    .text               stm32f2xx_tim.o
    0x0800715e   0x0800715e   0x00000002   PAD
    0x08007160   0x08007160   0x0000041a   Code   RO         1012    .text               stm32f2xx_usart.o
    0x0800757a   0x0800757a   0x00000002   PAD
    0x0800757c   0x0800757c   0x00000040   Code   RO         1036    .text               startup_stm32f2xx.o
    0x080075bc   0x080075bc   0x000001e0   Code   RO         1043    .text               system_stm32f2xx.o
    0x0800779c   0x0800779c   0x00000028   Code   RO         1074    .text               c_w.l(noretval__2sprintf.o)
    0x080077c4   0x080077c4   0x0000004e   Code   RO         1078    .text               c_w.l(_printf_pad.o)
    0x08007812   0x08007812   0x00000052   Code   RO         1080    .text               c_w.l(_printf_str.o)
    0x08007864   0x08007864   0x00000078   Code   RO         1082    .text               c_w.l(_printf_dec.o)
    0x080078dc   0x080078dc   0x00000058   Code   RO         1087    .text               c_w.l(_printf_hex_int.o)
    0x08007934   0x08007934   0x00000138   Code   RO         1117    .text               c_w.l(__printf_flags_wp.o)
    0x08007a6c   0x08007a6c   0x0000001a   Code   RO         1131    .text               c_w.l(atoi.o)
    0x08007a86   0x08007a86   0x00000002   PAD
    0x08007a88   0x08007a88   0x0000003c   Code   RO         1134    .text               c_w.l(rand.o)
    0x08007ac4   0x08007ac4   0x00000024   Code   RO         1138    .text               c_w.l(strstr.o)
    0x08007ae8   0x08007ae8   0x00000048   Code   RO         1140    .text               c_w.l(strcpy.o)
    0x08007b30   0x08007b30   0x0000003e   Code   RO         1142    .text               c_w.l(strlen.o)
    0x08007b6e   0x08007b6e   0x00000018   Code   RO         1144    .text               c_w.l(strcat.o)
    0x08007b86   0x08007b86   0x00000064   Code   RO         1146    .text               c_w.l(rt_memcpy_w.o)
    0x08007bea   0x08007bea   0x00000044   Code   RO         1148    .text               c_w.l(rt_memclr.o)
    0x08007c2e   0x08007c2e   0x0000004e   Code   RO         1150    .text               c_w.l(rt_memclr_w.o)
    0x08007c7c   0x08007c7c   0x000001ac   Code   RO         1152    .text               c_w.l(mktime.o)
    0x08007e28   0x08007e28   0x00000006   Code   RO         1154    .text               c_w.l(heapauxi.o)
    0x08007e2e   0x08007e2e   0x00000002   PAD
    0x08007e30   0x08007e30   0x00000008   Code   RO         1226    .text               c_w.l(rt_errno_addr_intlibspace.o)
    0x08007e38   0x08007e38   0x00000016   Code   RO         1228    .text               c_w.l(_rserrno.o)
    0x08007e4e   0x08007e4e   0x000000b2   Code   RO         1230    .text               c_w.l(_printf_intcommon.o)
    0x08007f00   0x08007f00   0x0000041e   Code   RO         1232    .text               c_w.l(_printf_fp_dec.o)
    0x0800831e   0x0800831e   0x00000002   PAD
    0x08008320   0x08008320   0x00000030   Code   RO         1234    .text               c_w.l(_printf_char_common.o)
    0x08008350   0x08008350   0x0000000a   Code   RO         1236    .text               c_w.l(_sputc.o)
    0x0800835a   0x0800835a   0x0000002c   Code   RO         1238    .text               c_w.l(_printf_char.o)
    0x08008386   0x08008386   0x00000002   PAD
    0x08008388   0x08008388   0x000000a4   Code   RO         1241    .text               c_w.l(strtod.o)
    0x0800842c   0x0800842c   0x00000070   Code   RO         1243    .text               c_w.l(strtol.o)
    0x0800849c   0x0800849c   0x00000008   Code   RO         1331    .text               c_w.l(libspace.o)
    0x080084a4   0x080084a4   0x00000010   Code   RO         1349    .text               c_w.l(rt_ctype_table.o)
    0x080084b4   0x080084b4   0x00000008   Code   RO         1354    .text               c_w.l(rt_locale_intlibspace.o)
    0x080084bc   0x080084bc   0x0000008a   Code   RO         1356    .text               c_w.l(lludiv10.o)
    0x08008546   0x08008546   0x00000012   Code   RO         1358    .text               c_w.l(isspace.o)
    0x08008558   0x08008558   0x00000080   Code   RO         1360    .text               c_w.l(_printf_fp_infnan.o)
    0x080085d8   0x080085d8   0x00000040   Code   RO         1364    .text               c_w.l(_sgetc.o)
    0x08008618   0x08008618   0x0000009e   Code   RO         1366    .text               c_w.l(_strtoul.o)
    0x080086b6   0x080086b6   0x00000002   PAD
    0x080086b8   0x080086b8   0x000000e4   Code   RO         1368    .text               c_w.l(bigflt0.o)
    0x0800879c   0x0800879c   0x0000004a   Code   RO         1410    .text               c_w.l(sys_stackheap_outer.o)
    0x080087e6   0x080087e6   0x0000001c   Code   RO         1412    .text               c_w.l(_chval.o)
    0x08008802   0x08008802   0x00000002   PAD
    0x08008804   0x08008804   0x000004f8   Code   RO         1414    .text               c_w.l(scanf_fp.o)
    0x08008cfc   0x08008cfc   0x00000012   Code   RO         1419    .text               c_w.l(exit.o)
    0x08008d0e   0x08008d0e   0x00000002   PAD
    0x08008d10   0x08008d10   0x00000080   Code   RO         1421    .text               c_w.l(strcmpv7m.o)
    0x08008d90   0x08008d90   0x00000002   Code   RO         1465    .text               c_w.l(use_no_semi.o)
    0x08008d92   0x08008d92   0x00000000   Code   RO         1467    .text               c_w.l(indicate_semi.o)
    0x08008d92   0x08008d92   0x00000002   PAD
    0x08008d94   0x08008d94   0x00000320   Code   RO         1477    .text               c_w.l(scanf_hexfp.o)
    0x080090b4   0x080090b4   0x00000134   Code   RO         1479    .text               c_w.l(scanf_infnan.o)
    0x080091e8   0x080091e8   0x0000000c   Code   RO         1491    .text               c_w.l(sys_exit.o)
    0x080091f4   0x080091f4   0x00000026   Code   RO         1493    .text               c_w.l(llshl.o)
    0x0800921a   0x0800921a   0x0000003e   Code   RO         1371    CL$$btod_d2e        c_w.l(btod.o)
    0x08009258   0x08009258   0x00000046   Code   RO         1373    CL$$btod_d2e_denorm_low  c_w.l(btod.o)
    0x0800929e   0x0800929e   0x00000060   Code   RO         1372    CL$$btod_d2e_norm_op1  c_w.l(btod.o)
    0x080092fe   0x080092fe   0x00000338   Code   RO         1381    CL$$btod_div_common  c_w.l(btod.o)
    0x08009636   0x08009636   0x00000002   PAD
    0x08009638   0x08009638   0x00000084   Code   RO         1379    CL$$btod_e2d        c_w.l(btod.o)
    0x080096bc   0x080096bc   0x000000dc   Code   RO         1378    CL$$btod_e2e        c_w.l(btod.o)
    0x08009798   0x08009798   0x0000002a   Code   RO         1375    CL$$btod_ediv       c_w.l(btod.o)
    0x080097c2   0x080097c2   0x0000002a   Code   RO         1377    CL$$btod_edivd      c_w.l(btod.o)
    0x080097ec   0x080097ec   0x0000002a   Code   RO         1374    CL$$btod_emul       c_w.l(btod.o)
    0x08009816   0x08009816   0x0000002a   Code   RO         1376    CL$$btod_emuld      c_w.l(btod.o)
    0x08009840   0x08009840   0x00000244   Code   RO         1380    CL$$btod_mult_common  c_w.l(btod.o)
    0x08009a84   0x08009a84   0x00000028   Code   RO         1318    i.__ARM_fpclassify  m_ws.l(fpclassify.o)
    0x08009aac   0x08009aac   0x000000aa   Code   RO         1320    i.__kernel_poly     m_ws.l(poly.o)
    0x08009b56   0x08009b56   0x00000002   PAD
    0x08009b58   0x08009b58   0x00000010   Code   RO         1304    i.__mathlib_dbl_divzero  m_ws.l(dunder.o)
    0x08009b68   0x08009b68   0x00000004   Code   RO         1306    i.__mathlib_dbl_infnan2  m_ws.l(dunder.o)
    0x08009b6c   0x08009b6c   0x0000000c   Code   RO         1307    i.__mathlib_dbl_invalid  m_ws.l(dunder.o)
    0x08009b78   0x08009b78   0x0000000e   Code   RO         1308    i.__mathlib_dbl_overflow  m_ws.l(dunder.o)
    0x08009b86   0x08009b86   0x00000002   PAD
    0x08009b88   0x08009b88   0x00000010   Code   RO         1310    i.__mathlib_dbl_underflow  m_ws.l(dunder.o)
    0x08009b98   0x08009b98   0x00000010   Code   RO         1459    i.__mathlib_narrow  m_ws.l(narrow.o)
    0x08009ba8   0x08009ba8   0x000000bc   Code   RO         1460    i.__mathlib_tofloat  m_ws.l(narrow.o)
    0x08009c64   0x08009c64   0x00000016   Code   RO         1503    i.__support_ldexp   m_ws.l(ldexp.o)
    0x08009c7a   0x08009c7a   0x0000000e   Code   RO         1115    i._is_digit         c_w.l(__printf_wp.o)
    0x08009c88   0x08009c88   0x0000002a   Code   RO         1209    i.atof              m_ws.l(atof.o)
    0x08009cb2   0x08009cb2   0x00000002   PAD
    0x08009cb4   0x08009cb4   0x00000058   Code   RO         1488    i.frexp             m_ws.l(frexp.o)
    0x08009d0c   0x08009d0c   0x00000074   Code   RO         1504    i.ldexp             m_ws.l(ldexp.o)
    0x08009d80   0x08009d80   0x000009d8   Code   RO         1213    i.pow               m_ws.l(pow.o)
    0x0800a758   0x0800a758   0x0000004c   Code   RO         1324    i.sqrt              m_ws.l(sqrt.o)
    0x0800a7a4   0x0800a7a4   0x0000002c   Code   RO         1394    locale$$code        c_w.l(lc_numeric_c.o)
    0x0800a7d0   0x0800a7d0   0x0000002c   Code   RO         1417    locale$$code        c_w.l(lc_ctype_c.o)
    0x0800a7fc   0x0800a7fc   0x00000062   Code   RO         1158    x$fpl$d2f           fz_ws.l(d2f.o)
    0x0800a85e   0x0800a85e   0x00000002   PAD
    0x0800a860   0x0800a860   0x00000150   Code   RO         1160    x$fpl$dadd          fz_ws.l(daddsub_clz.o)
    0x0800a9b0   0x0800a9b0   0x00000010   Code   RO         1398    x$fpl$dcheck1       fz_ws.l(dcheck1.o)
    0x0800a9c0   0x0800a9c0   0x00000018   Code   RO         1433    x$fpl$dcmpinf       fz_ws.l(dcmpi.o)
    0x0800a9d8   0x0800a9d8   0x000002b0   Code   RO         1167    x$fpl$ddiv          fz_ws.l(ddiv.o)
    0x0800ac88   0x0800ac88   0x00000078   Code   RO         1485    x$fpl$deqf          fz_ws.l(deqf.o)
    0x0800ad00   0x0800ad00   0x0000005a   Code   RO         1170    x$fpl$dfixu         fz_ws.l(dfixu.o)
    0x0800ad5a   0x0800ad5a   0x0000002e   Code   RO         1175    x$fpl$dflt          fz_ws.l(dflt_clz.o)
    0x0800ad88   0x0800ad88   0x00000026   Code   RO         1174    x$fpl$dfltu         fz_ws.l(dflt_clz.o)
    0x0800adae   0x0800adae   0x00000002   PAD
    0x0800adb0   0x0800adb0   0x00000078   Code   RO         1400    x$fpl$dleqf         fz_ws.l(dleqf.o)
    0x0800ae28   0x0800ae28   0x00000154   Code   RO         1180    x$fpl$dmul          fz_ws.l(dmul.o)
    0x0800af7c   0x0800af7c   0x0000009c   Code   RO         1291    x$fpl$dnaninf       fz_ws.l(dnaninf.o)
    0x0800b018   0x0800b018   0x0000000c   Code   RO         1293    x$fpl$dretinf       fz_ws.l(dretinf.o)
    0x0800b024   0x0800b024   0x0000006c   Code   RO         1295    x$fpl$drleqf        fz_ws.l(drleqf.o)
    0x0800b090   0x0800b090   0x00000016   Code   RO         1161    x$fpl$drsb          fz_ws.l(daddsub_clz.o)
    0x0800b0a6   0x0800b0a6   0x00000002   PAD
    0x0800b0a8   0x0800b0a8   0x000001cc   Code   RO         1402    x$fpl$dsqrt         fz_ws.l(dsqrt_noumaal.o)
    0x0800b274   0x0800b274   0x000001d4   Code   RO         1162    x$fpl$dsub          fz_ws.l(daddsub_clz.o)
    0x0800b448   0x0800b448   0x00000056   Code   RO         1182    x$fpl$f2d           fz_ws.l(f2d.o)
    0x0800b49e   0x0800b49e   0x00000002   PAD
    0x0800b4a0   0x0800b4a0   0x000000c4   Code   RO         1184    x$fpl$fadd          fz_ws.l(faddsub_clz.o)
    0x0800b564   0x0800b564   0x00000184   Code   RO         1191    x$fpl$fdiv          fz_ws.l(fdiv.o)
    0x0800b6e8   0x0800b6e8   0x0000003e   Code   RO         1194    x$fpl$ffixu         fz_ws.l(ffixu.o)
    0x0800b726   0x0800b726   0x00000002   PAD
    0x0800b728   0x0800b728   0x00000030   Code   RO         1199    x$fpl$fflt          fz_ws.l(fflt_clz.o)
    0x0800b758   0x0800b758   0x00000102   Code   RO         1204    x$fpl$fmul          fz_ws.l(fmul.o)
    0x0800b85a   0x0800b85a   0x0000008c   Code   RO         1297    x$fpl$fnaninf       fz_ws.l(fnaninf.o)
    0x0800b8e6   0x0800b8e6   0x0000000a   Code   RO         1299    x$fpl$fretinf       fz_ws.l(fretinf.o)
    0x0800b8f0   0x0800b8f0   0x000000ea   Code   RO         1186    x$fpl$fsub          fz_ws.l(faddsub_clz.o)
    0x0800b9da   0x0800b9da   0x00000006   Code   RO         1406    x$fpl$ieeestatus    fz_ws.l(istatus.o)
    0x0800b9e0   0x0800b9e0   0x00000004   Code   RO         1206    x$fpl$printf1       fz_ws.l(printf1.o)
    0x0800b9e4   0x0800b9e4   0x00000064   Code   RO         1435    x$fpl$retnan        fz_ws.l(retnan.o)
    0x0800ba48   0x0800ba48   0x0000005c   Code   RO         1301    x$fpl$scalbn        fz_ws.l(scalbn.o)
    0x0800baa4   0x0800baa4   0x00000004   Code   RO         1408    x$fpl$scanf1        fz_ws.l(scanf1.o)
    0x0800baa8   0x0800baa8   0x00000008   Code   RO         1451    x$fpl$scanf2        fz_ws.l(scanf2.o)
    0x0800bab0   0x0800bab0   0x00000030   Code   RO         1457    x$fpl$trapveneer    fz_ws.l(trapv.o)
    0x0800bae0   0x0800bae0   0x00000000   Code   RO         1303    x$fpl$usenofp       fz_ws.l(usenofp.o)
    0x0800bae0   0x0800bae0   0x00000200   Data   RO          427    .constdata          debug.o
    0x0800bce0   0x0800bce0   0x00000020   Data   RO          561    .constdata          spiffs.o
    0x0800bd00   0x0800bd00   0x00000028   Data   RO         1088    .constdata          c_w.l(_printf_hex_int.o)
    0x0800bd28   0x0800bd28   0x00000011   Data   RO         1118    .constdata          c_w.l(__printf_flags_wp.o)
    0x0800bd39   0x0800bd39   0x00000007   PAD
    0x0800bd40   0x0800bd40   0x00000088   Data   RO         1214    .constdata          m_ws.l(pow.o)
    0x0800bdc8   0x0800bdc8   0x0000000c   Data   RO         1245    .constdata          c_w.l(_monlen.o)
    0x0800bdd4   0x0800bdd4   0x00000004   PAD
    0x0800bdd8   0x0800bdd8   0x00000008   Data   RO         1322    .constdata          m_ws.l(qnan.o)
    0x0800bde0   0x0800bde0   0x00000094   Data   RO         1369    .constdata          c_w.l(bigflt0.o)
    0x0800be74   0x0800be74   0x00000343   Data   RO          428    .conststring        debug.o
    0x0800c1b7   0x0800c1b7   0x00000001   PAD
    0x0800c1b8   0x0800c1b8   0x00000020   Data   RO         1550    Region$$Table       anon$$obj.o
    0x0800c1d8   0x0800c1d8   0x00000008   Data   RO         1447    c$$dinf             fz_ws.l(fpconst.o)
    0x0800c1e0   0x0800c1e0   0x00000008   Data   RO         1450    c$$dmax             fz_ws.l(fpconst.o)
    0x0800c1e8   0x0800c1e8   0x0000001c   Data   RO         1393    locale$$data        c_w.l(lc_numeric_c.o)
    0x0800c204   0x0800c204   0x00000110   Data   RO         1416    locale$$data        c_w.l(lc_ctype_c.o)


    Execution Region RW_IRAM1 (Exec base: 0x20000000, Load base: 0x0800c314, Size: 0x0000a4d0, Max: 0x00020000, ABSOLUTE)

    Exec Addr    Load Addr    Size         Type   Attr      Idx    E Section Name        Object

    0x20000000   0x0800c314   0x00000008   Data   RW          373    .data               rtc.o
    0x20000008   0x0800c31c   0x00000004   Data   RW          405    .data               structure_data.o
    0x2000000c   0x0800c320   0x00000004   Data   RW          429    .data               debug.o
    0x20000010   0x0800c324   0x00000003   Data   RW          641    .data               gsm_gprs.o
    0x20000013   0x0800c327   0x00000010   Data   RW          891    .data               stm32f2xx_rcc.o
    0x20000023   0x0800c337   0x00000001   PAD
    0x20000024   0x0800c338   0x00000014   Data   RW         1044    .data               system_stm32f2xx.o
    0x20000038        -       0x00000018   Zero   RW          372    .bss                rtc.o
    0x20000050        -       0x00009cfc   Zero   RW          404    .bss                structure_data.o
    0x20009d4c        -       0x0000003c   Zero   RW          640    .bss                gsm_gprs.o
    0x20009d88        -       0x000000e4   Zero   RW         1135    .bss                c_w.l(rand.o)
    0x20009e6c        -       0x00000060   Zero   RW         1332    .bss                c_w.l(libspace.o)
    0x20009ecc   0x0800c34c   0x00000004   PAD
    0x20009ed0        -       0x00000200   Zero   RW         1034    HEAP                startup_stm32f2xx.o
    0x2000a0d0        -       0x00000400   Zero   RW         1033    STACK               startup_stm32f2xx.o


==============================================================================

Image component sizes


      Code (inc. data)   RO Data    RW Data    ZI Data      Debug   Object Name

       688         58          0          0          0       2472   camera.o
       376          6          0          0          0       2393   data.o
      1492        318       1347          4          0       3963   debug.o
      1444        118          0          0          0       5708   flash.o
      5444        266          0          0          0       5067   gps_process.o
       744        192          0          3         60       2335   gsm_gprs.o
        48         22          0          0          0        461   gsm_process.o
       112         50          0          0          0     226560   initsystem.o
       588         50          0          0          0       2640   interrup.o
       168         10          0          0          0        670   led.o
       788         68          0          0          0     325791   main.o
      3276        930          0          0          0       6133   mc60_gsm.o
       224         20          0          0          0       2029   misc.o
       760         70          0          8         24       3603   rtc.o
      1652        160         32          0          0       7019   spiffs.o
        64         26        388          0       1536        816   startup_stm32f2xx.o
       604         36          0          0          0       4189   stm32f2xx_gpio.o
        64          6          0          0          0       1361   stm32f2xx_iwdg.o
       216         12          0          0          0       2340   stm32f2xx_pwr.o
      1416         48          0         16          0      11191   stm32f2xx_rcc.o
      2824         36          0          0          0      12277   stm32f2xx_rtc.o
       936         22          0          0          0       6588   stm32f2xx_spi.o
      3234         60          0          0          0      23076   stm32f2xx_tim.o
      1050         26          0          0          0       7920   stm32f2xx_usart.o
         0          0          0          4      40188        699   structure_data.o
       480         40          0         20          0       1815   system_stm32f2xx.o
       184          6          0          0          0       4838   tim.o
      1078         40          0          0          0      28938   uart.o

    ----------------------------------------------------------------------
     29960       2696       1800         56      41808     702892   Object Totals
         0          0         32          0          0          0   (incl. Generated)
         6          0          1          1          0          0   (incl. Padding)

    ----------------------------------------------------------------------

      Code (inc. data)   RO Data    RW Data    ZI Data      Debug   Library Member Name

         8          0          0          0          0         68   __main.o
       312          4         17          0          0         92   __printf_flags_wp.o
        14          0          0          0          0         68   __printf_wp.o
         0          0          0          0          0          0   __rtentry.o
        12          0          0          0          0          0   __rtentry2.o
         6          0          0          0          0          0   __rtentry4.o
        52          8          0          0          0          0   __scatter.o
        26          0          0          0          0          0   __scatter_copy.o
        28          0          0          0          0          0   __scatter_zi.o
        28          0          0          0          0         68   _chval.o
         0          0         12          0          0          0   _monlen.o
         6          0          0          0          0          0   _printf_c.o
        44          0          0          0          0        108   _printf_char.o
        48          6          0          0          0         96   _printf_char_common.o
         6          0          0          0          0          0   _printf_d.o
       120         16          0          0          0         92   _printf_dec.o
         6          0          0          0          0          0   _printf_f.o
      1054          0          0          0          0        216   _printf_fp_dec.o
       128         16          0          0          0         84   _printf_fp_infnan.o
        88          4         40          0          0         88   _printf_hex_int.o
       178          0          0          0          0         88   _printf_intcommon.o
        78          0          0          0          0        108   _printf_pad.o
         0          0          0          0          0          0   _printf_percent.o
         4          0          0          0          0          0   _printf_percent_end.o
         6          0          0          0          0          0   _printf_s.o
        82          0          0          0          0         80   _printf_str.o
         6          0          0          0          0          0   _printf_x.o
        22          0          0          0          0        100   _rserrno.o
        64          0          0          0          0         84   _sgetc.o
        10          0          0          0          0         68   _sputc.o
       158          0          0          0          0         92   _strtoul.o
        26          0          0          0          0         80   atoi.o
       228          4        148          0          0         96   bigflt0.o
      2152        136          0          0          0        960   btod.o
        18          0          0          0          0         80   exit.o
         6          0          0          0          0        152   heapauxi.o
         0          0          0          0          0          0   indicate_semi.o
        18          0          0          0          0         76   isspace.o
        44         10        272          0          0         76   lc_ctype_c.o
        44         10         28          0          0         76   lc_numeric_c.o
         2          0          0          0          0          0   libinit.o
        34          0          0          0          0          0   libinit2.o
         2          0          0          0          0          0   libshutdown.o
         2          0          0          0          0          0   libshutdown2.o
         8          4          0          0         96         68   libspace.o
        38          0          0          0          0         68   llshl.o
       138          0          0          0          0         80   lludiv10.o
       428         10          0          0          0        116   mktime.o
        40          6          0          0          0         84   noretval__2sprintf.o
       112         18          0          0        228        160   rand.o
        16          4          0          0          0         76   rt_ctype_table.o
         8          4          0          0          0         68   rt_errno_addr_intlibspace.o
         8          4          0          0          0         68   rt_locale_intlibspace.o
        68          0          0          0          0         68   rt_memclr.o
        78          0          0          0          0         80   rt_memclr_w.o
       100          0          0          0          0         80   rt_memcpy_w.o
         2          0          0          0          0          0   rtexit.o
        10          0          0          0          0          0   rtexit2.o
      1272         16          0          0          0        168   scanf_fp.o
       800         14          0          0          0        100   scanf_hexfp.o
       308         16          0          0          0        100   scanf_infnan.o
        24          0          0          0          0         68   strcat.o
       128          0          0          0          0         68   strcmpv7m.o
        72          0          0          0          0         80   strcpy.o
        62          0          0          0          0         76   strlen.o
        36          0          0          0          0         80   strstr.o
       164         14          0          0          0        120   strtod.o
       112          0          0          0          0         88   strtol.o
        12          4          0          0          0         68   sys_exit.o
        74          0          0          0          0         80   sys_stackheap_outer.o
         2          0          0          0          0         68   use_no_semi.o
        98          4          0          0          0         92   d2f.o
       826         16          0          0          0        348   daddsub_clz.o
        16          4          0          0          0         68   dcheck1.o
        24          0          0          0          0         68   dcmpi.o
       688        140          0          0          0        208   ddiv.o
       120          4          0          0          0         92   deqf.o
        90          4          0          0          0         92   dfixu.o
        84          0          0          0          0        136   dflt_clz.o
       120          4          0          0          0         92   dleqf.o
       340         12          0          0          0        104   dmul.o
       156          4          0          0          0         92   dnaninf.o
        12          0          0          0          0         68   dretinf.o
       108          0          0          0          0         80   drleqf.o
       460         56          0          0          0        120   dsqrt_noumaal.o
        86          4          0          0          0         84   f2d.o
       430          8          0          0          0        168   faddsub_clz.o
       388         76          0          0          0         96   fdiv.o
        62          4          0          0          0         84   ffixu.o
        48          0          0          0          0         68   fflt_clz.o
       258          4          0          0          0         84   fmul.o
       140          4          0          0          0         84   fnaninf.o
         0          0         16          0          0          0   fpconst.o
        10          0          0          0          0         68   fretinf.o
         6          0          0          0          0         68   istatus.o
         4          0          0          0          0         68   printf1.o
       100          0          0          0          0         68   retnan.o
        92          0          0          0          0         68   scalbn.o
         4          0          0          0          0         68   scanf1.o
         8          0          0          0          0         84   scanf2.o
        48          0          0          0          0         68   trapv.o
         0          0          0          0          0          0   usenofp.o
        42          0          0          0          0         84   atof.o
        62         10          0          0          0        340   dunder.o
        40          0          0          0          0         68   fpclassify.o
        88          8          0          0          0         76   frexp.o
       138          0          0          0          0        160   ldexp.o
       204          4          0          0          0        168   narrow.o
       170          0          0          0          0         96   poly.o
      2520        190        136          0          0        324   pow.o
         0          0          8          0          0          0   qnan.o
        76          0          0          0          0         84   sqrt.o

    ----------------------------------------------------------------------
     17492        890        688          0        328       9664   Library Totals
        36          2         11          0          4          0   (incl. Padding)

    ----------------------------------------------------------------------

      Code (inc. data)   RO Data    RW Data    ZI Data      Debug   Library Name

      9290        328        517          0        324       5376   c_w.l
      4826        348         16          0          0       2888   fz_ws.l
      3340        212        144          0          0       1400   m_ws.l

    ----------------------------------------------------------------------
     17492        890        688          0        328       9664   Library Totals

    ----------------------------------------------------------------------

==============================================================================


      Code (inc. data)   RO Data    RW Data    ZI Data      Debug   

     47452       3586       2488         56      42136     704648   Grand Totals
     47452       3586       2488         56      42136     704648   ELF Image Totals
     47452       3586       2488         56          0          0   ROM Totals

==============================================================================

    Total RO  Size (Code + RO Data)                49940 (  48.77kB)
    Total RW  Size (RW Data + ZI Data)             42192 (  41.20kB)
    Total ROM Size (Code + RO Data + RW Data)      49996 (  48.82kB)

==============================================================================

