<html>
<body>
<pre>
<h1>µVision Build Log</h1>
<h2>Tool Versions:</h2>
IDE-Version: µVision V5.31.0.0
Copyright (C) 2020 ARM Ltd and ARM Germany GmbH. All rights reserved.
License Information: Asd das, eqw, LIC=14HV2-9YDMK-DY2V3-AALXA-0TQ5S-2A3Y3
 
Tool Versions:
Toolchain:       MDK-ARM Plus  Version: 5.31.0.0
Toolchain Path:  C:\Keil_v5\ARM\ARMCC\Bin
C Compiler:      Armcc.exe V5.06 update 6 (build 750)
Assembler:       Armasm.exe V5.06 update 6 (build 750)
Linker/Locator:  ArmLink.exe V5.06 update 6 (build 750)
Library Manager: ArmAr.exe V5.06 update 6 (build 750)
Hex Converter:   FromElf.exe V5.06 update 6 (build 750)
CPU DLL:         SARMCM3.DLL V5.31.0.0
Dialog DLL:      DCM.DLL V1.17.3.0
Target DLL:      STLink\ST-LINKIII-KEIL_SWO.dll V3.0.7.0
Dialog DLL:      TCM.DLL V1.46.0.0
 
<h2>Project:</h2>
C:\Users\NVDUNG\OneDrive\Desktop\STM321\STM321-1223\STM321-main\STM321-main\STM32_1014\GPS.uvprojx
Project File Date:  12/22/2022

<h2>Output:</h2>
*** Using Compiler 'V5.06 update 6 (build 750)', folder: 'C:\Keil_v5\ARM\ARMCC\Bin'
Build target 'GPS'
compiling flash.c...
src\flash.c(45): warning:  #177-D: variable "NVIsC_InitStructure"  was declared but never referenced
  	NVIC_InitTypeDef NVIsC_InitStructure;
src\flash.c: 1 warning, 0 errors
linking...
Program Size: Code=47252 RO-data=2488 RW-data=56 ZI-data=42136  
FromELF: creating hex file...
After Build - User command #1: C:\Keil_v5\ARM\ARMCC\bin\fromelf.exe --bin Objects\GRCGPSV6N.axf --output GRCGPSV6N.bin
".\Objects\GRCGPSV6N.axf" - 0 Error(s), 1 Warning(s).

<h2>Software Packages used:</h2>

Package Vendor: ARM
                http://www.keil.com/pack/ARM.CMSIS.4.5.0.pack
                ARM.CMSIS.4.5.0
                CMSIS (Cortex Microcontroller Software Interface Standard)
   * Component: CORE Version: 4.3.0

Package Vendor: Keil
                http://www.keil.com/pack/Keil.STM32F2xx_DFP.1.0.7.pack
                Keil.STM32F2xx_DFP.1.0.7
                STMicroelectronics STM32F2 Series Device Support, Drivers and Examples
   * Component: Startup Version: 1.0.0
   * Component: ADC Version: 1.1.0
   * Component: EXTI Version: 1.1.0
   * Component: Flash Version: 1.1.0
   * Component: Framework Version: 1.1.1
   * Component: GPIO Version: 1.1.0
   * Component: IWDG Version: 1.1.0
   * Component: PWR Version: 1.1.0
   * Component: RCC Version: 1.1.0
   * Component: RTC Version: 1.1.0
   * Component: SPI Version: 1.1.0
   * Component: SYSCFG Version: 1.1.0
   * Component: TIM Version: 1.1.0
   * Component: USART Version: 1.1.0

<h2>Collection of Component include folders:</h2>
  .\RTE\Device\STM32F205VE
  .\RTE\_GPS
  C:\Users\NVDUNG\AppData\Local\Arm\Packs\ARM\CMSIS\4.5.0\CMSIS\Include
  C:\Users\NVDUNG\AppData\Local\Arm\Packs\Keil\STM32F2xx_DFP\1.0.7\Device\Include
  C:\Users\NVDUNG\AppData\Local\Arm\Packs\Keil\STM32F2xx_DFP\1.0.7\Device\StdPeriph_Driver\inc

<h2>Collection of Component Files used:</h2>

   * Component: ARM::CMSIS:CORE:4.3.0

   * Component: Keil::Device:Startup:1.0.0
      Source file:   Device\Source\ARM\STM32F2xx_OTP.s
      Source file:   Device\Source\system_stm32f2xx.c
      Source file:   Device\Source\ARM\startup_stm32f2xx.s
      Include file:  RTE_Driver\Config\RTE_Device.h
      Source file:   Device\Source\ARM\STM32F2xx_OPT.s
      Include file:  Device\Include\stm32f2xx.h

   * Component: Keil::Device:StdPeriph Drivers:ADC:1.1.0
      Include file:  Device\StdPeriph_Driver\inc\stm32f2xx_adc.h
      Source file:   Device\StdPeriph_Driver\src\stm32f2xx_adc.c

   * Component: Keil::Device:StdPeriph Drivers:EXTI:1.1.0
      Source file:   Device\StdPeriph_Driver\src\stm32f2xx_exti.c
      Include file:  Device\StdPeriph_Driver\inc\stm32f2xx_exti.h

   * Component: Keil::Device:StdPeriph Drivers:Flash:1.1.0
      Source file:   Device\StdPeriph_Driver\src\stm32f2xx_flash.c
      Include file:  Device\StdPeriph_Driver\inc\stm32f2xx_flash.h

   * Component: Keil::Device:StdPeriph Drivers:Framework:1.1.1
      Source file:   Device\StdPeriph_Driver\templates\stm32f2xx_it.c
      Source file:   Device\StdPeriph_Driver\src\misc.c
      Source file:   Device\StdPeriph_Driver\templates\stm32f2xx_conf.h

   * Component: Keil::Device:StdPeriph Drivers:GPIO:1.1.0
      Source file:   Device\StdPeriph_Driver\src\stm32f2xx_gpio.c
      Include file:  Device\StdPeriph_Driver\inc\stm32f2xx_gpio.h

   * Component: Keil::Device:StdPeriph Drivers:IWDG:1.1.0
      Include file:  Device\StdPeriph_Driver\inc\stm32f2xx_iwdg.h
      Source file:   Device\StdPeriph_Driver\src\stm32f2xx_iwdg.c

   * Component: Keil::Device:StdPeriph Drivers:PWR:1.1.0
      Source file:   Device\StdPeriph_Driver\src\stm32f2xx_pwr.c
      Include file:  Device\StdPeriph_Driver\inc\stm32f2xx_pwr.h

   * Component: Keil::Device:StdPeriph Drivers:RCC:1.1.0
      Include file:  Device\StdPeriph_Driver\inc\stm32f2xx_rcc.h
      Source file:   Device\StdPeriph_Driver\src\stm32f2xx_rcc.c

   * Component: Keil::Device:StdPeriph Drivers:RTC:1.1.0
      Source file:   Device\StdPeriph_Driver\src\stm32f2xx_rtc.c
      Include file:  Device\StdPeriph_Driver\inc\stm32f2xx_rtc.h

   * Component: Keil::Device:StdPeriph Drivers:SPI:1.1.0
      Include file:  Device\StdPeriph_Driver\inc\stm32f2xx_spi.h
      Source file:   Device\StdPeriph_Driver\src\stm32f2xx_spi.c

   * Component: Keil::Device:StdPeriph Drivers:SYSCFG:1.1.0
      Include file:  Device\StdPeriph_Driver\inc\stm32f2xx_syscfg.h
      Source file:   Device\StdPeriph_Driver\src\stm32f2xx_syscfg.c

   * Component: Keil::Device:StdPeriph Drivers:TIM:1.1.0
      Include file:  Device\StdPeriph_Driver\inc\stm32f2xx_tim.h
      Source file:   Device\StdPeriph_Driver\src\stm32f2xx_tim.c

   * Component: Keil::Device:StdPeriph Drivers:USART:1.1.0
      Include file:  Device\StdPeriph_Driver\inc\stm32f2xx_usart.h
      Source file:   Device\StdPeriph_Driver\src\stm32f2xx_usart.c
Build Time Elapsed:  00:00:01
</pre>
</body>
</html>
